EN/S08_09_Retail_Analytics/data/cereals_data_filtered.csv
WEEK_END_DATE,STORE_NUM,UPC,UNITS,VISITS,HHS,SPEND,PRICE,BASE_PRICE,FEATURE,DISPLAY,TPR_ONLY
2009-01-14,389,1111009477,71,68,68,98.69,1.39,1.39,0,0,0
2009-01-21,389,1111009477,78,67,67,107.64,1.38,1.38,0,0,0
2009-01-28,389,1111009477,66,54,53,91.08,1.38,1.38,0,0,0
2009-02-04,389,1111009477,82,73,72,113.16,1.38,1.38,0,0,0
2009-02-11,389,1111009477,68,57,57,101.32,1.49,1.49,0,0,0
2009-02-18,389,1111009477,76,67,66,113.24,1.49,1.49,0,0,0
2009-02-25,389,1111009477,71,57,55,105.79,1.49,1.49,0,0,0
2009-03-04,389,1111009477,81,68,68,119.88,1.48,1.48,0,0,0
2009-03-11,389,1111009477,75,62,62,109.5,1.46,1.46,0,0,0
2009-03-18,389,1111009477,72,58,57,106.56,1.48,1.48,0,0,0
2009-03-25,389,1111009477,68,56,56,101.32,1.49,1.49,0,0,0
2009-04-01,389,1111009477,63,55,54,91.35,1.45,1.45,0,0,0
2009-04-08,389,1111009477,99,87,87,145.53,1.47,1.45,0,1,0
2009-04-15,389,1111009477,93,82,82,138.57,1.49,1.49,0,0,0
2009-04-22,389,1111009477,104,98,95,127.92,1.23,1.49,0,1,0
2009-04-29,389,1111009477,109,92,91,134.07,1.23,1.49,0,1,0
2009-05-06,389,1111009477,119,103,103,145.18,1.22,1.49,0,1,0
2009-05-13,389,1111009477,136,113,112,168.64,1.24,1.49,0,1,0
2009-01-14,389,1111009497,78,68,66,106.86,1.37,1.37,0,0,0
2009-01-21,389,1111009497,74,66,66,102.12,1.38,1.38,0,0,0
2009-01-28,389,1111009497,63,55,54,86.31,1.37,1.37,0,0,0
2009-02-04,389,1111009497,56,48,48,76.72,1.37,1.37,0,0,0
2009-02-11,389,1111009497,74,68,63,110.26,1.49,1.49,0,0,0
2009-02-18,389,1111009497,66,56,54,97.68,1.48,1.48,0,0,0
2009-02-25,389,1111009497,66,61,61,99.0,1.5,1.5,0,0,0
2009-03-04,389,1111009497,65,60,58,96.85,1.49,1.49,0,0,0
2009-03-11,389,1111009497,67,59,59,97.82,1.46,1.46,0,0,0
2009-03-18,389,1111009497,82,71,70,121.36,1.48,1.48,0,0,0
2009-03-25,389,1111009497,70,62,60,102.2,1.46,1.46,0,0,0
2009-04-01,389,1111009497,72,59,59,106.56,1.48,1.48,0,0,0
2009-04-08,389,1111009497,118,108,107,175.82,1.49,1.49,0,0,0
2009-04-15,389,1111009497,111,96,95,163.17,1.47,1.47,0,0,0
2009-04-22,389,1111009497,107,93,92,132.68,1.24,1.47,0,1,0
2009-04-29,389,1111009497,105,93,93,130.2,1.24,1.47,0,1,0
2009-05-06,389,1111009497,127,113,111,154.94,1.22,1.47,0,1,0
2009-05-13,389,1111009497,133,121,120,164.92,1.24,1.47,0,1,0
2009-01-14,389,1600027527,52,51,51,156.52,3.01,3.01,0,0,0
2009-01-21,389,1600027527,62,59,58,197.78,3.19,3.19,0,0,0
2009-01-28,389,1600027527,61,58,58,194.59,3.19,3.19,0,0,0
2009-02-04,389,1600027527,51,49,49,162.69,3.19,3.19,0,0,0
2009-02-11,389,1600027527,834,599,576,1376.1,1.65,3.19,1,1,0
2009-02-18,389,1600027527,492,376,366,816.72,1.66,3.19,0,1,0
2009-02-25,389,1600027527,631,457,447,1034.84,1.64,3.19,1,1,0
2009-03-04,389,1600027527,82,55,55,135.3,1.65,3.19,0,1,0
2009-03-11,389,1600027527,71,65,65,204.48,2.88,2.88,0,0,0
2009-03-18,389,1600027527,82,66,66,224.68,2.74,2.74,0,0,0
2009-03-25,389,1600027527,73,63,63,223.38,3.06,3.06,0,0,0
2009-04-01,389,1600027527,68,61,59,201.28,2.96,2.96,0,0,0
2009-04-08,389,1600027527,71,68,66,220.1,3.1,3.1,0,0,0
2009-04-15,389,1600027527,72,67,67,213.84,2.97,2.97,0,0,0
2009-04-22,389,1600027527,57,55,55,165.87,2.91,2.91,0,0,0
2009-04-29,389,1600027527,60,56,56,191.4,3.19,3.19,0,0,0
2009-05-06,389,1600027527,267,181,176,536.67,2.01,3.19,1,1,0
2009-05-13,389,1600027527,65,60,58,198.25,3.05,3.05,0,0,0
2009-01-14,389,1600027564,147,122,121,358.68,2.44,2.7,1,0,0
2009-01-21,389,1600027564,90,85,83,243.0,2.7,2.7,0,0,0
2009-01-28,389,1600027564,45,45,44,143.55,3.19,3.19,0,0,0
2009-02-04,389,1600027564,49,45,43,156.31,3.19,3.19,0,0,0
2009-02-11,389,1600027564,60,57,57,73.2,1.22,3.19,0,0,1
2009-02-18,389,1600027564,93,91,90,98.58,1.06,3.19,0,0,1
2009-02-25,389,1600027564,87,81,78,153.12,1.76,3.19,0,0,1
2009-03-04,389,1600027564,80,78,76,152.8,1.91,3.19,0,0,1
2009-03-11,389,1600027564,94,88,87,213.38,2.27,3.19,0,0,1
2009-03-18,389,1600027564,64,61,56,140.16,2.19,3.19,0,0,1
2009-03-25,389,1600027564,75,69,64,165.75,2.21,2.21,0,0,0
2009-04-01,389,1600027564,70,64,59,178.5,2.55,2.55,0,0,0
2009-04-08,389,1600027564,55,52,52,150.15,2.73,2.73,0,0,0
2009-04-15,389,1600027564,67,65,60,181.57,2.71,2.71,0,0,0
2009-04-22,389,1600027564,59,57,55,146.91,2.49,2.49,0,0,0
2009-04-29,389,1600027564,52,51,49,165.88,3.19,3.19,0,0,0
2009-05-06,389,1600027564,45,38,37,143.55,3.19,3.19,0,0,0
2009-05-13,389,1600027564,84,77,76,242.76,2.89,2.89,0,0,0
2009-01-14,613,1111009477,76,66,66,93.48,1.23,1.23,0,1,0
2009-01-21,613,1111009477,114,93,92,112.86,0.99,1.23,1,1,0
2009-01-28,613,1111009477,66,63,61,64.68,0.98,1.23,0,1,0
2009-02-04,613,1111009477,73,64,62,73.73,1.01,1.23,0,1,0
2009-02-11,613,1111009477,68,59,57,68.68,1.01,1.23,0,1,0
2009-02-18,613,1111009477,88,74,71,87.12,0.99,1.23,0,0,1
2009-02-25,613,1111009477,60,47,45,59.4,0.99,1.23,0,0,1
2009-03-04,613,1111009477,69,59,59,67.62,0.98,1.23,1,1,0
2009-03-11,613,1111009477,35,33,33,35.0,1.0,1.23,0,1,0
2009-03-18,613,1111009477,36,31,31,42.48,1.18,1.18,0,0,0
2009-03-25,613,1111009477,36,31,31,44.28,1.23,1.23,0,0,0
2009-04-01,613,1111009477,41,34,34,49.61,1.21,1.21,0,0,0
2009-04-08,613,1111009477,41,36,36,50.84,1.24,1.24,0,0,0
2009-04-15,613,1111009477,43,38,38,52.03,1.21,1.21,0,0,0
2009-04-22,613,1111009477,51,40,39,62.73,1.23,1.23,0,0,0
2009-04-29,613,1111009477,54,40,39,66.96,1.24,1.24,0,0,0
2009-05-06,613,1111009477,42,33,33,51.66,1.23,1.23,0,0,0
2009-05-13,613,1111009477,53,45,44,65.72,1.24,1.24,0,0,0
2009-01-14,613,1111009497,86,77,76,106.64,1.24,1.24,0,1,0
2009-01-21,613,1111009497,101,91,90,99.99,0.99,1.24,1,1,0
2009-01-28,613,1111009497,116,101,101,116.0,1.0,1.24,0,1,0
2009-02-04,613,1111009497,99,85,83,100.98,1.02,1.24,0,0,1
2009-02-11,613,1111009497,52,45,44,64.48,1.24,1.24,0,0,0
2009-02-18,613,1111009497,58,52,51,57.42,0.99,1.24,0,0,1
2009-02-25,613,1111009497,39,36,36,38.61,0.99,1.24,0,0,1
2009-03-04,613,1111009497,109,90,88,105.73,0.97,1.24,1,1,0
2009-03-11,613,1111009497,52,46,45,53.04,1.02,1.24,0,1,0
2009-03-18,613,1111009497,56,47,46,70.0,1.25,1.25,0,0,0
2009-03-25,613,1111009497,34,31,31,42.16,1.24,1.24,0,0,0
2009-04-01,613,1111009497,51,46,46,63.24,1.24,1.24,0,0,0
2009-04-08,613,1111009497,59,49,49,70.8,1.2,1.2,0,0,0
2009-04-15,613,1111009497,51,43,42,63.24,1.24,1.24,0,0,0
2009-04-22,613,1111009497,44,40,39,53.68,1.22,1.22,0,0,0
2009-04-29,613,1111009497,45,42,41,56.25,1.25,1.25,0,0,0
2009-05-06,613,1111009497,63,50,50,78.12,1.24,1.24,0,0,0
2009-05-13,613,1111009497,49,41,41,60.27,1.23,1.23,0,0,0
2009-01-14,613,3800031838,47,45,42,140.53,2.99,2.99,0,0,0
2009-01-21,613,3800031838,20,20,20,59.8,2.99,2.99,0,0,0
2009-01-28,613,3800031838,35,34,34,104.65,2.99,2.99,0,0,0
2009-02-04,613,3800031838,35,34,34,104.65,2.99,2.99,0,0,0
2009-02-11,613,3800031838,29,28,28,77.72,2.68,2.99,0,0,1
2009-02-18,613,3800031838,24,24,24,62.88,2.62,2.99,0,0,1
2009-02-25,613,3800031838,31,29,29,88.35,2.85,2.85,0,0,0
2009-03-04,613,3800031838,26,26,26,77.74,2.99,2.99,0,0,0
2009-03-11,613,3800031838,21,20,20,53.76,2.56,2.99,0,0,1
2009-03-18,613,3800031838,21,21,21,62.79,2.99,2.99,0,0,0
2009-03-25,613,3800031838,33,33,32,95.7,2.9,2.9,0,0,0
2009-04-01,613,3800031838,28,28,28,77.84,2.78,2.78,0,0,0
2009-04-08,613,3800031838,31,31,31,92.69,2.99,2.99,0,0,0
2009-04-15,613,3800031838,21,21,21,62.79,2.99,2.99,0,0,0
2009-04-22,613,3800031838,25,25,25,74.75,2.99,2.99,0,0,0
2009-04-29,613,3800031838,25,24,24,74.75,2.99,2.99,0,0,0
2009-05-06,613,3800031838,21,21,21,59.85,2.85,2.85,0,0,0
2009-05-13,613,3800031838,168,143,142,332.64,1.98,2.85,1,1,0
2009-01-14,623,1111009497,42,39,38,49.56,1.18,1.18,0,1,0
2009-01-21,623,1111009497,42,39,38,40.74,0.97,1.18,1,0,0
2009-01-28,623,1111009497,33,31,31,32.34,0.98,1.18,0,0,1
2009-02-04,623,1111009497,36,34,34,42.84,1.19,1.19,0,0,0
2009-02-11,623,1111009497,23,20,20,27.14,1.18,1.18,0,0,0
2009-02-18,623,1111009497,32,28,28,37.76,1.18,1.18,0,0,0
2009-02-25,623,1111009497,27,26,26,31.59,1.17,1.17,0,0,0
2009-03-04,623,1111009497,72,64,63,70.56,0.98,1.17,1,1,0
2009-03-11,623,1111009497,33,28,28,36.63,1.11,1.11,0,0,0
2009-03-18,623,1111009497,27,23,23,31.86,1.18,1.18,0,0,0
2009-03-25,623,1111009497,30,28,28,35.1,1.17,1.17,0,0,0
2009-04-01,623,1111009497,35,32,32,39.9,1.14,1.14,0,0,0
2009-04-08,623,1111009497,23,18,18,26.91,1.17,1.17,0,0,0
2009-04-15,623,1111009497,32,29,29,37.12,1.16,1.16,0,0,0
2009-04-22,623,1111009497,39,34,34,46.02,1.18,1.18,0,0,0
2009-04-29,623,1111009497,37,36,36,43.66,1.18,1.18,0,0,0
2009-05-06,623,1111009497,33,29,29,38.94,1.18,1.18,0,0,0
2009-05-13,623,1111009497,30,28,27,35.4,1.18,1.18,0,0,0
2009-01-14,623,1600027527,57,55,54,181.83,3.19,3.19,0,0,0
2009-01-21,623,1600027527,34,34,33,108.46,3.19,3.19,0,0,0
2009-01-28,623,1600027527,41,40,40,130.79,3.19,3.19,0,0,0
2009-02-04,623,1600027527,60,58,57,191.4,3.19,3.19,0,0,0
2009-02-11,623,1600027527,357,246,237,585.48,1.64,3.19,1,1,0
2009-02-18,623,1600027527,269,194,191,449.23,1.67,3.19,0,1,0
2009-02-25,623,1600027527,276,192,183,460.92,1.67,3.19,1,1,0
2009-03-04,623,1600027527,126,91,89,211.68,1.68,3.19,0,1,0
2009-03-11,623,1600027527,42,34,33,129.36,3.08,3.08,0,0,0
2009-03-18,623,1600027527,42,40,40,130.62,3.11,3.11,0,0,0
2009-03-25,623,1600027527,48,48,48,153.12,3.19,3.19,0,0,0
2009-04-01,623,1600027527,42,41,41,133.98,3.19,3.19,0,0,0
2009-04-08,623,1600027527,48,48,48,149.76,3.12,3.12,0,0,0
2009-04-15,623,1600027527,46,45,45,143.52,3.12,3.12,0,0,0
2009-04-22,623,1600027527,50,48,48,159.5,3.19,3.19,0,0,0
2009-04-29,623,1600027527,48,45,45,153.12,3.19,3.19,0,0,0
2009-05-06,623,1600027527,95,76,74,190.95,2.01,3.19,1,0,0
2009-05-13,623,1600027527,48,47,46,127.68,2.66,3.19,0,0,1
2009-01-14,623,3800031838,37,36,36,106.93,2.89,2.89,0,0,0
2009-01-21,623,3800031838,29,29,28,83.81,2.89,2.89,0,0,0
2009-01-28,623,3800031838,33,33,33,95.37,2.89,2.89,0,0,0
2009-02-04,623,3800031838,23,23,23,66.47,2.89,2.89,0,0,0
2009-02-11,623,3800031838,32,32,32,75.2,2.35,2.89,0,0,1
2009-02-18,623,3800031838,31,30,30,83.7,2.7,2.7,0,0,0
2009-02-25,623,3800031838,37,37,37,95.46,2.58,2.58,0,0,0
2009-03-04,623,3800031838,34,34,33,95.54,2.81,2.81,0,0,0
2009-03-11,623,3800031838,29,29,29,78.01,2.69,2.69,0,0,0
2009-03-18,623,3800031838,23,23,23,60.72,2.64,2.64,0,0,0
2009-03-25,623,3800031838,33,33,32,92.4,2.8,2.8,0,0,0
2009-04-01,623,3800031838,28,28,28,78.12,2.79,2.79,0,0,0
2009-04-08,623,3800031838,34,36,34,98.26,2.89,2.89,0,0,0
2009-04-15,623,3800031838,31,30,30,89.59,2.89,2.89,0,0,0
2009-04-22,623,3800031838,34,36,36,98.26,2.89,2.89,0,0,0
2009-04-29,623,3800031838,35,34,34,101.15,2.89,2.89,0,0,0
2009-05-06,623,3800031838,26,26,26,72.28,2.78,2.78,0,0,0
2009-05-13,623,3800031838,136,123,119,265.2,1.95,2.78,1,1,0
2009-01-14,2279,1111009477,66,62,62,91.08,1.38,1.38,0,0,0
2009-01-21,2279,1111009477,69,57,53,95.22,1.38,1.38,0,0,0
2009-01-28,2279,1111009477,55,50,49,75.9,1.38,1.38,0,0,0
2009-02-04,2279,1111009477,81,73,73,110.97,1.37,1.37,0,0,0
2009-02-11,2279,1111009477,75,65,65,111.75,1.49,1.49,0,0,0
2009-02-18,2279,1111009477,67,57,57,99.83,1.49,1.49,0,0,0
2009-02-25,2279,1111009477,70,62,61,104.3,1.49,1.49,0,0,0
2009-03-04,2279,1111009477,63,54,54,94.5,1.5,1.5,0,0,0
2009-03-11,2279,1111009477,57,51,51,84.93,1.49,1.49,0,0,0
2009-03-18,2279,1111009477,59,48,47,88.5,1.5,1.5,0,0,0
2009-03-25,2279,1111009477,74,65,64,108.78,1.47,1.5,0,1,0
2009-04-01,2279,1111009477,72,58,58,106.56,1.48,1.5,0,1,0
2009-04-08,2279,1111009477,88,71,71,131.12,1.49,1.5,0,1,0
2009-04-15,2279,1111009477,47,43,43,69.56,1.48,1.48,0,0,0
2009-04-22,2279,1111009477,69,53,52,102.12,1.48,1.48,0,0,0
2009-04-29,2279,1111009477,54,48,48,80.46,1.49,1.49,0,0,0
2009-05-06,2279,1111009477,77,62,61,114.73,1.49,1.49,0,0,0
2009-05-13,2279,1111009477,62,55,53,92.38,1.49,1.49,0,0,0
2009-01-14,2279,1600027527,36,35,34,105.12,2.92,2.92,0,0,0
2009-01-21,2279,1600027527,29,27,27,92.51,3.19,3.19,0,0,0
2009-01-28,2279,1600027527,34,31,31,108.46,3.19,3.19,0,0,0
2009-02-04,2279,1600027527,43,43,42,137.17,3.19,3.19,0,0,0
2009-02-11,2279,1600027527,528,347,333,855.36,1.62,3.19,1,1,0
2009-02-18,2279,1600027527,263,216,208,423.43,1.61,3.19,0,1,0
2009-02-25,2279,1600027527,315,250,243,510.3,1.62,3.19,1,1,0
2009-03-04,2279,1600027527,104,75,75,170.56,1.64,3.19,0,1,0
2009-03-11,2279,1600027527,39,35,35,111.54,2.86,3.19,0,0,1
2009-03-18,2279,1600027527,36,33,33,102.24,2.84,3.19,0,0,1
2009-03-25,2279,1600027527,45,39,37,134.1,2.98,2.98,0,0,0
2009-04-01,2279,1600027527,43,42,42,117.82,2.74,2.74,0,0,0
2009-04-08,2279,1600027527,41,41,41,121.36,2.96,2.96,0,0,0
2009-04-15,2279,1600027527,30,28,27,95.7,3.19,3.19,0,0,0
2009-04-22,2279,1600027527,42,40,40,124.32,2.96,2.96,0,0,0
2009-04-29,2279,1600027527,26,26,26,82.94,3.19,3.19,0,0,0
2009-05-06,2279,1600027527,173,126,125,346.0,2.0,3.19,1,1,0
2009-05-13,2279,1600027527,35,32,32,105.35,3.01,3.01,0,0,0
2009-01-14,2279,1600027564,113,90,89,270.07,2.39,2.96,1,0,0
2009-01-21,2279,1600027564,66,62,61,177.54,2.69,2.69,0,0,0
2009-01-28,2279,1600027564,34,34,33,108.46,3.19,3.19,0,0,0
2009-02-04,2279,1600027564,42,38,38,133.98,3.19,3.19,0,0,0
2009-02-11,2279,1600027564,60,59,59,70.2,1.17,3.19,0,0,1
2009-02-18,2279,1600027564,42,42,42,47.88,1.14,3.19,0,0,1
2009-02-25,2279,1600027564,73,68,66,111.69,1.53,3.19,0,0,1
2009-03-04,2279,1600027564,35,34,34,57.4,1.64,3.19,0,0,1
2009-03-11,2279,1600027564,43,40,39,101.91,2.37,3.19,0,0,1
2009-03-18,2279,1600027564,49,49,49,113.19,2.31,3.19,0,0,1
2009-03-25,2279,1600027564,40,37,37,102.8,2.57,2.57,0,0,0
2009-04-01,2279,1600027564,28,29,29,70.28,2.51,2.51,0,0,0
2009-04-08,2279,1600027564,48,45,44,104.64,2.18,2.51,0,0,1
2009-04-15,2279,1600027564,36,33,33,82.8,2.3,2.3,0,0,0
2009-04-22,2279,1600027564,39,38,37,99.06,2.54,2.54,0,0,0
2009-04-29,2279,1600027564,23,22,22,73.37,3.19,3.19,0,0,0
2009-05-06,2279,1600027564,25,23,22,79.75,3.19,3.19,0,0,0
2009-05-13,2279,1600027564,39,34,34,111.54,2.86,3.19,0,0,1
2009-01-14,2279,3800031838,29,28,28,86.71,2.99,2.99,0,0,0
2009-01-21,2279,3800031838,24,24,23,71.76,2.99,2.99,0,0,0
2009-01-28,2279,3800031838,24,24,24,71.76,2.99,2.99,0,0,0
2009-02-04,2279,3800031838,25,24,22,74.75,2.99,2.99,0,0,0
2009-02-11,2279,3800031838,21,21,21,38.85,1.85,2.99,0,0,1
2009-02-18,2279,3800031838,19,18,18,44.84,2.36,2.99,0,0,1
2009-02-25,2279,3800031838,20,17,17,49.0,2.45,2.99,0,0,1
2009-03-04,2279,3800031838,22,22,22,56.76,2.58,2.99,0,0,1
2009-03-11,2279,3800031838,16,15,15,35.84,2.24,2.99,0,0,1
2009-03-18,2279,3800031838,30,28,28,86.7,2.89,2.89,0,0,0
2009-03-25,2279,3800031838,32,29,29,89.6,2.8,2.8,0,0,0
2009-04-01,2279,3800031838,13,12,12,35.88,2.76,2.76,0,0,0
2009-04-08,2279,3800031838,24,24,24,68.64,2.86,2.86,0,0,0
2009-04-15,2279,3800031838,22,21,21,60.06,2.73,2.73,0,0,0
2009-04-22,2279,3800031838,17,17,17,50.83,2.99,2.99,0,0,0
2009-04-29,2279,3800031838,21,21,21,62.79,2.99,2.99,0,0,0
2009-05-06,2279,3800031838,25,25,25,74.75,2.99,2.99,0,0,0
2009-05-13,2279,3800031838,105,94,93,208.95,1.99,2.99,1,1,0
2009-01-14,2281,1111009477,65,56,54,89.05,1.37,1.37,0,0,0
2009-01-21,2281,1111009477,65,57,57,89.7,1.38,1.38,0,0,0
2009-01-28,2281,1111009477,73,65,63,100.01,1.37,1.37,0,0,0
2009-02-04,2281,1111009477,69,60,59,94.53,1.37,1.37,0,0,0
2009-02-11,2281,1111009477,73,60,60,108.77,1.49,1.49,0,0,0
2009-02-18,2281,1111009477,81,67,66,120.69,1.49,1.49,0,0,0
2009-02-25,2281,1111009477,74,59,59,109.52,1.48,1.48,0,0,0
2009-03-04,2281,1111009477,86,77,74,128.14,1.49,1.49,0,0,0
2009-03-11,2281,1111009477,70,57,57,102.2,1.46,1.46,0,0,0
2009-03-18,2281,1111009477,108,89,86,157.68,1.46,1.46,0,0,0
2009-03-25,2281,1111009477,106,91,90,157.94,1.49,1.49,0,0,0
2009-04-01,2281,1111009477,100,87,86,147.0,1.47,1.47,0,0,0
2009-04-08,2281,1111009477,81,67,64,120.69,1.49,1.49,0,0,0
2009-04-15,2281,1111009477,63,56,55,93.87,1.49,1.49,0,0,0
2009-04-22,2281,1111009477,61,54,54,90.89,1.49,1.49,0,0,0
2009-04-29,2281,1111009477,65,55,55,95.55,1.47,1.47,0,0,0
2009-05-06,2281,1111009477,75,62,60,111.0,1.48,1.48,0,0,0
2009-05-13,2281,1111009477,70,57,55,102.9,1.47,1.47,0,0,0
2009-01-14,2281,1111009497,51,46,45,69.87,1.37,1.37,0,0,0
2009-01-21,2281,1111009497,64,54,54,88.32,1.38,1.38,0,0,0
2009-01-28,2281,1111009497,58,53,52,80.04,1.38,1.38,0,0,0
2009-02-04,2281,1111009497,69,59,58,95.22,1.38,1.38,0,0,0
2009-02-11,2281,1111009497,58,55,53,85.84,1.48,1.48,0,0,0
2009-02-18,2281,1111009497,63,57,56,93.87,1.49,1.49,0,0,0
2009-02-25,2281,1111009497,69,60,60,102.12,1.48,1.48,0,0,0
2009-03-04,2281,1111009497,75,64,64,110.25,1.47,1.47,0,0,0
2009-03-11,2281,1111009497,83,67,65,120.35,1.45,1.45,0,0,0
2009-03-18,2281,1111009497,99,85,84,146.52,1.48,1.48,0,0,0
2009-03-25,2281,1111009497,101,88,87,149.48,1.48,1.48,0,0,0
2009-04-01,2281,1111009497,111,99,97,163.17,1.47,1.47,0,0,0
2009-04-08,2281,1111009497,108,98,98,159.84,1.48,1.48,0,0,0
2009-04-15,2281,1111009497,64,56,56,94.08,1.47,1.47,0,0,0
2009-04-22,2281,1111009497,71,63,62,105.79,1.49,1.49,0,0,0
2009-04-29,2281,1111009497,62,51,51,91.14,1.47,1.47,0,0,0
2009-05-06,2281,1111009497,67,54,54,99.83,1.49,1.49,0,0,0
2009-05-13,2281,1111009497,60,55,54,88.8,1.48,1.48,0,0,0
2009-01-14,2281,1600027564,215,179,175,552.55,2.57,2.88,1,0,0
2009-01-21,2281,1600027564,70,65,65,182.0,2.6,2.6,0,0,0
2009-01-28,2281,1600027564,81,75,74,258.39,3.19,3.19,0,0,0
2009-02-04,2281,1600027564,93,80,75,296.67,3.19,3.19,0,0,0
2009-02-11,2281,1600027564,101,97,94,152.51,1.51,3.19,0,0,1
2009-02-18,2281,1600027564,100,93,90,118.0,1.18,3.19,0,0,1
2009-02-25,2281,1600027564,123,120,116,239.85,1.95,3.19,0,0,1
2009-03-04,2281,1600027564,103,94,93,223.51,2.17,3.19,0,0,1
2009-03-11,2281,1600027564,105,99,95,255.15,2.43,3.19,0,0,1
2009-03-18,2281,1600027564,88,87,85,204.16,2.32,3.19,0,0,1
2009-03-25,2281,1600027564,90,77,75,236.7,2.63,2.63,0,0,0
2009-04-01,2281,1600027564,78,75,75,194.22,2.49,2.49,0,0,0
2009-04-08,2281,1600027564,93,84,83,248.31,2.67,2.67,0,0,0
2009-04-15,2281,1600027564,82,78,77,230.42,2.81,2.81,0,0,0
2009-04-22,2281,1600027564,78,72,71,201.24,2.58,2.58,0,0,0
2009-04-29,2281,1600027564,51,50,50,162.69,3.19,3.19,0,0,0
2009-05-06,2281,1600027564,55,53,53,175.45,3.19,3.19,0,0,0
2009-05-13,2281,1600027564,87,81,79,239.25,2.75,3.19,0,0,1
