EN/S08_09_Retail_Analytics/data/cereals_data_filtered.csv
WEEK_END_DATE,STORE_NUM,UPC,UNITS,VISITS,HHS,SPEND,PRICE,BASE_PRICE,FEATURE,DISPLAY,TPR_ONLY
2009-01-14,2495,1111009477,43,37,37,50.74,1.18,1.18,0,0,0
2009-01-21,2495,1111009477,51,47,47,49.98,0.98,1.18,1,0,0
2009-01-28,2495,1111009477,35,32,32,34.65,0.99,1.18,0,0,1
2009-02-04,2495,1111009477,37,36,35,42.92,1.16,1.16,0,0,0
2009-02-11,2495,1111009477,38,35,35,44.46,1.17,1.17,0,0,0
2009-02-18,2495,1111009477,22,22,22,25.52,1.16,1.16,0,0,0
2009-02-25,2495,1111009477,32,26,26,37.44,1.17,1.17,0,0,0
2009-03-04,2495,1111009477,53,39,39,51.41,0.97,1.17,1,0,0
2009-03-11,2495,1111009477,21,19,18,24.15,1.15,1.15,0,0,0
2009-03-18,2495,1111009477,24,18,18,27.36,1.14,1.14,0,0,0
2009-03-25,2495,1111009477,15,15,15,17.4,1.16,1.16,0,0,0
2009-04-01,2495,1111009477,23,17,17,26.22,1.14,1.14,0,0,0
2009-04-08,2495,1111009477,30,21,21,35.1,1.17,1.17,0,0,0
2009-04-15,2495,1111009477,21,15,15,24.78,1.18,1.18,0,0,0
2009-04-22,2495,1111009477,18,14,14,21.24,1.18,1.18,0,0,0
2009-04-29,2495,1111009477,18,15,15,20.88,1.16,1.16,0,0,0
2009-05-06,2495,1111009477,22,19,19,25.52,1.16,1.16,0,0,0
2009-05-13,2495,1111009477,19,13,13,22.23,1.17,1.17,0,0,0
2009-01-14,2495,1111009497,21,21,20,24.99,1.19,1.19,0,0,0
2009-01-21,2495,1111009497,64,59,59,63.36,0.99,1.19,1,0,0
2009-01-28,2495,1111009497,40,37,37,39.6,0.99,1.19,0,0,1
2009-02-04,2495,1111009497,37,35,35,43.29,1.17,1.17,0,0,0
2009-02-11,2495,1111009497,51,48,48,60.18,1.18,1.18,0,0,0
2009-02-18,2495,1111009497,60,53,53,70.2,1.17,1.17,0,0,0
2009-02-25,2495,1111009497,47,44,44,54.99,1.17,1.17,0,0,0
2009-03-04,2495,1111009497,86,77,76,85.14,0.99,1.17,1,0,0
2009-03-11,2495,1111009497,42,38,38,48.72,1.16,1.16,0,0,0
2009-03-18,2495,1111009497,35,34,34,40.95,1.17,1.17,0,0,0
2009-03-25,2495,1111009497,19,17,17,22.42,1.18,1.18,0,0,0
2009-04-01,2495,1111009497,19,19,18,22.42,1.18,1.18,0,0,0
2009-04-08,2495,1111009497,25,25,25,28.25,1.13,1.13,0,0,0
2009-04-15,2495,1111009497,25,19,19,29.75,1.19,1.19,0,0,0
2009-04-22,2495,1111009497,26,24,24,30.94,1.19,1.19,0,0,0
2009-04-29,2495,1111009497,21,20,20,24.57,1.17,1.17,0,0,0
2009-05-06,2495,1111009497,15,15,15,17.55,1.17,1.17,0,0,0
2009-05-13,2495,1111009497,18,17,17,21.24,1.18,1.18,0,0,0
2009-01-14,2495,1600027527,37,36,36,118.03,3.19,3.19,0,0,0
2009-01-21,2495,1600027527,25,24,24,79.75,3.19,3.19,0,0,0
2009-01-28,2495,1600027527,33,28,28,105.27,3.19,3.19,0,0,0
2009-02-04,2495,1600027527,56,53,53,138.88,2.48,3.19,0,0,1
2009-02-11,2495,1600027527,261,174,171,430.65,1.65,3.19,1,1,0
2009-02-18,2495,1600027527,147,97,97,245.49,1.67,3.19,0,0,1
2009-02-25,2495,1600027527,266,166,162,446.88,1.68,3.19,1,1,0
2009-03-04,2495,1600027527,94,73,73,156.04,1.66,3.19,0,1,0
2009-03-11,2495,1600027527,34,31,30,105.4,3.1,3.1,0,0,0
2009-03-18,2495,1600027527,38,34,34,121.22,3.19,3.19,0,0,0
2009-03-25,2495,1600027527,31,30,30,95.79,3.09,3.09,0,0,0
2009-04-01,2495,1600027527,41,39,39,121.36,2.96,2.96,0,0,0
2009-04-08,2495,1600027527,33,32,32,99.0,3.0,3.0,0,0,0
2009-04-15,2495,1600027527,37,34,34,111.74,3.02,3.02,0,0,0
2009-04-22,2495,1600027527,39,38,38,124.41,3.19,3.19,0,0,0
2009-04-29,2495,1600027527,43,41,39,137.17,3.19,3.19,0,0,0
2009-05-06,2495,1600027527,92,66,63,187.68,2.04,3.19,1,0,0
2009-05-13,2495,1600027527,40,37,36,122.0,3.05,3.05,0,0,0
2009-01-14,2495,1600027564,37,36,36,103.6,2.8,3.14,0,0,1
2009-01-21,2495,1600027564,33,29,29,88.11,2.67,3.14,1,0,0
2009-01-28,2495,1600027564,27,27,27,84.24,3.12,3.12,0,0,0
2009-02-04,2495,1600027564,23,23,23,72.22,3.14,3.14,0,0,0
2009-02-11,2495,1600027564,28,27,27,66.08,2.36,3.14,0,0,1
2009-02-18,2495,1600027564,32,32,32,75.52,2.36,3.14,0,0,1
2009-02-25,2495,1600027564,32,31,31,81.6,2.55,3.14,0,0,1
2009-03-04,2495,1600027564,41,40,40,100.45,2.45,3.14,0,0,1
2009-03-11,2495,1600027564,40,32,32,116.0,2.9,2.9,0,0,0
2009-03-18,2495,1600027564,34,32,32,94.18,2.77,2.77,0,0,0
2009-03-25,2495,1600027564,32,30,30,91.2,2.85,2.85,0,0,0
2009-04-01,2495,1600027564,31,31,30,85.25,2.75,2.75,0,0,0
2009-04-08,2495,1600027564,21,21,21,62.79,2.99,2.99,0,0,0
2009-04-15,2495,1600027564,35,30,30,106.75,3.05,3.05,0,0,0
2009-04-22,2495,1600027564,26,25,25,81.64,3.14,3.14,0,0,0
2009-04-29,2495,1600027564,25,22,22,78.5,3.14,3.14,0,0,0
2009-05-06,2495,1600027564,28,26,26,87.92,3.14,3.14,0,0,0
2009-05-13,2495,1600027564,26,25,25,59.54,2.29,3.14,0,0,1
2009-01-14,2495,3800031838,31,30,30,89.59,2.89,2.89,0,0,0
2009-01-21,2495,3800031838,27,22,21,78.03,2.89,2.89,0,0,0
2009-01-28,2495,3800031838,18,18,18,52.02,2.89,2.89,0,0,0
2009-02-04,2495,3800031838,20,20,20,57.8,2.89,2.89,0,0,0
2009-02-11,2495,3800031838,30,29,29,78.0,2.6,2.89,0,0,1
2009-02-18,2495,3800031838,28,26,26,72.24,2.58,2.89,0,0,1
2009-02-25,2495,3800031838,20,19,19,57.8,2.89,2.89,0,0,0
2009-03-04,2495,3800031838,29,28,28,78.3,2.7,2.7,0,0,0
2009-03-11,2495,3800031838,37,36,36,101.38,2.74,2.74,0,0,0
2009-03-18,2495,3800031838,30,28,28,86.7,2.89,2.89,0,0,0
2009-03-25,2495,3800031838,31,30,30,84.01,2.71,2.71,0,0,0
2009-04-01,2495,3800031838,27,27,25,78.03,2.89,2.89,0,0,0
2009-04-08,2495,3800031838,38,38,38,109.82,2.89,2.89,0,0,0
2009-04-15,2495,3800031838,40,38,38,115.6,2.89,2.89,0,0,0
2009-04-22,2495,3800031838,40,38,37,115.6,2.89,2.89,0,0,0
2009-04-29,2495,3800031838,28,28,28,80.92,2.89,2.89,0,0,0
2009-05-06,2495,3800031838,24,24,24,69.36,2.89,2.89,0,0,0
2009-05-13,2495,3800031838,196,160,156,386.12,1.97,2.89,1,1,0
2009-01-14,2505,1111009477,34,32,32,39.78,1.17,1.16,0,1,0
2009-01-21,2505,1111009477,70,49,49,62.3,0.89,1.16,1,1,0
2009-01-28,2505,1111009477,45,34,34,44.1,0.98,1.16,0,1,0
2009-02-04,2505,1111009477,29,27,27,33.64,1.16,1.16,0,1,0
2009-02-11,2505,1111009477,18,14,13,20.52,1.14,1.14,0,0,0
2009-02-18,2505,1111009477,21,18,18,24.15,1.15,1.15,0,0,0
2009-02-25,2505,1111009477,10,8,8,11.8,1.18,1.18,0,0,0
2009-03-04,2505,1111009477,26,21,20,23.92,0.92,1.18,1,0,0
2009-03-11,2505,1111009477,14,12,12,15.12,1.08,1.08,0,0,0
2009-03-18,2505,1111009477,34,30,30,39.44,1.16,1.16,0,0,0
2009-03-25,2505,1111009477,12,12,12,13.92,1.16,1.16,0,0,0
2009-04-01,2505,1111009477,24,22,22,28.32,1.18,1.18,0,0,0
2009-04-08,2505,1111009477,16,15,15,18.56,1.16,1.16,0,0,0
2009-04-15,2505,1111009477,22,18,18,25.74,1.17,1.17,0,0,0
2009-04-22,2505,1111009477,22,20,19,25.52,1.16,1.16,0,0,0
2009-04-29,2505,1111009477,18,14,14,20.88,1.16,1.16,0,0,0
2009-05-06,2505,1111009477,18,17,17,20.7,1.15,1.15,0,0,0
2009-05-13,2505,1111009477,16,16,16,18.72,1.17,1.17,0,0,0
2009-01-14,2505,1111009497,31,27,27,35.96,1.16,1.0,0,1,0
2009-01-21,2505,1111009497,66,55,54,64.02,0.97,1.0,1,1,0
2009-01-28,2505,1111009497,33,31,31,32.01,0.97,1.0,0,1,0
2009-02-04,2505,1111009497,11,11,11,12.87,1.17,1.17,0,0,0
2009-02-11,2505,1111009497,2,2,2,2.38,1.19,1.19,0,0,0
2009-02-18,2505,1111009497,8,8,8,9.44,1.18,1.18,0,0,0
2009-02-25,2505,1111009497,25,20,19,27.75,1.11,1.11,0,0,0
2009-03-04,2505,1111009497,31,25,25,30.38,0.98,1.11,1,0,0
2009-03-11,2505,1111009497,17,17,17,19.89,1.17,1.17,0,0,0
2009-03-18,2505,1111009497,25,21,21,27.75,1.11,1.11,0,0,0
2009-03-25,2505,1111009497,15,14,14,16.95,1.13,1.13,0,0,0
2009-04-01,2505,1111009497,15,14,14,17.1,1.14,1.14,0,0,0
2009-04-08,2505,1111009497,19,17,17,22.04,1.16,1.16,0,0,0
2009-04-15,2505,1111009497,19,15,15,21.47,1.13,1.13,0,0,0
2009-04-22,2505,1111009497,13,13,13,14.82,1.14,1.14,0,0,0
2009-04-29,2505,1111009497,6,5,5,7.02,1.17,1.17,0,0,0
2009-05-06,2505,1111009497,20,14,14,23.6,1.18,1.18,0,0,0
2009-05-13,2505,1111009497,14,12,12,16.52,1.18,1.18,0,0,0
2009-01-14,2505,1600027527,22,22,22,67.1,3.05,3.05,0,0,0
2009-01-21,2505,1600027527,23,19,19,73.37,3.19,3.19,0,0,0
2009-01-28,2505,1600027527,22,20,20,70.18,3.19,3.19,0,0,0
2009-02-04,2505,1600027527,24,23,23,76.56,3.19,3.19,0,0,0
2009-02-11,2505,1600027527,223,147,145,372.41,1.67,3.19,1,1,0
2009-02-18,2505,1600027527,109,79,79,179.85,1.65,3.19,0,1,0
2009-02-25,2505,1600027527,169,121,119,280.54,1.66,3.19,1,1,0
2009-03-04,2505,1600027527,108,77,76,179.28,1.66,3.19,0,1,0
2009-03-11,2505,1600027527,35,30,28,110.25,3.15,3.19,0,1,0
2009-03-18,2505,1600027527,36,35,35,110.16,3.06,3.19,0,1,0
2009-03-25,2505,1600027527,36,34,34,105.84,2.94,3.19,0,1,0
2009-04-01,2505,1600027527,27,26,26,84.51,3.13,3.19,0,1,0
2009-04-08,2505,1600027527,20,20,20,63.8,3.19,3.19,0,0,0
2009-04-15,2505,1600027527,26,26,26,79.82,3.07,3.07,0,0,0
2009-04-22,2505,1600027527,19,19,19,60.61,3.19,3.19,0,0,0
2009-04-29,2505,1600027527,18,18,18,57.42,3.19,3.19,0,0,0
2009-05-06,2505,1600027527,55,46,45,112.2,2.04,3.19,1,0,0
2009-05-13,2505,1600027527,19,18,18,51.11,2.69,3.19,0,0,1
2009-01-14,2505,1600027564,7,7,7,18.83,2.69,3.14,0,0,1
2009-01-21,2505,1600027564,28,23,23,71.96,2.57,3.14,1,0,0
2009-01-28,2505,1600027564,20,20,20,61.2,3.06,3.06,0,0,0
2009-02-04,2505,1600027564,27,24,24,84.78,3.14,3.14,0,0,0
2009-02-11,2505,1600027564,20,20,20,44.0,2.2,3.14,0,0,1
2009-02-18,2505,1600027564,12,12,12,21.96,1.83,3.14,0,0,1
2009-02-25,2505,1600027564,21,21,21,55.02,2.62,3.14,0,0,1
2009-03-04,2505,1600027564,11,11,11,34.54,3.14,3.14,0,0,0
2009-03-11,2505,1600027564,25,25,25,62.75,2.51,3.14,0,0,1
2009-03-18,2505,1600027564,18,18,18,53.46,2.97,2.97,0,0,0
2009-03-25,2505,1600027564,18,18,18,50.22,2.79,2.79,0,0,0
2009-04-01,2505,1600027564,25,23,23,78.5,3.14,3.14,0,0,0
2009-04-08,2505,1600027564,18,18,17,50.22,2.79,3.14,0,0,1
2009-04-15,2505,1600027564,20,17,17,53.4,2.67,3.14,0,0,1
2009-04-22,2505,1600027564,15,15,15,37.65,2.51,3.14,0,0,1
2009-04-29,2505,1600027564,14,14,14,43.96,3.14,3.14,0,0,0
2009-05-06,2505,1600027564,12,12,12,37.68,3.14,3.14,0,0,0
2009-05-13,2505,1600027564,30,28,28,73.8,2.46,3.14,0,0,1
2009-01-14,2505,3800031838,22,22,21,63.58,2.89,2.89,0,0,0
2009-01-21,2505,3800031838,28,26,26,80.92,2.89,2.89,0,0,0
2009-01-28,2505,3800031838,22,21,20,63.58,2.89,2.89,0,0,0
2009-02-04,2505,3800031838,17,16,16,49.13,2.89,2.89,0,0,0
2009-02-11,2505,3800031838,16,16,16,43.36,2.71,2.71,0,0,0
2009-02-18,2505,3800031838,13,13,13,31.85,2.45,2.45,0,0,0
2009-02-25,2505,3800031838,14,14,14,37.52,2.68,2.68,0,0,0
2009-03-04,2505,3800031838,25,25,25,68.5,2.74,2.74,0,0,0
2009-03-11,2505,3800031838,17,17,17,46.24,2.72,2.72,0,0,0
2009-03-18,2505,3800031838,24,24,24,69.36,2.89,2.89,0,0,0
2009-03-25,2505,3800031838,24,23,23,66.48,2.77,2.77,0,0,0
2009-04-01,2505,3800031838,17,16,16,49.13,2.89,2.89,0,0,0
2009-04-08,2505,3800031838,19,19,19,52.06,2.74,2.74,0,0,0
2009-04-15,2505,3800031838,29,29,29,80.91,2.79,2.79,0,0,0
2009-04-22,2505,3800031838,24,23,22,69.36,2.89,2.89,0,0,0
2009-04-29,2505,3800031838,19,19,19,54.91,2.89,2.89,0,0,0
2009-05-06,2505,3800031838,16,16,16,46.24,2.89,2.89,0,0,0
2009-05-13,2505,3800031838,108,93,91,214.92,1.99,2.89,1,1,0
2009-01-14,2513,1111009477,42,37,36,49.56,1.18,1.17,0,1,0
2009-01-21,2513,1111009477,46,36,35,45.08,0.98,1.17,1,0,0
2009-01-28,2513,1111009477,35,28,28,35.0,1.0,1.17,0,0,1
2009-02-04,2513,1111009477,73,69,69,86.14,1.18,1.18,0,0,0
2009-02-11,2513,1111009477,79,72,72,93.22,1.18,1.18,0,1,0
2009-02-18,2513,1111009477,59,55,55,69.03,1.17,1.18,0,1,0
2009-02-25,2513,1111009477,47,46,45,55.46,1.18,1.18,0,1,0
2009-03-04,2513,1111009477,56,52,51,54.88,0.98,1.18,1,1,0
2009-03-11,2513,1111009477,56,55,54,63.28,1.13,1.18,0,1,0
2009-03-18,2513,1111009477,31,27,25,35.96,1.16,1.16,0,0,0
2009-03-25,2513,1111009477,44,41,40,49.28,1.12,1.12,0,0,0
2009-04-01,2513,1111009477,43,33,33,48.16,1.12,1.12,0,0,0
2009-04-08,2513,1111009477,40,37,37,46.8,1.17,1.17,0,0,0
2009-04-15,2513,1111009477,31,25,25,36.27,1.17,1.17,0,0,0
2009-04-22,2513,1111009477,39,37,36,45.63,1.17,1.17,0,0,0
2009-04-29,2513,1111009477,36,31,31,42.12,1.17,1.17,0,0,0
2009-05-06,2513,1111009477,33,31,30,38.94,1.18,1.18,0,0,0
2009-05-13,2513,1111009477,17,13,13,20.06,1.18,1.18,0,0,0
2009-01-14,2513,1111009497,16,15,15,18.72,1.17,1.18,0,1,0
2009-01-21,2513,1111009497,34,26,26,33.66,0.99,1.18,1,0,0
2009-01-28,2513,1111009497,34,29,29,33.32,0.98,1.18,0,0,1
2009-02-04,2513,1111009497,69,61,60,80.73,1.17,1.17,0,0,0
2009-02-11,2513,1111009497,90,80,79,105.3,1.17,1.17,0,1,0
2009-02-18,2513,1111009497,57,57,56,66.69,1.17,1.17,0,1,0
2009-02-25,2513,1111009497,58,49,49,68.44,1.18,1.18,0,0,0
2009-03-04,2513,1111009497,82,70,70,80.36,0.98,1.18,1,1,0
2009-03-11,2513,1111009497,72,67,67,80.64,1.12,1.18,0,1,0
2009-03-18,2513,1111009497,31,28,26,35.96,1.16,1.16,0,0,0
2009-03-25,2513,1111009497,23,20,20,26.68,1.16,1.16,0,0,0
2009-04-01,2513,1111009497,18,18,18,21.24,1.18,1.18,0,0,0
2009-04-08,2513,1111009497,34,32,30,40.12,1.18,1.18,0,0,0
2009-04-15,2513,1111009497,34,26,26,39.1,1.15,1.15,0,0,0
2009-04-22,2513,1111009497,40,36,36,47.2,1.18,1.18,0,0,0
2009-04-29,2513,1111009497,36,34,34,42.48,1.18,1.18,0,0,0
2009-05-06,2513,1111009497,29,28,28,34.22,1.18,1.18,0,0,0
2009-05-13,2513,1111009497,29,27,26,34.51,1.19,1.19,0,0,0
2009-01-14,2513,3800031838,34,34,34,89.76,2.64,2.64,0,0,0
2009-01-21,2513,3800031838,44,43,43,127.16,2.89,2.89,0,0,0
2009-01-28,2513,3800031838,42,42,42,121.38,2.89,2.89,0,0,0
2009-02-04,2513,3800031838,40,40,39,115.6,2.89,2.89,0,0,0
2009-02-11,2513,3800031838,47,45,45,127.37,2.71,2.71,0,0,0
2009-02-18,2513,3800031838,35,35,35,98.35,2.81,2.81,0,0,0
2009-02-25,2513,3800031838,37,35,34,101.01,2.73,2.73,0,0,0
2009-03-04,2513,3800031838,40,39,38,115.6,2.89,2.89,0,0,0
2009-03-11,2513,3800031838,43,42,41,124.27,2.89,2.89,0,0,0
2009-03-18,2513,3800031838,40,40,40,110.0,2.75,2.75,0,0,0
2009-03-25,2513,3800031838,48,45,45,138.72,2.89,2.89,0,0,0
2009-04-01,2513,3800031838,46,45,44,132.94,2.89,2.89,0,0,0
2009-04-08,2513,3800031838,46,46,43,132.94,2.89,2.89,0,0,0
2009-04-15,2513,3800031838,38,36,35,109.82,2.89,2.89,0,0,0
2009-04-22,2513,3800031838,49,47,46,138.67,2.83,2.83,0,0,0
2009-04-29,2513,3800031838,45,42,42,130.05,2.89,2.89,0,0,0
2009-05-06,2513,3800031838,50,50,50,144.5,2.89,2.89,0,0,0
2009-05-13,2513,3800031838,84,71,71,160.44,1.91,2.89,1,0,0
2009-01-14,2523,1600027527,30,29,28,92.4,3.08,3.08,0,0,0
2009-01-21,2523,1600027527,15,15,15,47.85,3.19,3.19,0,0,0
2009-01-28,2523,1600027527,17,17,17,54.23,3.19,3.19,0,0,0
2009-02-04,2523,1600027527,18,17,17,57.42,3.19,3.19,0,0,0
2009-02-11,2523,1600027527,297,197,187,493.02,1.66,3.19,1,1,0
2009-02-18,2523,1600027527,177,115,110,295.59,1.67,3.19,0,1,0
2009-02-25,2523,1600027527,250,162,154,417.5,1.67,3.19,1,1,0
2009-03-04,2523,1600027527,79,55,53,133.51,1.69,3.19,0,1,0
2009-03-11,2523,1600027527,31,28,28,92.38,2.98,2.98,0,0,0
2009-03-18,2523,1600027527,18,17,17,54.18,3.01,3.01,0,0,0
2009-03-25,2523,1600027527,15,15,15,47.85,3.19,3.19,0,0,0
2009-04-01,2523,1600027527,20,20,20,51.0,2.55,3.19,0,0,1
2009-04-08,2523,1600027527,18,17,17,55.8,3.1,3.1,0,0,0
2009-04-15,2523,1600027527,19,19,18,60.61,3.19,3.19,0,0,0
2009-04-22,2523,1600027527,20,19,19,57.4,2.87,3.19,0,0,1
2009-04-29,2523,1600027527,15,15,15,47.85,3.19,3.19,0,0,0
2009-05-06,2523,1600027527,85,61,60,168.3,1.98,3.19,1,0,0
2009-05-13,2523,1600027527,20,21,20,57.4,2.87,3.19,0,0,1
2009-01-14,2523,3800031838,13,13,13,38.87,2.99,2.99,0,0,0
2009-01-21,2523,3800031838,10,10,9,29.9,2.99,2.99,0,0,0
2009-01-28,2523,3800031838,11,11,11,32.89,2.99,2.99,0,0,0
2009-02-04,2523,3800031838,18,17,17,53.82,2.99,2.99,0,0,0
2009-02-11,2523,3800031838,21,21,21,51.45,2.45,2.99,0,0,1
2009-02-18,2523,3800031838,25,24,24,68.75,2.75,2.75,0,0,0
2009-02-25,2523,3800031838,30,30,30,86.7,2.89,2.89,0,0,0
2009-03-04,2523,3800031838,13,13,13,38.87,2.99,2.99,0,0,0
2009-03-11,2523,3800031838,24,24,23,71.76,2.99,2.99,0,0,0
2009-03-18,2523,3800031838,20,20,20,56.8,2.84,2.84,0,0,0
2009-03-25,2523,3800031838,24,24,24,71.76,2.99,2.99,0,0,0
2009-04-01,2523,3800031838,21,21,21,62.79,2.99,2.99,0,0,0
2009-04-08,2523,3800031838,27,27,27,77.76,2.88,2.88,0,0,0
2009-04-15,2523,3800031838,23,23,23,66.01,2.87,2.87,0,0,0
2009-04-22,2523,3800031838,24,24,24,68.88,2.87,2.87,0,0,0
2009-04-29,2523,3800031838,28,28,28,83.72,2.99,2.99,0,0,0
2009-05-06,2523,3800031838,22,22,21,65.78,2.99,2.99,0,0,0
2009-05-13,2523,3800031838,186,171,170,366.42,1.97,2.99,1,1,0
2009-01-14,2541,1111009477,42,40,39,49.98,1.19,1.21,0,1,0
2009-01-21,2541,1111009477,52,45,45,50.96,0.98,1.21,1,1,0
2009-01-28,2541,1111009477,18,16,16,17.64,0.98,1.21,0,0,1
2009-02-04,2541,1111009477,24,19,19,29.04,1.21,1.21,0,0,0
2009-02-11,2541,1111009477,21,18,18,25.83,1.23,1.23,0,0,0
2009-02-18,2541,1111009477,22,20,19,27.28,1.24,1.24,0,0,0
2009-02-25,2541,1111009477,16,14,14,19.36,1.21,1.21,0,0,0
2009-03-04,2541,1111009477,29,24,23,28.71,0.99,1.21,1,1,0
2009-03-11,2541,1111009477,26,13,13,32.24,1.24,1.24,0,0,0
2009-03-18,2541,1111009477,23,21,20,27.83,1.21,1.21,0,0,0
2009-03-25,2541,1111009477,18,12,12,21.96,1.22,1.22,0,0,0
2009-04-01,2541,1111009477,26,19,18,30.16,1.16,1.16,0,0,0
2009-04-08,2541,1111009477,20,19,17,24.6,1.23,1.23,0,0,0
2009-04-15,2541,1111009477,14,13,13,16.94,1.21,1.21,0,0,0
2009-04-22,2541,1111009477,19,17,17,23.18,1.22,1.22,0,0,0
2009-04-29,2541,1111009477,16,15,15,19.68,1.23,1.23,0,0,0
2009-05-06,2541,1111009477,24,21,21,29.04,1.21,1.21,0,0,0
2009-05-13,2541,1111009477,16,15,15,19.68,1.23,1.23,0,0,0
2009-01-14,2541,1111009497,38,34,33,45.98,1.21,1.25,0,1,0
2009-01-21,2541,1111009497,75,67,66,73.5,0.98,1.25,1,1,0
2009-01-28,2541,1111009497,25,22,21,24.5,0.98,1.25,0,0,1
2009-02-04,2541,1111009497,7,7,7,8.4,1.2,1.2,0,0,0
2009-02-11,2541,1111009497,25,18,18,30.5,1.22,1.22,0,0,0
2009-02-18,2541,1111009497,20,17,16,24.4,1.22,1.22,0,0,0
2009-02-25,2541,1111009497,26,24,23,30.94,1.19,1.19,0,0,0
2009-03-04,2541,1111009497,37,30,29,36.26,0.98,1.19,1,0,0
2009-03-11,2541,1111009497,26,23,19,31.72,1.22,1.22,0,0,0
2009-03-18,2541,1111009497,21,20,19,25.62,1.22,1.22,0,0,0
2009-03-25,2541,1111009497,18,14,13,22.32,1.24,1.24,0,0,0
2009-04-01,2541,1111009497,24,23,20,29.76,1.24,1.24,0,0,0
2009-04-08,2541,1111009497,23,21,21,27.6,1.2,1.2,0,0,0
2009-04-15,2541,1111009497,18,15,13,21.6,1.2,1.2,0,0,0
2009-04-22,2541,1111009497,17,16,15,20.74,1.22,1.22,0,0,0
2009-04-29,2541,1111009497,19,17,16,23.18,1.22,1.22,0,0,0
2009-05-06,2541,1111009497,21,18,18,24.15,1.15,1.15,0,0,0
2009-05-13,2541,1111009497,11,10,10,13.09,1.19,1.19,0,0,0
