EN/S08_09_Retail_Analytics/data/cereals_data_filtered.csv
WEEK_END_DATE,STORE_NUM,UPC,UNITS,VISITS,HHS,SPEND,PRICE,BASE_PRICE,FEATURE,DISPLAY,TPR_ONLY
2009-01-14,2541,1600027527,14,12,12,44.66,3.19,3.19,0,0,0
2009-01-21,2541,1600027527,15,15,15,47.85,3.19,3.19,0,0,0
2009-01-28,2541,1600027527,18,18,18,57.42,3.19,3.19,0,0,0
2009-02-04,2541,1600027527,17,15,15,54.23,3.19,3.19,0,0,0
2009-02-11,2541,1600027527,256,152,149,422.4,1.65,3.19,1,1,0
2009-02-18,2541,1600027527,151,109,106,247.64,1.64,3.19,0,1,0
2009-02-25,2541,1600027527,180,126,122,298.8,1.66,3.19,1,1,0
2009-03-04,2541,1600027527,71,51,50,117.86,1.66,3.19,0,1,0
2009-03-11,2541,1600027527,13,13,13,36.79,2.83,3.19,0,0,1
2009-03-18,2541,1600027527,13,13,13,35.1,2.7,3.19,0,0,1
2009-03-25,2541,1600027527,11,8,8,31.9,2.9,2.9,0,0,0
2009-04-01,2541,1600027527,13,11,11,38.22,2.94,2.94,0,0,0
2009-04-08,2541,1600027527,3,3,3,6.39,2.13,2.94,0,0,1
2009-04-15,2541,1600027527,11,10,10,35.09,3.19,3.19,0,0,0
2009-04-22,2541,1600027527,19,17,17,53.77,2.83,3.19,0,0,1
2009-04-29,2541,1600027527,29,26,26,71.92,2.48,3.19,0,0,1
2009-05-06,2541,1600027527,64,47,47,128.0,2.0,3.19,1,0,0
2009-05-13,2541,1600027527,13,14,14,31.85,2.45,3.19,0,0,1
2009-01-14,2541,1600027564,13,12,12,38.48,2.96,2.96,0,0,0
2009-01-21,2541,1600027564,21,20,19,56.07,2.67,2.96,1,0,0
2009-01-28,2541,1600027564,16,15,15,51.04,3.19,3.19,0,0,0
2009-02-04,2541,1600027564,21,19,18,66.99,3.19,3.19,0,0,0
2009-02-11,2541,1600027564,14,16,15,9.52,0.68,3.19,0,0,1
2009-02-18,2541,1600027564,9,9,9,12.78,1.42,3.19,0,0,1
2009-02-25,2541,1600027564,20,18,18,47.8,2.39,3.19,0,0,1
2009-03-04,2541,1600027564,10,9,9,12.8,1.28,3.19,0,0,1
2009-03-11,2541,1600027564,11,11,11,28.71,2.61,3.19,0,0,1
2009-03-18,2541,1600027564,19,18,18,47.88,2.52,3.19,0,0,1
2009-03-25,2541,1600027564,10,10,10,29.0,2.9,2.9,0,0,0
2009-04-01,2541,1600027564,22,22,22,51.04,2.32,2.9,0,0,1
2009-04-08,2541,1600027564,15,15,15,38.25,2.55,2.9,0,0,1
2009-04-15,2541,1600027564,23,19,19,59.34,2.58,2.9,0,0,1
2009-04-22,2541,1600027564,19,19,19,54.91,2.89,2.89,0,0,0
2009-04-29,2541,1600027564,12,12,12,38.28,3.19,3.19,0,0,0
2009-05-06,2541,1600027564,21,21,21,66.99,3.19,3.19,0,0,0
2009-05-13,2541,1600027564,26,26,26,63.7,2.45,3.19,0,0,1
2009-01-14,2541,3800031838,10,10,10,29.9,2.99,2.99,0,0,0
2009-01-21,2541,3800031838,18,17,17,50.22,2.79,2.79,0,0,0
2009-01-28,2541,3800031838,9,9,9,26.91,2.99,2.99,0,0,0
2009-02-04,2541,3800031838,9,8,8,26.91,2.99,2.99,0,0,0
2009-02-11,2541,3800031838,6,6,6,17.94,2.99,2.99,0,0,0
2009-02-18,2541,3800031838,10,9,9,21.7,2.17,2.99,0,0,1
2009-02-25,2541,3800031838,8,8,8,21.28,2.66,2.99,0,0,1
2009-03-04,2541,3800031838,14,14,14,41.86,2.99,2.99,0,0,0
2009-03-11,2541,3800031838,6,6,6,17.94,2.99,2.99,0,0,0
2009-03-18,2541,3800031838,9,9,9,24.48,2.72,2.72,0,0,0
2009-03-25,2541,3800031838,4,4,4,11.96,2.99,2.99,0,0,0
2009-04-01,2541,3800031838,10,10,10,29.9,2.99,2.99,0,0,0
2009-04-08,2541,3800031838,7,7,7,20.93,2.99,2.99,0,0,0
2009-04-15,2541,3800031838,7,7,7,14.98,2.14,2.99,0,0,1
2009-04-22,2541,3800031838,11,11,11,29.92,2.72,2.72,0,0,0
2009-04-29,2541,3800031838,8,8,8,23.92,2.99,2.99,0,0,0
2009-05-06,2541,3800031838,7,6,6,20.93,2.99,2.99,0,0,0
2009-05-13,2541,3800031838,124,95,92,204.6,1.65,2.99,1,1,0
2009-01-14,4245,1111009477,69,60,60,95.22,1.38,1.38,0,0,0
2009-01-21,4245,1111009477,44,42,41,61.6,1.4,1.38,0,1,0
2009-01-28,4245,1111009477,68,59,58,93.84,1.38,1.38,0,1,0
2009-02-04,4245,1111009477,54,48,48,75.06,1.39,1.39,0,0,0
2009-02-11,4245,1111009477,55,44,44,80.85,1.47,1.47,0,0,0
2009-02-18,4245,1111009477,58,46,44,86.42,1.49,1.49,0,0,0
2009-02-25,4245,1111009477,40,34,34,59.6,1.49,1.49,0,0,0
2009-03-04,4245,1111009477,43,37,37,64.5,1.5,1.5,0,0,0
2009-03-11,4245,1111009477,57,44,44,84.93,1.49,1.49,0,0,0
2009-03-18,4245,1111009477,48,35,35,70.08,1.46,1.46,0,0,0
2009-03-25,4245,1111009477,77,64,64,114.73,1.49,1.46,0,1,0
2009-04-01,4245,1111009477,95,80,80,140.6,1.48,1.46,0,1,0
2009-04-08,4245,1111009477,82,73,73,122.18,1.49,1.46,0,1,0
2009-04-15,4245,1111009477,45,35,35,66.15,1.47,1.47,0,0,0
2009-04-22,4245,1111009477,48,45,45,58.56,1.22,1.47,0,0,1
2009-04-29,4245,1111009477,36,32,32,45.0,1.25,1.47,0,0,1
2009-05-06,4245,1111009477,38,32,32,47.5,1.25,1.47,0,0,1
2009-05-13,4245,1111009477,45,41,41,55.8,1.24,1.47,0,0,1
2009-01-14,4245,1111009497,62,58,57,86.18,1.39,1.39,0,0,0
2009-01-21,4245,1111009497,46,44,44,63.48,1.38,1.39,0,1,0
2009-01-28,4245,1111009497,52,50,49,71.76,1.38,1.39,0,1,0
2009-02-04,4245,1111009497,59,56,56,81.42,1.38,1.38,0,0,0
2009-02-11,4245,1111009497,59,50,50,87.32,1.48,1.48,0,0,0
2009-02-18,4245,1111009497,43,38,38,64.5,1.5,1.5,0,0,0
2009-02-25,4245,1111009497,36,35,35,53.64,1.49,1.49,0,0,0
2009-03-04,4245,1111009497,45,41,41,67.05,1.49,1.49,0,0,0
2009-03-11,4245,1111009497,55,51,50,82.5,1.5,1.5,0,0,0
2009-03-18,4245,1111009497,45,42,41,66.6,1.48,1.48,0,0,0
2009-03-25,4245,1111009497,93,79,79,137.64,1.48,1.48,0,1,0
2009-04-01,4245,1111009497,88,83,83,129.36,1.47,1.48,0,1,0
2009-04-08,4245,1111009497,82,76,76,122.18,1.49,1.48,0,1,0
2009-04-15,4245,1111009497,40,34,34,58.0,1.45,1.45,0,0,0
2009-04-22,4245,1111009497,46,40,39,57.04,1.24,1.45,0,0,1
2009-04-29,4245,1111009497,37,33,33,46.25,1.25,1.45,0,0,1
2009-05-06,4245,1111009497,54,45,45,65.88,1.22,1.45,0,0,1
2009-05-13,4245,1111009497,59,53,53,71.98,1.22,1.45,0,0,1
2009-01-14,4245,1600027527,40,38,38,124.4,3.11,3.11,0,0,0
2009-01-21,4245,1600027527,37,37,37,118.03,3.19,3.19,0,0,0
2009-01-28,4245,1600027527,38,38,37,121.22,3.19,3.19,0,0,0
2009-02-04,4245,1600027527,62,57,56,197.78,3.19,3.19,0,0,0
2009-02-11,4245,1600027527,925,715,688,1535.5,1.66,3.19,1,1,0
2009-02-18,4245,1600027527,416,325,320,665.6,1.6,3.19,0,1,0
2009-02-25,4245,1600027527,538,427,413,887.7,1.65,3.19,1,1,0
2009-03-04,4245,1600027527,116,86,86,191.4,1.65,3.19,0,1,0
2009-03-11,4245,1600027527,39,37,37,118.17,3.03,3.03,0,0,0
2009-03-18,4245,1600027527,44,42,41,137.28,3.12,3.12,0,0,0
2009-03-25,4245,1600027527,52,49,48,149.76,2.88,2.88,0,0,0
2009-04-01,4245,1600027527,63,59,58,191.52,3.04,3.04,0,0,0
2009-04-08,4245,1600027527,52,49,48,156.52,3.01,3.01,0,0,0
2009-04-15,4245,1600027527,55,49,49,172.15,3.13,3.01,0,1,0
2009-04-22,4245,1600027527,60,56,56,181.8,3.03,3.03,0,0,0
2009-04-29,4245,1600027527,51,47,47,159.63,3.13,3.13,0,0,0
2009-05-06,4245,1600027527,215,149,144,432.15,2.01,3.13,1,0,0
2009-05-13,4245,1600027527,48,43,41,145.44,3.03,3.03,0,0,0
2009-01-14,4259,1111009477,31,29,28,42.47,1.37,1.37,0,0,0
2009-01-21,4259,1111009477,21,21,21,28.98,1.38,1.38,0,0,0
2009-01-28,4259,1111009477,17,15,14,23.63,1.39,1.39,0,0,0
2009-02-04,4259,1111009477,37,32,32,50.69,1.37,1.37,0,0,0
2009-02-11,4259,1111009477,36,35,35,53.64,1.49,1.49,0,0,0
2009-02-18,4259,1111009477,33,27,26,48.84,1.48,1.48,0,0,0
2009-02-25,4259,1111009477,23,21,21,33.58,1.46,1.46,0,0,0
2009-03-04,4259,1111009477,26,23,23,38.74,1.49,1.49,0,0,0
2009-03-11,4259,1111009477,44,37,37,65.12,1.48,1.48,0,0,0
2009-03-18,4259,1111009477,29,26,26,41.47,1.43,1.43,0,0,0
2009-03-25,4259,1111009477,35,31,30,52.15,1.49,1.49,0,0,0
2009-04-01,4259,1111009477,25,21,21,36.75,1.47,1.47,0,0,0
2009-04-08,4259,1111009477,42,40,40,61.32,1.46,1.46,0,0,0
2009-04-15,4259,1111009477,29,27,27,42.92,1.48,1.48,0,0,0
2009-04-22,4259,1111009477,31,27,27,46.19,1.49,1.49,0,0,0
2009-04-29,4259,1111009477,29,24,23,42.92,1.48,1.48,0,0,0
2009-05-06,4259,1111009477,30,25,24,43.8,1.46,1.46,0,0,0
2009-05-13,4259,1111009477,43,39,39,63.21,1.47,1.47,0,0,0
2009-01-14,4259,1111009497,29,26,25,39.73,1.37,1.37,0,0,0
2009-01-21,4259,1111009497,29,27,27,39.15,1.35,1.35,0,0,0
2009-01-28,4259,1111009497,28,26,25,38.36,1.37,1.37,0,0,0
2009-02-04,4259,1111009497,59,51,51,80.24,1.36,1.36,0,0,0
2009-02-11,4259,1111009497,44,41,38,65.12,1.48,1.48,0,0,0
2009-02-18,4259,1111009497,46,41,40,67.62,1.47,1.47,0,0,0
2009-02-25,4259,1111009497,27,26,26,40.23,1.49,1.49,0,0,0
2009-03-04,4259,1111009497,33,33,33,48.18,1.46,1.46,0,0,0
2009-03-11,4259,1111009497,41,40,40,60.68,1.48,1.48,0,0,0
2009-03-18,4259,1111009497,43,40,39,63.21,1.47,1.47,0,0,0
2009-03-25,4259,1111009497,35,35,34,51.8,1.48,1.48,0,0,0
2009-04-01,4259,1111009497,43,40,38,63.64,1.48,1.48,0,0,0
2009-04-08,4259,1111009497,68,57,57,100.64,1.48,1.48,0,0,0
2009-04-15,4259,1111009497,39,34,33,56.55,1.45,1.45,0,0,0
2009-04-22,4259,1111009497,32,29,27,46.72,1.46,1.46,0,0,0
2009-04-29,4259,1111009497,27,27,27,39.69,1.47,1.47,0,0,0
2009-05-06,4259,1111009497,46,41,41,68.08,1.48,1.48,0,0,0
2009-05-13,4259,1111009497,50,46,43,74.5,1.49,1.49,0,0,0
2009-01-14,4259,1600027564,74,61,52,198.32,2.68,3.11,1,0,0
2009-01-21,4259,1600027564,58,50,42,161.24,2.78,3.11,0,0,1
2009-01-28,4259,1600027564,20,20,13,63.8,3.19,3.19,0,0,0
2009-02-04,4259,1600027564,32,26,16,98.88,3.09,3.09,0,0,0
2009-02-11,4259,1600027564,30,24,12,95.7,3.19,3.19,0,0,0
2009-02-18,4259,1600027564,36,34,29,65.16,1.81,3.19,0,0,1
2009-02-25,4259,1600027564,41,32,23,102.09,2.49,3.19,0,0,1
2009-03-04,4259,1600027564,38,33,21,108.3,2.85,3.19,0,0,1
2009-03-11,4259,1600027564,55,45,28,134.75,2.45,3.19,0,0,1
2009-03-18,4259,1600027564,39,32,25,121.29,3.11,3.11,0,0,0
2009-03-25,4259,1600027564,39,35,24,114.66,2.94,2.94,0,0,0
2009-04-01,4259,1600027564,34,27,20,98.94,2.91,2.91,0,0,0
2009-04-08,4259,1600027564,57,51,30,172.71,3.03,3.03,0,0,0
2009-04-15,4259,1600027564,38,32,16,111.72,2.94,2.94,0,0,0
2009-04-22,4259,1600027564,34,30,21,82.96,2.44,2.94,0,0,1
2009-04-29,4259,1600027564,25,18,14,79.75,3.19,3.19,0,0,0
2009-05-06,4259,1600027564,38,36,19,121.22,3.19,3.19,0,0,0
2009-05-13,4259,1600027564,41,38,25,130.79,3.19,3.19,0,0,0
2009-01-14,4259,3800031838,64,64,62,191.36,2.99,2.99,0,0,0
2009-01-21,4259,3800031838,26,26,26,77.74,2.99,2.99,0,0,0
2009-01-28,4259,3800031838,25,23,23,74.75,2.99,2.99,0,0,0
2009-02-04,4259,3800031838,25,24,22,74.75,2.99,2.99,0,0,0
2009-02-11,4259,3800031838,34,33,33,101.66,2.99,2.99,0,0,0
2009-02-18,4259,3800031838,23,21,21,51.52,2.24,2.99,0,0,1
2009-02-25,4259,3800031838,17,17,17,38.93,2.29,2.99,0,0,1
2009-03-04,4259,3800031838,27,27,27,66.69,2.47,2.99,0,0,1
2009-03-11,4259,3800031838,28,28,28,77.84,2.78,2.78,0,0,0
2009-03-18,4259,3800031838,47,47,47,134.89,2.87,2.87,0,0,0
2009-03-25,4259,3800031838,27,26,26,80.73,2.99,2.99,0,0,0
2009-04-01,4259,3800031838,31,33,32,90.21,2.91,2.91,0,0,0
2009-04-08,4259,3800031838,50,46,43,149.5,2.99,2.99,0,0,0
2009-04-15,4259,3800031838,49,50,47,143.57,2.93,2.93,0,0,0
2009-04-22,4259,3800031838,33,35,35,98.67,2.99,2.99,0,0,0
2009-04-29,4259,3800031838,32,32,32,95.68,2.99,2.99,0,0,0
2009-05-06,4259,3800031838,31,31,31,92.69,2.99,2.99,0,0,0
2009-05-13,4259,3800031838,349,319,306,698.0,2.0,2.99,1,1,0
2009-01-14,4489,1111009477,36,33,33,42.48,1.18,1.18,0,0,0
2009-01-21,4489,1111009477,44,33,32,43.56,0.99,1.18,1,1,0
2009-01-28,4489,1111009477,44,32,32,44.0,1.0,1.18,0,0,1
2009-02-04,4489,1111009477,30,25,25,35.1,1.17,1.17,0,0,0
2009-02-11,4489,1111009477,29,27,27,34.22,1.18,1.18,0,0,0
2009-02-18,4489,1111009477,38,30,30,44.46,1.17,1.17,0,0,0
2009-02-25,4489,1111009477,46,43,43,53.82,1.17,1.17,0,0,0
2009-03-04,4489,1111009477,104,88,86,101.92,0.98,1.17,1,1,0
2009-03-11,4489,1111009477,27,26,26,30.51,1.13,1.13,0,0,0
2009-03-18,4489,1111009477,22,19,18,25.52,1.16,1.16,0,0,0
2009-03-25,4489,1111009477,19,16,16,22.42,1.18,1.18,0,0,0
2009-04-01,4489,1111009477,30,27,27,35.4,1.18,1.18,0,0,0
2009-04-08,4489,1111009477,28,25,25,33.04,1.18,1.18,0,0,0
2009-04-15,4489,1111009477,36,32,32,41.4,1.15,1.15,0,0,0
2009-04-22,4489,1111009477,24,22,22,28.08,1.17,1.17,0,0,0
2009-04-29,4489,1111009477,27,23,23,30.51,1.13,1.13,0,0,0
2009-05-06,4489,1111009477,22,19,19,25.74,1.17,1.17,0,0,0
2009-05-13,4489,1111009477,16,16,16,18.88,1.18,1.18,0,0,0
2009-01-14,4489,1111009497,45,45,45,52.65,1.17,1.17,0,0,0
2009-01-21,4489,1111009497,101,86,86,99.99,0.99,1.17,1,1,0
2009-01-28,4489,1111009497,23,18,18,22.77,0.99,1.17,0,0,1
2009-02-04,4489,1111009497,13,11,11,15.34,1.18,1.18,0,0,0
2009-02-11,4489,1111009497,3,2,2,3.57,1.19,1.19,0,0,0
2009-02-18,4489,1111009497,2,2,2,2.38,1.19,1.19,0,0,0
2009-02-25,4489,1111009497,32,27,26,36.8,1.15,1.15,0,0,0
2009-03-04,4489,1111009497,91,84,84,90.09,0.99,1.15,1,1,0
2009-03-11,4489,1111009497,27,23,22,31.59,1.17,1.17,0,0,0
2009-03-18,4489,1111009497,18,18,18,21.42,1.19,1.17,0,1,0
2009-03-25,4489,1111009497,26,22,21,30.68,1.18,1.18,0,0,0
2009-04-01,4489,1111009497,28,27,27,32.48,1.16,1.16,0,0,0
2009-04-08,4489,1111009497,21,19,19,24.36,1.16,1.16,0,0,0
2009-04-15,4489,1111009497,23,18,18,26.91,1.17,1.17,0,0,0
2009-04-22,4489,1111009497,21,21,20,24.78,1.18,1.18,0,0,0
2009-04-29,4489,1111009497,6,5,5,7.02,1.17,1.17,0,0,0
2009-05-06,4489,1111009497,29,26,26,33.93,1.17,1.17,0,0,0
2009-05-13,4489,1111009497,34,26,26,40.12,1.18,1.18,0,0,0
2009-01-14,4489,1600027527,56,56,55,172.48,3.08,3.08,0,0,0
2009-01-21,4489,1600027527,45,44,44,143.55,3.19,3.19,0,0,0
2009-01-28,4489,1600027527,49,47,47,156.31,3.19,3.19,0,0,0
2009-02-04,4489,1600027527,50,47,47,159.5,3.19,3.19,0,0,0
2009-02-11,4489,1600027527,471,255,244,777.15,1.65,3.19,1,0,0
2009-02-18,4489,1600027527,322,202,198,531.3,1.65,3.19,0,1,0
2009-02-25,4489,1600027527,374,222,215,617.1,1.65,3.19,1,1,0
2009-03-04,4489,1600027527,117,87,85,191.88,1.64,3.19,0,1,0
2009-03-11,4489,1600027527,43,43,43,123.84,2.88,2.88,0,0,0
2009-03-18,4489,1600027527,43,40,40,134.16,3.12,3.12,0,0,0
2009-03-25,4489,1600027527,57,51,51,172.14,3.02,3.02,0,0,0
2009-04-01,4489,1600027527,56,49,47,175.28,3.13,3.13,0,0,0
2009-04-08,4489,1600027527,41,39,39,121.36,2.96,2.96,0,0,0
2009-04-15,4489,1600027527,45,42,42,140.4,3.12,3.12,0,0,0
2009-04-22,4489,1600027527,49,49,49,146.51,2.99,2.99,0,0,0
2009-04-29,4489,1600027527,51,47,47,162.69,3.19,3.19,0,0,0
2009-05-06,4489,1600027527,110,75,73,221.1,2.01,3.19,1,0,0
2009-05-13,4489,1600027527,54,51,51,156.06,2.89,2.89,0,0,0
2009-01-14,4503,1600027527,69,66,63,217.35,3.15,3.15,0,0,0
2009-01-21,4503,1600027527,67,63,63,213.73,3.19,3.19,0,0,0
2009-01-28,4503,1600027527,75,73,72,239.25,3.19,3.19,0,0,0
2009-02-04,4503,1600027527,62,59,59,197.78,3.19,3.19,0,0,0
2009-02-11,4503,1600027527,572,341,324,943.8,1.65,3.19,1,1,0
2009-02-18,4503,1600027527,304,189,185,495.52,1.63,3.19,0,1,0
2009-02-25,4503,1600027527,455,286,282,750.75,1.65,3.19,1,1,0
2009-03-04,4503,1600027527,157,105,103,252.77,1.61,3.19,0,1,0
2009-03-11,4503,1600027527,79,74,72,235.42,2.98,2.98,0,0,0
2009-03-18,4503,1600027527,57,52,52,175.56,3.08,3.08,0,0,0
2009-03-25,4503,1600027527,64,59,59,197.76,3.09,3.09,0,0,0
2009-04-01,4503,1600027527,63,62,59,197.82,3.14,3.14,0,0,0
2009-04-08,4503,1600027527,58,57,57,182.12,3.14,3.14,0,0,0
2009-04-15,4503,1600027527,70,67,66,220.5,3.15,3.15,0,0,0
2009-04-22,4503,1600027527,42,40,40,124.74,2.97,2.97,0,0,0
2009-04-29,4503,1600027527,63,62,62,200.97,3.19,3.19,0,0,0
2009-05-06,4503,1600027527,194,143,142,388.0,2.0,3.19,1,0,0
2009-05-13,4503,1600027527,63,60,59,176.4,2.8,3.19,0,0,1
2009-01-14,4503,1600027564,39,38,38,118.17,3.03,3.03,0,0,0
2009-01-21,4503,1600027564,62,50,50,165.54,2.67,3.03,1,0,0
2009-01-28,4503,1600027564,58,55,54,185.02,3.19,3.19,0,0,0
2009-02-04,4503,1600027564,33,29,29,105.27,3.19,3.19,0,0,0
2009-02-11,4503,1600027564,67,66,65,119.26,1.78,3.19,0,0,1
2009-02-18,4503,1600027564,37,33,33,94.35,2.55,3.19,0,0,1
2009-02-25,4503,1600027564,60,58,58,150.6,2.51,3.19,0,0,1
2009-03-04,4503,1600027564,62,60,59,175.46,2.83,3.19,0,0,1
2009-03-11,4503,1600027564,56,55,54,146.72,2.62,3.19,0,0,1
2009-03-18,4503,1600027564,59,52,51,162.84,2.76,3.19,0,0,1
2009-03-25,4503,1600027564,57,55,55,157.32,2.76,2.76,0,0,0
2009-04-01,4503,1600027564,60,57,57,157.8,2.63,2.63,0,0,0
2009-04-08,4503,1600027564,44,43,41,114.84,2.61,2.61,0,0,0
2009-04-15,4503,1600027564,46,44,43,137.08,2.98,2.98,0,0,0
2009-04-22,4503,1600027564,39,38,38,111.93,2.87,2.87,0,0,0
2009-04-29,4503,1600027564,42,39,38,133.98,3.19,3.19,0,0,0
2009-05-06,4503,1600027564,55,43,42,172.15,3.13,3.13,0,0,0
2009-05-13,4503,1600027564,62,62,61,119.66,1.93,3.13,0,0,1
2009-01-14,4521,1111009477,19,17,17,22.8,1.2,1.2,0,0,0
2009-01-21,4521,1111009477,24,24,21,24.72,1.03,1.2,1,0,0
2009-01-28,4521,1111009477,44,33,33,43.56,0.99,1.2,0,0,1
2009-02-04,4521,1111009477,30,27,25,37.2,1.24,1.2,0,1,0
2009-02-11,4521,1111009477,29,28,28,35.38,1.22,1.2,0,1,0
2009-02-18,4521,1111009477,20,19,19,24.6,1.23,1.2,0,1,0
2009-02-25,4521,1111009477,21,20,20,26.25,1.25,1.25,0,0,0
2009-03-04,4521,1111009477,45,40,40,44.1,0.98,1.25,1,1,0
2009-03-11,4521,1111009477,30,26,26,36.3,1.21,1.25,0,1,0
2009-03-18,4521,1111009477,23,20,20,27.14,1.18,1.25,0,1,0
2009-03-25,4521,1111009477,19,19,19,23.56,1.24,1.25,0,1,0
2009-04-01,4521,1111009477,37,32,32,45.51,1.23,1.25,0,1,0
2009-04-08,4521,1111009477,8,8,8,9.84,1.23,1.23,0,0,0
2009-04-15,4521,1111009477,12,12,12,15.0,1.25,1.25,0,0,0
2009-04-22,4521,1111009477,1,1,1,1.25,1.25,1.25,0,0,0
2009-04-29,4521,1111009477,12,9,9,15.0,1.25,1.25,0,0,0
2009-05-06,4521,1111009477,11,10,9,13.75,1.25,1.25,0,0,0
2009-05-13,4521,1111009477,5,5,5,6.25,1.25,1.25,0,0,0
2009-01-14,4521,1111009497,12,11,10,14.64,1.22,1.22,0,0,0
2009-01-21,4521,1111009497,25,24,23,24.25,0.97,1.22,1,0,0
2009-01-28,4521,1111009497,42,36,35,41.16,0.98,1.22,0,0,1
2009-02-04,4521,1111009497,46,35,34,56.58,1.23,1.22,0,1,0
2009-02-11,4521,1111009497,36,30,30,43.92,1.22,1.22,0,1,0
2009-02-18,4521,1111009497,28,23,22,34.44,1.23,1.22,0,1,0
2009-02-25,4521,1111009497,26,21,21,31.98,1.23,1.22,0,1,0
2009-03-04,4521,1111009497,66,53,52,64.68,0.98,1.22,1,1,0
2009-03-11,4521,1111009497,26,24,23,31.98,1.23,1.22,0,1,0
2009-03-18,4521,1111009497,26,20,18,31.2,1.2,1.22,0,1,0
2009-03-25,4521,1111009497,27,24,23,33.48,1.24,1.22,0,1,0
2009-04-01,4521,1111009497,25,22,21,30.75,1.23,1.22,0,1,0
2009-04-08,4521,1111009497,33,25,25,40.59,1.23,1.22,0,1,0
2009-04-15,4521,1111009497,14,14,14,17.5,1.25,1.25,0,0,0
2009-04-22,4521,1111009497,18,16,16,21.78,1.21,1.21,0,0,0
2009-04-29,4521,1111009497,8,8,8,9.84,1.23,1.23,0,0,0
2009-05-06,4521,1111009497,15,11,11,18.15,1.21,1.21,0,0,0
2009-05-13,4521,1111009497,9,9,9,10.98,1.22,1.22,0,0,0
