EN/S08_09_Retail_Analytics/data/cereals_data_filtered.csv
WEEK_END_DATE,STORE_NUM,UPC,UNITS,VISITS,HHS,SPEND,PRICE,BASE_PRICE,FEATURE,DISPLAY,TPR_ONLY
2009-01-14,4521,1600027564,22,21,21,69.08,3.14,3.14,0,0,0
2009-01-21,4521,1600027564,20,19,18,54.6,2.73,3.14,1,0,0
2009-01-28,4521,1600027564,20,20,18,65.8,3.29,3.29,0,0,0
2009-02-04,4521,1600027564,12,12,12,39.48,3.29,3.29,0,0,0
2009-02-11,4521,1600027564,15,15,15,40.05,2.67,3.29,0,0,1
2009-02-18,4521,1600027564,18,18,18,46.08,2.56,3.29,0,0,1
2009-02-25,4521,1600027564,20,20,20,62.6,3.13,3.13,0,0,0
2009-03-04,4521,1600027564,11,11,10,29.59,2.69,3.13,0,0,1
2009-03-11,4521,1600027564,13,13,12,36.14,2.78,3.13,0,0,1
2009-03-18,4521,1600027564,11,11,11,32.89,2.99,2.99,0,0,0
2009-03-25,4521,1600027564,22,20,20,72.38,3.29,3.29,0,0,0
2009-04-01,4521,1600027564,8,8,8,23.04,2.88,3.29,0,0,1
2009-04-08,4521,1600027564,18,16,16,49.32,2.74,3.29,0,0,1
2009-04-15,4521,1600027564,14,11,11,32.9,2.35,3.29,0,0,1
2009-04-22,4521,1600027564,16,16,16,49.28,3.08,3.08,0,0,0
2009-04-29,4521,1600027564,12,12,12,39.48,3.29,3.29,0,0,0
2009-05-06,4521,1600027564,17,14,14,55.93,3.29,3.29,0,0,0
2009-05-13,4521,1600027564,18,18,18,39.42,2.19,3.29,0,0,1
2009-01-14,4521,3800031838,16,16,16,43.52,2.72,2.72,0,0,0
2009-01-21,4521,3800031838,31,31,29,89.59,2.89,2.89,0,0,0
2009-01-28,4521,3800031838,13,13,13,37.57,2.89,2.89,0,0,0
2009-02-04,4521,3800031838,21,21,20,60.69,2.89,2.89,0,0,0
2009-02-11,4521,3800031838,19,19,18,52.06,2.74,2.74,0,0,0
2009-02-18,4521,3800031838,15,15,14,40.5,2.7,2.7,0,0,0
2009-02-25,4521,3800031838,25,25,24,69.25,2.77,2.77,0,0,0
2009-03-04,4521,3800031838,22,22,20,60.72,2.76,2.76,0,0,0
2009-03-11,4521,3800031838,15,15,15,43.35,2.89,2.89,0,0,0
2009-03-18,4521,3800031838,15,15,15,40.5,2.7,2.7,0,0,0
2009-03-25,4521,3800031838,17,16,16,49.13,2.89,2.89,0,0,0
2009-04-01,4521,3800031838,21,20,20,60.69,2.89,2.89,0,0,0
2009-04-08,4521,3800031838,24,24,23,69.36,2.89,2.89,0,0,0
2009-04-15,4521,3800031838,20,20,18,57.8,2.89,2.89,0,0,0
2009-04-22,4521,3800031838,26,26,25,69.42,2.67,2.67,0,0,0
2009-04-29,4521,3800031838,25,25,25,72.25,2.89,2.89,0,0,0
2009-05-06,4521,3800031838,12,12,9,34.68,2.89,2.89,0,0,0
2009-05-13,4521,3800031838,96,84,82,191.04,1.99,2.89,1,0,0
2009-01-14,6179,1111009477,79,72,71,109.02,1.38,1.38,0,0,0
2009-01-21,6179,1111009477,62,53,53,85.56,1.38,1.38,0,0,0
2009-01-28,6179,1111009477,60,53,53,82.8,1.38,1.38,0,0,0
2009-02-04,6179,1111009477,62,55,55,85.56,1.38,1.38,0,0,0
2009-02-11,6179,1111009477,72,57,57,106.56,1.48,1.48,0,0,0
2009-02-18,6179,1111009477,57,50,50,84.93,1.49,1.49,0,0,0
2009-02-25,6179,1111009477,100,85,85,149.0,1.49,1.49,0,0,0
2009-03-04,6179,1111009477,86,76,75,128.14,1.49,1.49,0,0,0
2009-03-11,6179,1111009477,87,76,75,127.02,1.46,1.46,0,0,0
2009-03-18,6179,1111009477,126,109,108,187.74,1.49,1.46,0,1,0
2009-03-25,6179,1111009477,117,100,100,173.16,1.48,1.46,0,1,0
2009-04-01,6179,1111009477,130,112,110,191.1,1.47,1.46,0,1,0
2009-04-08,6179,1111009477,129,109,109,192.21,1.49,1.46,0,1,0
2009-04-15,6179,1111009477,77,64,64,113.19,1.47,1.47,0,0,0
2009-04-22,6179,1111009477,59,52,52,87.91,1.49,1.49,0,0,0
2009-04-29,6179,1111009477,58,47,45,69.02,1.19,1.49,0,0,1
2009-05-06,6179,1111009477,74,63,63,108.78,1.47,1.47,0,0,0
2009-05-13,6179,1111009477,88,69,69,129.36,1.47,1.47,0,0,0
2009-01-14,6179,1111009497,63,60,59,87.57,1.39,1.58,0,0,1
2009-01-21,6179,1111009497,63,60,58,86.94,1.38,1.58,0,0,1
2009-01-28,6179,1111009497,74,67,65,102.86,1.39,1.58,0,0,1
2009-02-04,6179,1111009497,65,59,58,89.7,1.38,1.38,0,0,0
2009-02-11,6179,1111009497,56,45,45,84.0,1.5,1.5,0,0,0
2009-02-18,6179,1111009497,72,63,61,107.28,1.49,1.49,0,0,0
2009-02-25,6179,1111009497,68,56,55,101.32,1.49,1.49,0,0,0
2009-03-04,6179,1111009497,75,67,65,111.75,1.49,1.49,0,0,0
2009-03-11,6179,1111009497,73,67,65,106.58,1.46,1.46,0,0,0
2009-03-18,6179,1111009497,91,84,80,132.86,1.46,1.46,0,1,0
2009-03-25,6179,1111009497,90,83,80,134.1,1.49,1.46,0,1,0
2009-04-01,6179,1111009497,113,95,93,166.11,1.47,1.46,0,1,0
2009-04-08,6179,1111009497,114,98,93,169.86,1.49,1.46,0,1,0
2009-04-15,6179,1111009497,59,52,49,87.32,1.48,1.48,0,0,0
2009-04-22,6179,1111009497,47,38,37,69.56,1.48,1.48,0,0,0
2009-04-29,6179,1111009497,51,40,40,75.99,1.49,1.49,0,0,0
2009-05-06,6179,1111009497,78,70,70,116.22,1.49,1.49,0,0,0
2009-05-13,6179,1111009497,70,61,61,103.6,1.48,1.48,0,0,0
2009-01-14,6179,1600027527,65,62,62,185.25,2.85,2.85,0,0,0
2009-01-21,6179,1600027527,44,43,41,140.36,3.19,3.19,0,0,0
2009-01-28,6179,1600027527,46,45,45,142.14,3.09,3.09,0,0,0
2009-02-04,6179,1600027527,61,61,61,194.59,3.19,3.09,0,1,0
2009-02-11,6179,1600027527,760,587,565,1254.0,1.65,3.09,1,1,0
2009-02-18,6179,1600027527,453,359,351,738.39,1.63,3.09,0,1,0
2009-02-25,6179,1600027527,410,306,301,668.3,1.63,3.09,1,1,0
2009-03-04,6179,1600027527,104,76,76,172.64,1.66,3.09,0,1,0
2009-03-11,6179,1600027527,68,63,63,194.48,2.86,3.09,0,1,0
2009-03-18,6179,1600027527,56,55,55,159.6,2.85,2.85,0,0,0
2009-03-25,6179,1600027527,48,46,46,149.76,3.12,3.12,0,0,0
2009-04-01,6179,1600027527,72,70,68,223.2,3.1,3.1,0,0,0
2009-04-08,6179,1600027527,50,48,48,153.0,3.06,3.06,0,0,0
2009-04-15,6179,1600027527,45,43,43,137.25,3.05,3.05,0,0,0
2009-04-22,6179,1600027527,67,62,61,201.0,3.0,3.0,0,0,0
2009-04-29,6179,1600027527,54,52,52,171.72,3.18,3.18,0,0,0
2009-05-06,6179,1600027527,186,143,140,375.72,2.02,3.18,1,0,0
2009-05-13,6179,1600027527,54,50,50,170.1,3.15,3.15,0,0,0
2009-01-14,6179,1600027564,110,89,89,268.4,2.44,2.55,1,0,0
2009-01-21,6179,1600027564,89,81,79,240.3,2.7,2.7,0,0,0
2009-01-28,6179,1600027564,42,36,36,133.98,3.19,3.19,0,0,0
2009-02-04,6179,1600027564,57,45,44,178.98,3.14,3.14,0,0,0
2009-02-11,6179,1600027564,59,58,58,67.26,1.14,3.14,0,0,1
2009-02-18,6179,1600027564,78,74,74,95.94,1.23,3.14,0,0,1
2009-02-25,6179,1600027564,60,56,56,89.4,1.49,3.14,0,0,1
2009-03-04,6179,1600027564,57,53,53,127.68,2.24,3.14,0,0,1
2009-03-11,6179,1600027564,69,65,65,178.71,2.59,3.14,0,0,1
2009-03-18,6179,1600027564,59,57,57,130.98,2.22,3.14,0,0,1
2009-03-25,6179,1600027564,52,51,51,134.16,2.58,2.58,0,0,0
2009-04-01,6179,1600027564,74,65,65,197.58,2.67,2.67,0,0,0
2009-04-08,6179,1600027564,55,52,52,156.75,2.85,2.85,0,0,0
2009-04-15,6179,1600027564,57,53,53,127.68,2.24,2.85,0,0,1
2009-04-22,6179,1600027564,55,54,54,156.2,2.84,2.84,0,0,0
2009-04-29,6179,1600027564,51,47,46,162.69,3.19,3.19,0,0,0
2009-05-06,6179,1600027564,39,38,38,124.41,3.19,3.19,0,0,0
2009-05-13,6179,1600027564,60,58,58,188.4,3.14,3.14,0,0,0
2009-01-14,6187,1111009477,69,66,66,95.22,1.38,1.58,0,1,0
2009-01-21,6187,1111009477,59,50,50,81.42,1.38,1.58,0,0,1
2009-01-28,6187,1111009477,64,57,56,88.32,1.38,1.38,0,0,0
2009-02-04,6187,1111009477,175,164,160,243.25,1.39,1.38,0,1,0
2009-02-11,6187,1111009477,145,124,124,216.05,1.49,1.38,0,1,0
2009-02-18,6187,1111009477,94,84,84,141.0,1.5,1.38,0,1,0
2009-02-25,6187,1111009477,97,83,82,144.53,1.49,1.38,0,1,0
2009-03-04,6187,1111009477,70,62,62,105.0,1.5,1.38,0,1,0
2009-03-11,6187,1111009477,82,65,64,119.72,1.46,1.38,0,1,0
2009-03-18,6187,1111009477,74,54,54,106.56,1.44,1.44,0,0,0
2009-03-25,6187,1111009477,74,68,68,111.0,1.5,1.5,0,0,0
2009-04-01,6187,1111009477,73,64,64,108.77,1.49,1.49,0,0,0
2009-04-08,6187,1111009477,67,62,62,99.83,1.49,1.49,0,0,0
2009-04-15,6187,1111009477,56,49,48,82.32,1.47,1.49,0,1,0
2009-04-22,6187,1111009477,66,61,60,81.84,1.24,1.49,0,0,1
2009-04-29,6187,1111009477,85,74,74,103.7,1.22,1.49,0,1,0
2009-05-06,6187,1111009477,99,76,76,123.75,1.25,1.49,0,1,0
2009-05-13,6187,1111009477,91,75,74,111.93,1.23,1.49,0,1,0
2009-01-14,6187,1600027527,32,30,29,92.8,2.9,2.9,0,0,0
2009-01-21,6187,1600027527,19,18,18,60.61,3.19,3.19,0,0,0
2009-01-28,6187,1600027527,26,25,25,82.94,3.19,3.19,0,0,0
2009-02-04,6187,1600027527,25,24,24,79.25,3.17,3.17,0,0,0
2009-02-11,6187,1600027527,899,610,581,1492.34,1.66,3.17,1,1,0
2009-02-18,6187,1600027527,476,356,353,780.64,1.64,3.17,0,1,0
2009-02-25,6187,1600027527,727,509,496,1206.82,1.66,3.17,1,1,0
2009-03-04,6187,1600027527,226,168,167,372.9,1.65,3.17,0,1,0
2009-03-11,6187,1600027527,46,34,34,125.58,2.73,3.17,0,0,1
2009-03-18,6187,1600027527,44,37,36,137.28,3.12,3.12,0,0,0
2009-03-25,6187,1600027527,36,35,35,111.24,3.09,3.09,0,0,0
2009-04-01,6187,1600027527,34,29,29,102.0,3.0,3.0,0,0,0
2009-04-08,6187,1600027527,56,51,51,162.96,2.91,2.91,0,0,0
2009-04-15,6187,1600027527,55,48,48,172.15,3.13,3.13,0,0,0
2009-04-22,6187,1600027527,30,28,27,92.4,3.08,3.08,0,0,0
2009-04-29,6187,1600027527,31,29,28,98.58,3.18,3.18,0,0,0
2009-05-06,6187,1600027527,263,175,171,526.0,2.0,3.18,1,0,0
2009-05-13,6187,1600027527,37,31,31,102.12,2.76,3.18,0,0,1
2009-01-14,6187,1600027564,95,83,81,242.25,2.55,2.85,1,0,0
2009-01-21,6187,1600027564,44,36,36,117.92,2.68,2.68,0,0,0
2009-01-28,6187,1600027564,33,29,29,105.27,3.19,3.19,0,0,0
2009-02-04,6187,1600027564,38,34,33,121.22,3.19,3.19,0,0,0
2009-02-11,6187,1600027564,18,16,14,57.42,3.19,3.19,0,0,0
2009-02-18,6187,1600027564,64,64,62,51.2,0.8,3.19,0,0,1
2009-02-25,6187,1600027564,74,73,71,114.7,1.55,3.19,0,0,1
2009-03-04,6187,1600027564,53,46,45,130.91,2.47,3.19,0,0,1
2009-03-11,6187,1600027564,51,46,44,102.0,2.0,3.19,0,0,1
2009-03-18,6187,1600027564,58,55,53,140.36,2.42,3.19,0,0,1
2009-03-25,6187,1600027564,49,41,40,127.4,2.6,3.19,0,0,1
2009-04-01,6187,1600027564,41,38,37,98.4,2.4,2.4,0,0,0
2009-04-08,6187,1600027564,66,54,50,176.22,2.67,2.67,0,0,0
2009-04-15,6187,1600027564,45,40,39,137.25,3.05,3.05,0,0,0
2009-04-22,6187,1600027564,42,35,34,124.32,2.96,2.96,0,0,0
2009-04-29,6187,1600027564,26,22,22,82.94,3.19,3.19,0,0,0
2009-05-06,6187,1600027564,22,22,21,68.64,3.12,3.12,0,0,0
2009-05-13,6187,1600027564,54,53,51,98.82,1.83,3.12,0,0,1
2009-01-14,6379,1111009477,50,50,48,59.0,1.18,1.18,0,0,0
2009-01-21,6379,1111009477,76,63,63,74.48,0.98,1.18,1,0,0
2009-01-28,6379,1111009477,64,51,51,62.72,0.98,1.18,0,0,1
2009-02-04,6379,1111009477,62,60,59,71.92,1.16,1.16,0,0,0
2009-02-11,6379,1111009477,59,54,52,69.03,1.17,1.16,0,1,0
2009-02-18,6379,1111009477,49,44,44,57.33,1.17,1.17,0,0,0
2009-02-25,6379,1111009477,51,49,47,59.67,1.17,1.17,0,0,0
2009-03-04,6379,1111009477,111,92,92,105.45,0.95,1.17,1,0,0
2009-03-11,6379,1111009477,66,60,59,75.24,1.14,1.14,0,0,0
2009-03-18,6379,1111009477,58,53,52,66.12,1.14,1.14,0,0,0
2009-03-25,6379,1111009477,56,44,43,62.16,1.11,1.11,0,0,0
2009-04-01,6379,1111009477,62,56,54,71.92,1.16,1.16,0,0,0
2009-04-08,6379,1111009477,64,59,56,72.96,1.14,1.14,0,0,0
2009-04-15,6379,1111009477,39,38,37,44.85,1.15,1.15,0,0,0
2009-04-22,6379,1111009477,38,38,37,43.7,1.15,1.15,0,0,0
2009-04-29,6379,1111009477,38,38,38,44.84,1.18,1.18,0,0,0
2009-05-06,6379,1111009477,44,41,40,51.04,1.16,1.16,0,0,0
2009-05-13,6379,1111009477,50,45,42,57.5,1.15,1.15,0,0,0
2009-01-14,6379,3800031838,32,32,32,89.6,2.8,2.8,0,0,0
2009-01-21,6379,3800031838,31,30,30,85.25,2.75,2.75,0,0,0
2009-01-28,6379,3800031838,24,24,23,69.36,2.89,2.89,0,0,0
2009-02-04,6379,3800031838,23,23,23,66.47,2.89,2.89,0,0,0
2009-02-11,6379,3800031838,27,27,27,60.75,2.25,2.89,0,0,1
2009-02-18,6379,3800031838,28,26,26,72.24,2.58,2.89,0,0,1
2009-02-25,6379,3800031838,28,26,23,75.04,2.68,2.68,0,0,0
2009-03-04,6379,3800031838,24,23,23,69.36,2.89,2.89,0,0,0
2009-03-11,6379,3800031838,21,20,19,55.23,2.63,2.63,0,0,0
2009-03-18,6379,3800031838,30,29,29,81.0,2.7,2.7,0,0,0
2009-03-25,6379,3800031838,22,21,21,60.72,2.76,2.76,0,0,0
2009-04-01,6379,3800031838,23,21,21,60.72,2.64,2.64,0,0,0
2009-04-08,6379,3800031838,32,32,32,92.48,2.89,2.89,0,0,0
2009-04-15,6379,3800031838,34,33,33,95.54,2.81,2.81,0,0,0
2009-04-22,6379,3800031838,28,28,28,80.92,2.89,2.89,0,0,0
2009-04-29,6379,3800031838,27,27,26,78.03,2.89,2.89,0,0,0
2009-05-06,6379,3800031838,32,31,31,91.2,2.85,2.85,0,0,0
2009-05-13,6379,3800031838,190,146,142,372.4,1.96,2.85,1,1,0
2009-01-14,6431,1111009477,30,28,28,35.1,1.17,1.17,0,0,0
2009-01-21,6431,1111009477,59,48,47,57.82,0.98,1.17,1,0,0
2009-01-28,6431,1111009477,42,35,35,41.16,0.98,1.17,0,0,1
2009-02-04,6431,1111009477,41,33,32,48.38,1.18,1.18,0,0,0
2009-02-11,6431,1111009477,26,22,22,30.42,1.17,1.17,0,0,0
2009-02-18,6431,1111009477,19,16,16,21.85,1.15,1.15,0,0,0
2009-02-25,6431,1111009477,28,25,23,31.36,1.12,1.12,0,0,0
2009-03-04,6431,1111009477,65,59,59,63.7,0.98,1.12,1,0,0
2009-03-11,6431,1111009477,33,25,25,37.29,1.13,1.13,0,0,0
2009-03-18,6431,1111009477,31,28,28,36.27,1.17,1.17,0,0,0
2009-03-25,6431,1111009477,32,27,25,36.16,1.13,1.13,0,0,0
2009-04-01,6431,1111009477,40,36,35,46.4,1.16,1.16,0,0,0
2009-04-08,6431,1111009477,19,19,19,21.28,1.12,1.12,0,0,0
2009-04-15,6431,1111009477,33,27,27,38.28,1.16,1.16,0,0,0
2009-04-22,6431,1111009477,35,30,30,40.95,1.17,1.17,0,0,0
2009-04-29,6431,1111009477,38,30,30,43.7,1.15,1.15,0,0,0
2009-05-06,6431,1111009477,27,24,21,31.59,1.17,1.17,0,0,0
2009-05-13,6431,1111009477,26,23,23,30.42,1.17,1.17,0,0,0
2009-01-14,6431,1111009497,35,34,34,36.05,1.03,1.19,0,0,1
2009-01-21,6431,1111009497,33,30,29,32.67,0.99,1.19,1,0,0
2009-01-28,6431,1111009497,20,18,18,19.6,0.98,1.19,0,0,1
2009-02-04,6431,1111009497,25,24,24,29.25,1.17,1.17,0,0,0
2009-02-11,6431,1111009497,23,22,22,26.91,1.17,1.17,0,0,0
2009-02-18,6431,1111009497,16,15,15,18.88,1.18,1.18,0,0,0
2009-02-25,6431,1111009497,15,13,12,17.85,1.19,1.19,0,0,0
2009-03-04,6431,1111009497,20,20,20,19.4,0.97,1.19,1,0,0
2009-03-11,6431,1111009497,13,12,12,15.34,1.18,1.18,0,0,0
2009-03-18,6431,1111009497,16,16,16,18.56,1.16,1.16,0,0,0
2009-03-25,6431,1111009497,17,15,15,19.55,1.15,1.15,0,0,0
2009-04-01,6431,1111009497,21,21,21,24.57,1.17,1.17,0,0,0
2009-04-08,6431,1111009497,24,23,23,27.6,1.15,1.15,0,0,0
2009-04-15,6431,1111009497,19,18,18,21.85,1.15,1.15,0,0,0
2009-04-22,6431,1111009497,17,16,16,20.06,1.18,1.18,0,0,0
2009-04-29,6431,1111009497,21,17,17,23.94,1.14,1.14,0,0,0
2009-05-06,6431,1111009497,17,15,15,20.06,1.18,1.18,0,0,0
2009-05-13,6431,1111009497,13,12,12,14.95,1.15,1.15,0,0,0
2009-01-14,6431,1600027527,30,29,29,95.7,3.19,3.19,0,0,0
2009-01-21,6431,1600027527,20,20,20,63.8,3.19,3.19,0,0,0
2009-01-28,6431,1600027527,37,31,31,118.03,3.19,3.19,0,0,0
2009-02-04,6431,1600027527,36,34,34,114.84,3.19,3.19,0,0,0
2009-02-11,6431,1600027527,244,160,156,405.04,1.66,3.19,1,1,0
2009-02-18,6431,1600027527,173,111,108,275.07,1.59,3.19,0,1,0
2009-02-25,6431,1600027527,175,136,135,292.25,1.67,3.19,1,1,0
2009-03-04,6431,1600027527,77,63,62,130.13,1.69,3.19,0,1,0
2009-03-11,6431,1600027527,67,48,48,114.57,1.71,3.19,0,1,0
2009-03-18,6431,1600027527,45,41,41,96.3,2.14,3.19,0,1,0
2009-03-25,6431,1600027527,30,26,26,91.8,3.06,3.06,0,0,0
2009-04-01,6431,1600027527,40,36,36,126.4,3.16,3.16,0,0,0
2009-04-08,6431,1600027527,31,30,30,95.79,3.09,3.09,0,0,0
2009-04-15,6431,1600027527,34,31,31,105.4,3.1,3.1,0,0,0
2009-04-22,6431,1600027527,41,35,35,130.79,3.19,3.19,0,0,0
2009-04-29,6431,1600027527,28,25,25,89.32,3.19,3.19,0,0,0
2009-05-06,6431,1600027527,78,61,61,156.0,2.0,3.19,1,0,0
2009-05-13,6431,1600027527,34,33,32,88.06,2.59,3.19,0,0,1
2009-01-14,6431,1600027564,20,20,20,59.6,2.98,2.98,0,0,0
2009-01-21,6431,1600027564,36,26,26,96.12,2.67,2.98,1,0,0
2009-01-28,6431,1600027564,21,21,21,65.94,3.14,3.14,0,0,0
2009-02-04,6431,1600027564,18,18,18,56.52,3.14,3.14,0,0,0
2009-02-11,6431,1600027564,29,25,25,65.83,2.27,3.14,0,0,1
2009-02-18,6431,1600027564,19,19,19,44.84,2.36,3.14,0,0,1
2009-02-25,6431,1600027564,23,23,23,69.0,3.0,3.0,0,0,0
2009-03-04,6431,1600027564,24,22,22,72.24,3.01,3.01,0,0,0
2009-03-11,6431,1600027564,16,16,16,40.8,2.55,3.01,0,0,1
2009-03-18,6431,1600027564,16,16,15,44.0,2.75,2.75,0,0,0
2009-03-25,6431,1600027564,23,22,22,62.79,2.73,2.73,0,0,0
2009-04-01,6431,1600027564,16,16,16,47.04,2.94,2.94,0,0,0
2009-04-08,6431,1600027564,12,11,11,37.68,3.14,3.14,0,0,0
2009-04-15,6431,1600027564,20,18,18,53.4,2.67,3.14,0,0,1
2009-04-22,6431,1600027564,24,23,23,75.36,3.14,3.14,0,0,0
2009-04-29,6431,1600027564,14,14,14,43.96,3.14,3.14,0,0,0
2009-05-06,6431,1600027564,16,16,16,50.24,3.14,3.14,0,0,0
2009-05-13,6431,1600027564,25,25,25,47.0,1.88,3.14,0,0,1
2009-01-14,8035,1111009477,4,4,4,5.56,1.39,1.39,0,0,0
2009-01-21,8035,1111009477,8,8,8,11.12,1.39,1.39,0,0,0
2009-01-28,8035,1111009477,4,4,4,5.68,1.42,1.42,0,0,0
2009-02-04,8035,1111009477,7,7,7,9.59,1.37,1.37,0,0,0
2009-02-11,8035,1111009477,3,3,3,4.5,1.5,1.5,0,0,0
2009-02-18,8035,1111009477,4,4,4,6.0,1.5,1.5,0,1,0
2009-02-25,8035,1111009477,4,4,4,5.88,1.47,1.5,0,1,0
2009-03-04,8035,1111009477,1,1,1,1.5,1.5,1.5,0,1,0
2009-03-11,8035,1111009477,5,4,4,7.5,1.5,1.5,0,1,0
2009-03-18,8035,1111009477,7,5,5,10.5,1.5,1.5,0,1,0
2009-03-25,8035,1111009477,11,10,9,16.5,1.5,1.5,0,1,0
2009-04-01,8035,1111009477,5,4,4,7.35,1.47,1.47,0,0,0
2009-04-08,8035,1111009477,6,6,6,8.88,1.48,1.47,0,1,0
2009-04-15,8035,1111009477,7,6,6,10.36,1.48,1.48,0,0,0
2009-04-22,8035,1111009477,6,4,3,9.0,1.5,1.48,0,1,0
2009-05-06,8035,1111009477,5,4,4,7.5,1.5,1.5,0,0,0
2009-05-13,8035,1111009477,3,3,3,4.5,1.5,1.5,0,0,0
2009-01-14,8035,1111009497,9,9,9,12.33,1.37,1.37,0,0,0
2009-01-21,8035,1111009497,5,5,5,6.95,1.39,1.39,0,0,0
2009-01-28,8035,1111009497,8,6,6,11.12,1.39,1.39,0,0,0
2009-02-04,8035,1111009497,14,13,13,19.46,1.39,1.39,0,0,0
2009-02-11,8035,1111009497,6,6,6,8.88,1.48,1.48,0,0,0
2009-02-18,8035,1111009497,10,9,9,15.0,1.5,1.5,0,0,0
2009-02-25,8035,1111009497,3,3,3,4.38,1.46,1.46,0,0,0
2009-03-04,8035,1111009497,4,4,4,6.0,1.5,1.5,0,0,0
2009-03-11,8035,1111009497,8,8,8,11.84,1.48,1.48,0,0,0
2009-03-18,8035,1111009497,4,4,4,6.0,1.5,1.5,0,0,0
2009-03-25,8035,1111009497,4,4,4,6.0,1.5,1.5,0,0,0
2009-04-01,8035,1111009497,6,6,6,9.0,1.5,1.5,0,0,0
2009-04-08,8035,1111009497,4,3,3,6.0,1.5,1.5,0,0,0
2009-04-15,8035,1111009497,5,5,5,7.5,1.5,1.5,0,0,0
2009-04-22,8035,1111009497,1,1,1,1.5,1.5,1.5,0,0,0
2009-04-29,8035,1111009497,3,3,3,4.5,1.5,1.5,0,0,0
2009-05-06,8035,1111009497,3,3,3,4.5,1.5,1.5,0,0,0
2009-05-13,8035,1111009497,6,5,5,8.88,1.48,1.48,0,0,0
