EN/S08_09_Retail_Analytics/data/cereals_data_filtered.csv
WEEK_END_DATE,STORE_NUM,UPC,UNITS,VISITS,HHS,SPEND,PRICE,BASE_PRICE,FEATURE,DISPLAY,TPR_ONLY
2009-01-14,8035,1600027527,5,5,5,15.95,3.19,3.19,0,0,0
2009-01-21,8035,1600027527,6,5,5,19.14,3.19,3.19,0,0,0
2009-01-28,8035,1600027527,8,7,7,25.52,3.19,3.19,0,0,0
2009-02-04,8035,1600027527,2,2,2,6.38,3.19,3.19,0,0,0
2009-02-11,8035,1600027527,85,75,73,141.95,1.67,3.19,1,0,0
2009-02-18,8035,1600027527,48,41,41,81.6,1.7,3.19,0,1,0
2009-02-25,8035,1600027527,83,72,72,136.95,1.65,3.19,1,1,0
2009-03-04,8035,1600027527,11,9,9,19.25,1.75,3.19,0,0,1
2009-03-11,8035,1600027527,13,12,12,41.47,3.19,3.19,0,0,0
2009-03-18,8035,1600027527,2,2,2,6.38,3.19,3.19,0,0,0
2009-03-25,8035,1600027527,6,6,6,19.14,3.19,3.19,0,0,0
2009-04-08,8035,1600027527,10,8,8,28.7,2.87,3.19,0,0,1
2009-04-15,8035,1600027527,7,7,7,20.72,2.96,2.96,0,0,0
2009-04-22,8035,1600027527,2,2,2,6.38,3.19,3.19,0,0,0
2009-04-29,8035,1600027527,3,3,3,9.57,3.19,3.19,0,0,0
2009-05-06,8035,1600027527,31,26,26,63.24,2.04,3.19,1,0,0
2009-05-13,8035,1600027527,4,4,4,11.16,2.79,3.19,0,0,1
2009-01-14,8035,1600027564,16,15,11,45.92,2.87,3.19,1,0,0
2009-01-21,8035,1600027564,6,4,3,14.82,2.47,3.19,0,0,1
2009-01-28,8035,1600027564,3,3,3,9.57,3.19,3.19,0,0,0
2009-02-04,8035,1600027564,4,4,2,12.76,3.19,3.19,0,0,0
2009-02-11,8035,1600027564,5,4,2,15.95,3.19,3.19,0,0,0
2009-02-18,8035,1600027564,5,4,3,12.75,2.55,3.19,0,0,1
2009-02-25,8035,1600027564,7,6,6,19.11,2.73,3.19,0,0,1
2009-03-04,8035,1600027564,10,9,6,28.7,2.87,3.19,0,0,1
2009-03-11,8035,1600027564,5,4,2,15.95,3.19,3.19,0,0,0
2009-03-18,8035,1600027564,2,2,2,6.38,3.19,3.19,0,0,0
2009-03-25,8035,1600027564,11,8,5,31.9,2.9,2.9,0,0,0
2009-04-01,8035,1600027564,12,10,3,38.28,3.19,3.19,0,0,0
2009-04-08,8035,1600027564,8,8,1,25.52,3.19,3.19,0,0,0
2009-04-15,8035,1600027564,4,4,3,9.56,2.39,3.19,0,0,1
2009-04-22,8035,1600027564,3,3,3,3.18,1.06,3.19,0,0,1
2009-04-29,8035,1600027564,9,8,3,28.71,3.19,3.19,0,0,0
2009-05-06,8035,1600027564,4,4,1,12.76,3.19,3.19,0,0,0
2009-05-13,8035,1600027564,6,6,5,19.14,3.19,3.19,0,0,0
2009-01-14,8041,1111009477,44,43,42,60.72,1.38,1.29,0,1,0
2009-01-21,8041,1111009477,55,51,50,75.9,1.38,1.29,0,1,0
2009-01-28,8041,1111009477,41,36,36,56.17,1.37,1.37,0,0,0
2009-02-04,8041,1111009477,45,42,42,61.65,1.37,1.37,0,0,0
2009-02-11,8041,1111009477,35,27,26,51.8,1.48,1.48,0,0,0
2009-02-18,8041,1111009477,47,41,41,70.5,1.5,1.5,0,0,0
2009-02-25,8041,1111009477,42,37,37,62.58,1.49,1.49,0,0,0
2009-03-04,8041,1111009477,43,34,33,64.07,1.49,1.49,0,0,0
2009-03-11,8041,1111009477,48,41,41,71.04,1.48,1.48,0,0,0
2009-03-18,8041,1111009477,41,33,33,60.27,1.47,1.47,0,0,0
2009-03-25,8041,1111009477,36,29,28,54.0,1.5,1.5,0,0,0
2009-04-01,8041,1111009477,34,28,28,50.32,1.48,1.48,0,0,0
2009-04-08,8041,1111009477,33,31,31,48.84,1.48,1.48,0,0,0
2009-04-15,8041,1111009477,26,21,21,39.0,1.5,1.5,0,0,0
2009-04-22,8041,1111009477,43,32,32,64.07,1.49,1.49,0,0,0
2009-04-29,8041,1111009477,22,17,17,32.78,1.49,1.49,0,0,0
2009-05-06,8041,1111009477,34,29,29,50.66,1.49,1.49,0,0,0
2009-05-13,8041,1111009477,25,22,22,37.5,1.5,1.5,0,0,0
2009-01-14,8041,1111009497,56,53,52,77.28,1.38,1.58,0,1,0
2009-01-21,8041,1111009497,60,57,57,82.8,1.38,1.58,0,1,0
2009-01-28,8041,1111009497,28,27,27,38.92,1.39,1.58,0,0,1
2009-02-04,8041,1111009497,47,40,40,64.86,1.38,1.58,0,0,1
2009-02-11,8041,1111009497,47,39,39,68.62,1.46,1.46,0,0,0
2009-02-18,8041,1111009497,28,24,24,41.72,1.49,1.49,0,0,0
2009-02-25,8041,1111009497,31,27,27,46.5,1.5,1.5,0,0,0
2009-03-04,8041,1111009497,63,54,53,93.24,1.48,1.48,0,0,0
2009-03-11,8041,1111009497,53,47,46,78.44,1.48,1.48,0,0,0
2009-03-18,8041,1111009497,35,29,29,51.1,1.46,1.46,0,0,0
2009-03-25,8041,1111009497,34,33,33,50.66,1.49,1.49,0,0,0
2009-04-01,8041,1111009497,29,25,25,42.92,1.48,1.48,0,0,0
2009-04-08,8041,1111009497,35,30,30,52.5,1.5,1.5,0,0,0
2009-04-15,8041,1111009497,20,18,18,29.6,1.48,1.48,0,0,0
2009-04-22,8041,1111009497,37,33,31,55.13,1.49,1.49,0,0,0
2009-04-29,8041,1111009497,17,16,16,24.48,1.44,1.44,0,0,0
2009-05-06,8041,1111009497,40,35,35,59.6,1.49,1.49,0,0,0
2009-05-13,8041,1111009497,36,34,33,54.0,1.5,1.5,0,0,0
2009-01-14,8041,1600027564,51,45,45,122.91,2.41,3.0,1,0,0
2009-01-21,8041,1600027564,24,22,22,65.04,2.71,2.71,0,0,0
2009-01-28,8041,1600027564,32,28,28,102.08,3.19,3.19,0,0,0
2009-02-04,8041,1600027564,11,11,11,35.09,3.19,3.19,0,0,0
2009-02-11,8041,1600027564,35,35,33,82.95,2.37,3.19,0,0,1
2009-02-18,8041,1600027564,29,27,26,41.47,1.43,3.19,0,0,1
2009-02-25,8041,1600027564,33,33,33,65.01,1.97,3.19,0,0,1
2009-03-04,8041,1600027564,35,34,34,73.5,2.1,3.19,0,0,1
2009-03-11,8041,1600027564,16,14,14,31.84,1.99,3.19,0,0,1
2009-03-18,8041,1600027564,27,27,26,73.71,2.73,3.19,0,0,1
2009-03-25,8041,1600027564,25,25,25,73.25,2.93,2.93,0,0,0
2009-04-01,8041,1600027564,28,28,28,79.8,2.85,2.85,0,0,0
2009-04-08,8041,1600027564,24,24,24,66.96,2.79,2.79,0,0,0
2009-04-15,8041,1600027564,24,24,24,61.2,2.55,2.55,0,0,0
2009-04-22,8041,1600027564,29,26,26,89.32,3.08,3.08,0,0,0
2009-04-29,8041,1600027564,22,20,19,70.18,3.19,3.19,0,0,0
2009-05-06,8041,1600027564,13,13,13,41.47,3.19,3.19,0,0,0
2009-05-13,8041,1600027564,25,26,26,79.75,3.19,3.19,0,0,0
2009-01-14,8041,3800031838,20,20,20,59.8,2.99,2.99,0,0,0
2009-01-21,8041,3800031838,21,21,21,62.79,2.99,2.99,0,0,0
2009-01-28,8041,3800031838,24,23,23,71.76,2.99,2.99,0,0,0
2009-02-04,8041,3800031838,13,13,13,38.87,2.99,2.99,0,0,0
2009-02-11,8041,3800031838,10,10,10,26.9,2.69,2.99,0,0,1
2009-02-18,8041,3800031838,9,9,9,20.97,2.33,2.99,0,0,1
2009-02-25,8041,3800031838,8,8,8,14.96,1.87,2.99,0,0,1
2009-03-04,8041,3800031838,14,14,14,21.0,1.5,2.99,0,0,1
2009-03-11,8041,3800031838,8,8,8,20.96,2.62,2.99,0,0,1
2009-03-18,8041,3800031838,14,14,14,38.92,2.78,2.78,0,0,0
2009-03-25,8041,3800031838,22,22,22,60.06,2.73,2.73,0,0,0
2009-04-01,8041,3800031838,12,12,12,32.88,2.74,2.74,0,0,0
2009-04-08,8041,3800031838,17,17,17,47.77,2.81,2.81,0,0,0
2009-04-15,8041,3800031838,12,12,12,35.88,2.99,2.99,0,0,0
2009-04-22,8041,3800031838,16,16,16,47.84,2.99,2.99,0,0,0
2009-04-29,8041,3800031838,11,11,11,32.89,2.99,2.99,0,0,0
2009-05-06,8041,3800031838,21,21,21,62.79,2.99,2.99,0,0,0
2009-05-13,8041,3800031838,92,86,84,183.08,1.99,2.99,1,1,0
2009-01-14,8263,1111009477,40,30,30,47.2,1.18,1.18,0,0,0
2009-01-21,8263,1111009477,51,47,46,50.49,0.99,1.18,1,0,0
2009-01-28,8263,1111009477,44,41,40,43.56,0.99,1.18,0,1,0
2009-02-04,8263,1111009477,37,34,34,43.29,1.17,1.18,0,1,0
2009-02-11,8263,1111009477,43,39,37,50.74,1.18,1.18,0,1,0
2009-02-18,8263,1111009477,41,39,38,47.97,1.17,1.17,0,0,0
2009-02-25,8263,1111009477,60,57,56,70.8,1.18,1.17,0,1,0
2009-03-04,8263,1111009477,65,57,55,62.4,0.96,1.17,1,1,0
2009-03-11,8263,1111009477,50,42,41,57.0,1.14,1.14,0,0,0
2009-03-18,8263,1111009477,26,21,20,29.38,1.13,1.13,0,0,0
2009-03-25,8263,1111009477,32,27,25,37.12,1.16,1.16,0,0,0
2009-04-01,8263,1111009477,58,47,46,66.12,1.14,1.14,0,0,0
2009-04-08,8263,1111009477,45,43,43,52.65,1.17,1.17,0,0,0
2009-04-15,8263,1111009477,45,40,39,52.65,1.17,1.17,0,0,0
2009-04-22,8263,1111009477,37,37,36,42.92,1.16,1.16,0,0,0
2009-04-29,8263,1111009477,45,41,40,52.65,1.17,1.17,0,0,0
2009-05-06,8263,1111009477,43,29,29,49.45,1.15,1.15,0,0,0
2009-05-13,8263,1111009477,38,35,34,44.46,1.17,1.17,0,0,0
2009-01-14,8263,3800031838,26,24,23,75.14,2.89,2.89,0,0,0
2009-01-21,8263,3800031838,22,21,21,63.58,2.89,2.89,0,0,0
2009-01-28,8263,3800031838,32,31,29,92.48,2.89,2.89,0,0,0
2009-02-04,8263,3800031838,23,23,23,66.47,2.89,2.89,0,0,0
2009-02-11,8263,3800031838,28,27,27,75.04,2.68,2.68,0,0,0
2009-02-18,8263,3800031838,25,25,25,63.5,2.54,2.54,0,0,0
2009-02-25,8263,3800031838,29,28,27,78.01,2.69,2.69,0,0,0
2009-03-04,8263,3800031838,29,29,29,80.91,2.79,2.79,0,0,0
2009-03-11,8263,3800031838,31,30,29,83.7,2.7,2.7,0,0,0
2009-03-18,8263,3800031838,16,16,16,43.36,2.71,2.71,0,0,0
2009-03-25,8263,3800031838,30,29,29,86.7,2.89,2.89,0,0,0
2009-04-01,8263,3800031838,22,22,22,60.72,2.76,2.76,0,0,0
2009-04-08,8263,3800031838,21,20,20,60.69,2.89,2.89,0,0,0
2009-04-15,8263,3800031838,26,24,23,75.14,2.89,2.89,0,0,0
2009-04-22,8263,3800031838,27,27,27,75.06,2.78,2.78,0,0,0
2009-04-29,8263,3800031838,27,27,26,78.03,2.89,2.89,0,0,0
2009-05-06,8263,3800031838,37,31,30,106.93,2.89,2.89,0,0,0
2009-05-13,8263,3800031838,95,86,84,185.25,1.95,2.89,1,1,0
2009-01-14,9825,1111009477,114,102,101,157.32,1.38,1.38,0,0,0
2009-01-21,9825,1111009477,113,100,99,155.94,1.38,1.38,0,0,0
2009-01-28,9825,1111009477,140,128,127,193.2,1.38,1.38,0,1,0
2009-02-04,9825,1111009477,138,123,120,190.44,1.38,1.38,0,1,0
2009-02-11,9825,1111009477,135,111,110,199.8,1.48,1.38,0,1,0
2009-02-18,9825,1111009477,108,99,97,160.92,1.49,1.38,0,1,0
2009-02-25,9825,1111009477,119,103,101,177.31,1.49,1.38,0,1,0
2009-03-04,9825,1111009477,141,117,115,207.27,1.47,1.38,0,1,0
2009-03-11,9825,1111009477,147,123,123,214.62,1.46,1.38,0,1,0
2009-03-18,9825,1111009477,134,115,111,195.64,1.46,1.38,0,1,0
2009-03-25,9825,1111009477,180,157,151,264.6,1.47,1.38,0,1,0
2009-04-01,9825,1111009477,144,127,122,213.12,1.48,1.38,0,1,0
2009-04-08,9825,1111009477,154,134,133,227.92,1.48,1.38,0,1,0
2009-04-15,9825,1111009477,115,97,97,171.35,1.49,1.49,0,0,0
2009-04-22,9825,1111009477,86,76,73,128.14,1.49,1.49,0,0,0
2009-04-29,9825,1111009477,94,76,75,140.06,1.49,1.49,0,0,0
2009-05-06,9825,1111009477,110,93,92,163.9,1.49,1.49,0,0,0
2009-05-13,9825,1111009477,105,88,87,155.4,1.48,1.48,0,0,0
2009-01-14,9825,1111009497,119,113,112,164.22,1.38,1.58,0,0,1
2009-01-21,9825,1111009497,133,112,110,183.54,1.38,1.58,0,0,1
2009-01-28,9825,1111009497,129,117,116,176.73,1.37,1.58,0,1,0
2009-02-04,9825,1111009497,121,110,110,166.98,1.38,1.58,0,1,0
2009-02-11,9825,1111009497,118,99,99,174.64,1.48,1.58,0,1,0
2009-02-18,9825,1111009497,112,105,103,166.88,1.49,1.58,0,1,0
2009-02-25,9825,1111009497,118,105,104,175.82,1.49,1.58,0,1,0
2009-03-04,9825,1111009497,147,133,129,217.56,1.48,1.58,0,1,0
2009-03-11,9825,1111009497,128,105,104,189.44,1.48,1.58,0,1,0
2009-03-18,9825,1111009497,88,72,71,130.24,1.48,1.58,0,1,0
2009-03-25,9825,1111009497,170,147,144,249.9,1.47,1.58,0,1,0
2009-04-01,9825,1111009497,166,149,146,245.68,1.48,1.58,0,1,0
2009-04-08,9825,1111009497,129,111,109,192.21,1.49,1.58,0,1,0
2009-04-15,9825,1111009497,100,89,88,148.0,1.48,1.48,0,0,0
2009-04-22,9825,1111009497,80,73,70,118.4,1.48,1.48,0,0,0
2009-04-29,9825,1111009497,74,68,67,110.26,1.49,1.49,0,0,0
2009-05-06,9825,1111009497,98,88,87,145.04,1.48,1.48,0,0,0
2009-05-13,9825,1111009497,84,71,70,124.32,1.48,1.48,0,0,0
2009-01-14,9825,1600027527,97,91,91,296.82,3.06,3.06,0,0,0
2009-01-21,9825,1600027527,59,56,56,188.21,3.19,3.19,0,0,0
2009-01-28,9825,1600027527,76,75,75,242.44,3.19,3.19,0,0,0
2009-02-04,9825,1600027527,87,71,71,275.79,3.17,3.17,0,0,0
2009-02-11,9825,1600027527,902,655,642,1470.26,1.63,3.17,1,1,0
2009-02-18,9825,1600027527,636,467,455,1017.6,1.6,3.17,0,1,0
2009-02-25,9825,1600027527,658,498,486,1079.12,1.64,3.17,1,1,0
2009-03-04,9825,1600027527,137,110,108,226.05,1.65,3.17,0,1,0
2009-03-11,9825,1600027527,65,62,62,183.95,2.83,3.17,0,0,1
2009-03-18,9825,1600027527,86,77,77,261.44,3.04,3.04,0,0,0
2009-03-25,9825,1600027527,83,78,78,253.98,3.06,3.06,0,0,0
2009-04-01,9825,1600027527,87,79,79,268.83,3.09,3.09,0,0,0
2009-04-08,9825,1600027527,108,93,93,333.72,3.09,3.09,0,0,0
2009-04-15,9825,1600027527,81,73,73,238.95,2.95,2.95,0,0,0
2009-04-22,9825,1600027527,73,67,67,210.24,2.88,2.88,0,0,0
2009-04-29,9825,1600027527,68,64,64,216.92,3.19,3.19,0,0,0
2009-05-06,9825,1600027527,258,187,185,516.0,2.0,3.19,1,0,0
2009-05-13,9825,1600027527,55,50,50,172.15,3.13,3.13,0,0,0
2009-01-14,9825,1600027564,192,146,145,483.84,2.52,2.91,1,0,0
2009-01-21,9825,1600027564,99,87,87,262.35,2.65,2.65,0,0,0
2009-01-28,9825,1600027564,78,72,68,246.48,3.16,3.16,0,0,0
2009-02-04,9825,1600027564,83,75,75,264.77,3.19,3.19,0,0,0
2009-02-11,9825,1600027564,126,121,121,149.94,1.19,3.19,0,0,1
2009-02-18,9825,1600027564,107,105,105,73.83,0.69,3.19,0,0,1
2009-02-25,9825,1600027564,105,104,104,127.05,1.21,3.19,0,0,1
2009-03-04,9825,1600027564,85,80,80,165.75,1.95,3.19,0,0,1
2009-03-11,9825,1600027564,99,92,92,195.03,1.97,3.19,0,0,1
2009-03-18,9825,1600027564,83,73,71,233.23,2.81,3.19,0,0,1
2009-03-25,9825,1600027564,105,95,95,261.45,2.49,2.49,0,0,0
2009-04-01,9825,1600027564,85,83,83,210.8,2.48,2.48,0,0,0
2009-04-08,9825,1600027564,91,83,81,226.59,2.49,2.49,0,0,0
2009-04-15,9825,1600027564,98,90,90,254.8,2.6,2.6,0,0,0
2009-04-22,9825,1600027564,84,78,76,216.72,2.58,2.58,0,0,0
2009-04-29,9825,1600027564,59,58,58,188.21,3.19,3.19,0,0,0
2009-05-06,9825,1600027564,76,70,68,242.44,3.19,3.19,0,0,0
2009-05-13,9825,1600027564,69,67,67,200.79,2.91,2.91,0,0,0
2009-01-14,9825,3800031838,57,56,56,164.73,2.89,2.89,0,0,0
2009-01-21,9825,3800031838,66,66,65,197.34,2.99,2.99,0,0,0
2009-01-28,9825,3800031838,54,53,53,161.46,2.99,2.99,0,0,0
2009-02-04,9825,3800031838,46,44,44,137.54,2.99,2.99,0,0,0
2009-02-11,9825,3800031838,44,43,43,83.6,1.9,2.99,0,0,1
2009-02-18,9825,3800031838,44,42,42,68.64,1.56,2.99,0,0,1
2009-02-25,9825,3800031838,44,43,43,89.76,2.04,2.99,0,0,1
2009-03-04,9825,3800031838,33,32,32,86.79,2.63,2.99,0,0,1
2009-03-11,9825,3800031838,34,34,34,83.64,2.46,2.99,0,0,1
2009-03-18,9825,3800031838,56,52,52,146.72,2.62,2.99,0,0,1
2009-03-25,9825,3800031838,46,42,42,137.54,2.99,2.99,0,0,0
2009-04-01,9825,3800031838,43,43,43,122.55,2.85,2.85,0,0,0
2009-04-08,9825,3800031838,40,37,37,107.6,2.69,2.69,0,0,0
2009-04-15,9825,3800031838,32,32,32,83.84,2.62,2.62,0,0,0
2009-04-22,9825,3800031838,44,43,43,117.04,2.66,2.66,0,0,0
2009-04-29,9825,3800031838,44,41,41,131.56,2.99,2.99,0,0,0
2009-05-06,9825,3800031838,43,39,39,128.57,2.99,2.99,0,0,0
2009-05-13,9825,3800031838,268,236,233,533.32,1.99,2.99,1,1,0
2009-01-14,10019,1111009477,14,13,13,16.38,1.17,1.18,0,1,0
2009-01-21,10019,1111009477,44,39,39,43.56,0.99,1.18,1,1,0
2009-01-28,10019,1111009477,24,24,24,23.52,0.98,1.18,0,1,0
2009-02-04,10019,1111009477,35,33,33,40.25,1.15,1.18,0,1,0
2009-02-11,10019,1111009477,9,8,8,10.71,1.19,1.18,0,1,0
2009-02-18,10019,1111009477,10,9,9,11.4,1.14,1.14,0,0,0
2009-02-25,10019,1111009477,8,7,7,9.52,1.19,1.19,0,0,0
2009-03-04,10019,1111009477,21,19,19,20.58,0.98,1.19,1,0,0
2009-03-11,10019,1111009477,6,5,5,6.66,1.11,1.11,0,0,0
2009-03-18,10019,1111009477,11,10,10,12.87,1.17,1.17,0,0,0
2009-03-25,10019,1111009477,9,9,9,10.44,1.16,1.16,0,0,0
2009-04-01,10019,1111009477,11,10,10,13.09,1.19,1.19,0,0,0
2009-04-08,10019,1111009477,7,7,7,8.19,1.17,1.17,0,0,0
2009-04-15,10019,1111009477,10,10,10,11.7,1.17,1.17,0,0,0
2009-04-22,10019,1111009477,9,9,9,10.35,1.15,1.15,0,0,0
2009-04-29,10019,1111009477,4,3,3,4.76,1.19,1.19,0,0,0
2009-05-06,10019,1111009477,7,7,7,8.12,1.16,1.16,0,0,0
2009-05-13,10019,1111009477,8,8,8,9.28,1.16,1.16,0,0,0
2009-01-14,10019,1111009497,25,24,22,29.25,1.17,1.18,0,1,0
2009-01-21,10019,1111009497,23,23,23,22.77,0.99,1.18,1,1,0
2009-01-28,10019,1111009497,33,29,29,32.67,0.99,1.18,0,1,0
2009-02-04,10019,1111009497,28,26,24,32.48,1.16,1.18,0,1,0
2009-02-11,10019,1111009497,10,9,9,11.3,1.13,1.18,0,1,0
2009-02-18,10019,1111009497,11,6,5,12.98,1.18,1.18,0,0,0
2009-02-25,10019,1111009497,10,8,8,11.7,1.17,1.17,0,0,0
2009-03-04,10019,1111009497,8,8,8,7.84,0.98,1.17,1,0,0
2009-03-11,10019,1111009497,8,7,7,9.28,1.16,1.16,0,0,0
2009-03-18,10019,1111009497,5,5,5,5.7,1.14,1.14,0,0,0
2009-03-25,10019,1111009497,1,1,1,1.19,1.19,1.19,0,0,0
2009-04-01,10019,1111009497,5,5,5,5.7,1.14,1.14,0,0,0
2009-04-08,10019,1111009497,9,9,9,10.35,1.15,1.15,0,0,0
2009-04-15,10019,1111009497,7,6,6,8.19,1.17,1.17,0,0,0
2009-04-22,10019,1111009497,3,3,3,3.45,1.15,1.15,0,0,0
2009-04-29,10019,1111009497,6,6,6,7.02,1.17,1.17,0,0,0
2009-05-06,10019,1111009497,5,5,5,5.7,1.14,1.14,0,0,0
2009-05-13,10019,1111009497,10,9,9,11.8,1.18,1.18,0,0,0
2009-01-14,10019,1600027527,24,24,24,73.44,3.06,3.06,0,0,0
2009-01-21,10019,1600027527,29,29,27,92.51,3.19,3.19,0,0,0
2009-01-28,10019,1600027527,32,30,28,102.08,3.19,3.19,0,0,0
2009-02-04,10019,1600027527,22,22,22,68.64,3.12,3.12,0,0,0
2009-02-11,10019,1600027527,414,289,280,674.82,1.63,3.12,1,1,0
2009-02-18,10019,1600027527,274,191,188,452.1,1.65,3.12,0,1,0
2009-02-25,10019,1600027527,340,217,213,567.8,1.67,3.12,1,1,0
2009-03-04,10019,1600027527,122,78,78,202.52,1.66,3.12,0,0,1
2009-03-11,10019,1600027527,25,27,26,74.0,2.96,2.96,0,0,0
2009-03-18,10019,1600027527,29,29,27,92.51,3.19,3.19,0,0,0
2009-03-25,10019,1600027527,35,33,31,108.5,3.1,3.1,0,0,0
2009-04-01,10019,1600027527,26,24,23,79.82,3.07,3.07,0,0,0
2009-04-08,10019,1600027527,27,26,26,83.16,3.08,3.08,0,0,0
2009-04-15,10019,1600027527,32,32,32,92.48,2.89,2.89,0,0,0
2009-04-22,10019,1600027527,27,25,24,86.13,3.19,3.19,0,0,0
2009-04-29,10019,1600027527,25,25,25,78.5,3.14,3.14,0,0,0
2009-05-06,10019,1600027527,166,124,121,333.66,2.01,3.14,1,0,0
2009-05-13,10019,1600027527,28,28,28,72.24,2.58,3.14,0,0,1
2009-01-14,10019,1600027564,10,9,9,28.3,2.83,3.14,0,0,1
2009-01-21,10019,1600027564,9,9,9,24.03,2.67,3.14,1,0,0
2009-01-28,10019,1600027564,12,11,11,37.68,3.14,3.14,0,0,0
2009-02-04,10019,1600027564,17,17,17,50.32,2.96,2.96,0,0,0
2009-02-11,10019,1600027564,13,13,13,14.56,1.12,2.96,0,0,1
2009-02-18,10019,1600027564,15,15,15,37.65,2.51,2.96,0,0,1
2009-02-25,10019,1600027564,17,16,16,40.8,2.4,2.96,0,0,1
2009-03-04,10019,1600027564,18,18,17,40.86,2.27,2.96,0,0,1
2009-03-11,10019,1600027564,20,20,20,51.4,2.57,2.96,0,0,1
2009-03-18,10019,1600027564,13,13,13,34.58,2.66,2.96,0,0,1
2009-03-25,10019,1600027564,18,17,17,50.22,2.79,2.79,0,0,0
2009-04-01,10019,1600027564,17,17,17,47.77,2.81,2.81,0,0,0
2009-04-08,10019,1600027564,15,15,14,41.25,2.75,2.75,0,0,0
2009-04-15,10019,1600027564,15,15,15,44.4,2.96,2.96,0,0,0
2009-04-22,10019,1600027564,11,10,10,34.54,3.14,3.14,0,0,0
2009-04-29,10019,1600027564,12,12,12,37.68,3.14,3.14,0,0,0
2009-05-06,10019,1600027564,16,16,16,47.04,2.94,2.94,0,0,0
2009-05-13,10019,1600027564,19,18,18,39.14,2.06,2.94,0,0,1
