EN/S08_09_Retail_Analytics/data/cereals_data_filtered.csv
WEEK_END_DATE,STORE_NUM,UPC,UNITS,VISITS,HHS,SPEND,PRICE,BASE_PRICE,FEATURE,DISPLAY,TPR_ONLY
2009-01-14,11757,1111009477,61,53,51,84.18,1.38,1.38,0,0,0
2009-01-21,11757,1111009477,55,53,53,75.9,1.38,1.38,0,0,0
2009-01-28,11757,1111009477,58,52,51,80.04,1.38,1.38,0,0,0
2009-02-04,11757,1111009477,64,58,56,88.32,1.38,1.38,0,0,0
2009-02-11,11757,1111009477,55,45,45,81.95,1.49,1.49,0,0,0
2009-02-18,11757,1111009477,50,44,43,74.5,1.49,1.49,0,0,0
2009-02-25,11757,1111009477,53,48,48,78.97,1.49,1.49,0,0,0
2009-03-04,11757,1111009477,55,49,49,82.5,1.5,1.5,0,0,0
2009-03-11,11757,1111009477,64,56,55,94.72,1.48,1.48,0,0,0
2009-03-18,11757,1111009477,57,54,53,84.93,1.49,1.49,0,0,0
2009-03-25,11757,1111009477,72,63,62,106.56,1.48,1.48,0,0,0
2009-04-01,11757,1111009477,49,42,42,73.01,1.49,1.49,0,0,0
2009-04-08,11757,1111009477,56,51,51,83.44,1.49,1.49,0,0,0
2009-04-15,11757,1111009477,47,42,42,70.03,1.49,1.49,0,0,0
2009-04-22,11757,1111009477,68,63,62,83.64,1.23,1.49,0,0,1
2009-04-29,11757,1111009477,56,50,48,68.88,1.23,1.49,0,0,1
2009-05-06,11757,1111009477,59,52,52,73.75,1.25,1.49,0,0,1
2009-05-13,11757,1111009477,54,48,48,65.88,1.22,1.49,0,0,1
2009-01-14,11757,1111009497,44,41,40,61.16,1.39,1.39,0,0,0
2009-01-21,11757,1111009497,38,36,36,52.82,1.39,1.39,0,0,0
2009-01-28,11757,1111009497,55,50,49,75.9,1.38,1.38,0,0,0
2009-02-04,11757,1111009497,64,56,55,87.68,1.37,1.37,0,0,0
2009-02-11,11757,1111009497,39,40,40,57.33,1.47,1.47,0,0,0
2009-02-18,11757,1111009497,59,52,51,87.91,1.49,1.49,0,0,0
2009-02-25,11757,1111009497,49,42,42,73.01,1.49,1.49,0,0,0
2009-03-04,11757,1111009497,51,47,47,75.99,1.49,1.49,0,0,0
2009-03-11,11757,1111009497,49,47,46,71.54,1.46,1.46,0,0,0
2009-03-18,11757,1111009497,51,43,43,73.44,1.44,1.44,0,0,0
2009-03-25,11757,1111009497,59,49,47,87.32,1.48,1.48,0,0,0
2009-04-01,11757,1111009497,59,51,50,87.91,1.49,1.49,0,0,0
2009-04-08,11757,1111009497,48,43,42,71.52,1.49,1.49,0,0,0
2009-04-15,11757,1111009497,37,34,34,53.28,1.44,1.44,0,0,0
2009-04-22,11757,1111009497,39,36,35,48.36,1.24,1.44,0,0,1
2009-04-29,11757,1111009497,49,43,43,60.76,1.24,1.44,0,0,1
2009-05-06,11757,1111009497,57,48,47,67.26,1.18,1.44,0,0,1
2009-05-13,11757,1111009497,37,31,31,45.14,1.22,1.44,0,0,1
2009-01-14,11757,1600027527,40,38,38,127.6,3.19,3.19,0,0,0
2009-01-21,11757,1600027527,31,29,29,98.89,3.19,3.19,0,0,0
2009-01-28,11757,1600027527,33,33,33,105.27,3.19,3.19,0,0,0
2009-02-04,11757,1600027527,34,34,34,108.46,3.19,3.19,0,0,0
2009-02-11,11757,1600027527,419,305,291,699.73,1.67,3.19,1,1,0
2009-02-18,11757,1600027527,297,221,212,472.23,1.59,3.19,0,1,0
2009-02-25,11757,1600027527,346,267,263,570.9,1.65,3.19,1,1,0
2009-03-04,11757,1600027527,42,32,32,68.04,1.62,3.19,0,0,1
2009-03-11,11757,1600027527,47,35,35,109.51,2.33,3.19,0,0,1
2009-03-18,11757,1600027527,42,38,38,127.68,3.04,3.04,0,0,0
2009-03-25,11757,1600027527,30,30,30,82.8,2.76,2.76,0,0,0
2009-04-01,11757,1600027527,32,31,31,92.8,2.9,2.9,0,0,0
2009-04-08,11757,1600027527,40,38,37,127.6,3.19,3.19,0,0,0
2009-04-15,11757,1600027527,47,38,38,140.53,2.99,2.99,0,0,0
2009-04-22,11757,1600027527,39,35,34,121.29,3.11,3.11,0,0,0
2009-04-29,11757,1600027527,30,28,28,95.7,3.19,3.19,0,0,0
2009-05-06,11757,1600027527,158,115,112,317.58,2.01,3.19,1,1,0
2009-05-13,11757,1600027527,33,31,31,93.39,2.83,3.19,0,0,1
2009-01-14,11757,1600027564,40,37,37,101.6,2.54,3.13,1,0,0
2009-01-21,11757,1600027564,54,49,49,145.8,2.7,3.13,0,0,1
2009-01-28,11757,1600027564,35,33,33,111.65,3.19,3.19,0,0,0
2009-02-04,11757,1600027564,45,44,40,143.55,3.19,3.19,0,0,0
2009-02-11,11757,1600027564,28,28,28,44.8,1.6,3.19,0,0,1
2009-02-18,11757,1600027564,19,19,19,19.19,1.01,3.19,0,0,1
2009-02-25,11757,1600027564,36,36,36,47.88,1.33,3.19,0,0,1
2009-03-04,11757,1600027564,40,40,40,65.2,1.63,3.19,0,0,1
2009-03-11,11757,1600027564,36,35,34,76.68,2.13,3.19,0,0,1
2009-03-18,11757,1600027564,33,30,30,79.86,2.42,3.19,0,0,1
2009-03-25,11757,1600027564,32,32,32,70.72,2.21,2.21,0,0,0
2009-04-01,11757,1600027564,41,38,38,109.06,2.66,2.66,0,0,0
2009-04-08,11757,1600027564,36,36,35,89.28,2.48,2.48,0,0,0
2009-04-15,11757,1600027564,33,31,30,92.4,2.8,2.8,0,0,0
2009-04-22,11757,1600027564,36,35,35,89.28,2.48,2.8,0,0,1
2009-04-29,11757,1600027564,27,27,26,86.13,3.19,3.19,0,0,0
2009-05-06,11757,1600027564,35,33,32,111.65,3.19,3.19,0,0,0
2009-05-13,11757,1600027564,37,36,36,89.17,2.41,3.19,0,0,1
2009-01-14,11757,3800031838,28,27,27,77.0,2.75,2.75,0,0,0
2009-01-21,11757,3800031838,32,32,31,94.72,2.96,2.96,0,0,0
2009-01-28,11757,3800031838,30,29,29,88.8,2.96,2.96,0,0,0
2009-02-04,11757,3800031838,45,44,44,133.2,2.96,2.96,0,0,0
2009-02-11,11757,3800031838,39,34,34,91.65,2.35,2.96,0,0,1
2009-02-18,11757,3800031838,26,26,26,53.3,2.05,2.96,0,0,1
2009-02-25,11757,3800031838,36,36,36,79.92,2.22,2.96,0,0,1
2009-03-04,11757,3800031838,14,14,14,32.62,2.33,2.96,0,0,1
2009-03-11,11757,3800031838,23,23,23,59.11,2.57,2.96,0,0,1
2009-03-18,11757,3800031838,41,38,38,112.75,2.75,2.75,0,0,0
2009-03-25,11757,3800031838,34,31,31,100.64,2.96,2.96,0,0,0
2009-04-01,11757,3800031838,30,29,29,82.8,2.76,2.76,0,0,0
2009-04-08,11757,3800031838,37,33,33,105.82,2.86,2.86,0,0,0
2009-04-15,11757,3800031838,38,36,36,109.44,2.88,2.88,0,0,0
2009-04-22,11757,3800031838,47,46,43,136.3,2.9,2.9,0,0,0
2009-04-29,11757,3800031838,35,33,33,103.6,2.96,2.96,0,0,0
2009-05-06,11757,3800031838,27,21,21,79.92,2.96,2.96,0,0,0
2009-05-13,11757,3800031838,213,196,194,417.48,1.96,2.96,1,1,0
2009-01-14,11761,1111009477,73,66,65,100.74,1.38,0.99,0,1,0
2009-01-21,11761,1111009477,59,52,51,80.83,1.37,0.99,0,1,0
2009-01-28,11761,1111009477,60,49,48,82.8,1.38,1.38,0,0,0
2009-02-04,11761,1111009477,63,55,55,86.94,1.38,1.38,0,1,0
2009-02-11,11761,1111009477,70,53,52,104.3,1.49,1.38,0,1,0
2009-02-18,11761,1111009477,67,53,53,99.16,1.48,1.38,0,1,0
2009-02-25,11761,1111009477,82,64,62,122.18,1.49,1.49,0,0,0
2009-03-04,11761,1111009477,84,69,67,125.16,1.49,1.49,0,0,0
2009-03-11,11761,1111009477,76,62,60,113.24,1.49,1.49,0,1,0
2009-03-18,11761,1111009477,85,78,78,124.95,1.47,1.49,0,1,0
2009-03-25,11761,1111009477,75,60,59,110.25,1.47,1.49,0,1,0
2009-04-01,11761,1111009477,80,69,69,117.6,1.47,1.49,0,1,0
2009-04-08,11761,1111009477,73,60,58,108.77,1.49,1.49,0,1,0
2009-04-15,11761,1111009477,51,43,43,75.48,1.48,1.49,0,1,0
2009-04-22,11761,1111009477,82,73,73,123.0,1.5,1.49,0,1,0
2009-04-29,11761,1111009477,69,55,54,101.43,1.47,1.47,0,0,0
2009-05-06,11761,1111009477,95,78,75,140.6,1.48,1.47,0,1,0
2009-05-13,11761,1111009477,70,60,60,102.9,1.47,1.47,0,1,0
2009-01-14,11761,1111009497,70,60,58,97.3,1.39,1.39,0,1,0
2009-01-21,11761,1111009497,75,71,70,103.5,1.38,1.39,0,1,0
2009-01-28,11761,1111009497,68,64,61,93.84,1.38,1.38,0,0,0
2009-02-04,11761,1111009497,78,72,70,107.64,1.38,1.38,0,1,0
2009-02-11,11761,1111009497,85,72,70,126.65,1.49,1.38,0,1,0
2009-02-18,11761,1111009497,65,59,57,96.85,1.49,1.38,0,1,0
2009-02-25,11761,1111009497,95,88,86,141.55,1.49,1.49,0,0,0
2009-03-04,11761,1111009497,93,82,79,138.57,1.49,1.49,0,0,0
2009-03-11,11761,1111009497,76,69,68,114.0,1.5,1.49,0,1,0
2009-03-18,11761,1111009497,93,79,78,136.71,1.47,1.49,0,1,0
2009-03-25,11761,1111009497,144,126,123,213.12,1.48,1.49,0,1,0
2009-04-01,11761,1111009497,128,110,109,192.0,1.5,1.49,0,1,0
2009-04-08,11761,1111009497,116,100,98,172.84,1.49,1.49,0,1,0
2009-04-15,11761,1111009497,49,46,45,73.5,1.5,1.49,0,1,0
2009-04-22,11761,1111009497,80,76,76,118.4,1.48,1.49,0,1,0
2009-04-29,11761,1111009497,86,73,71,128.14,1.49,1.49,0,0,0
2009-05-06,11761,1111009497,89,74,74,128.16,1.44,1.49,0,1,0
2009-05-13,11761,1111009497,82,72,71,123.0,1.5,1.49,0,1,0
2009-01-14,11761,1600027527,42,41,40,130.62,3.11,3.11,0,0,0
2009-01-21,11761,1600027527,29,28,28,92.51,3.19,3.19,0,0,0
2009-01-28,11761,1600027527,41,40,40,130.79,3.19,3.19,0,0,0
2009-02-04,11761,1600027527,51,48,48,162.69,3.19,3.19,0,0,0
2009-02-11,11761,1600027527,487,363,349,798.68,1.64,3.19,1,1,0
2009-02-18,11761,1600027527,382,312,307,626.48,1.64,3.19,0,1,0
2009-02-25,11761,1600027527,382,293,289,618.84,1.62,3.19,1,1,0
2009-03-04,11761,1600027527,107,81,80,176.55,1.65,3.19,0,1,0
2009-03-11,11761,1600027527,42,39,38,133.98,3.19,3.19,0,0,0
2009-03-18,11761,1600027527,49,48,48,152.88,3.12,3.12,0,0,0
2009-03-25,11761,1600027527,35,34,34,104.65,2.99,2.99,0,0,0
2009-04-01,11761,1600027527,51,50,50,154.53,3.03,3.03,0,0,0
2009-04-08,11761,1600027527,52,48,47,162.76,3.13,3.13,0,0,0
2009-04-15,11761,1600027527,46,44,43,137.08,2.98,2.98,0,0,0
2009-04-22,11761,1600027527,54,52,52,169.02,3.13,3.13,0,0,0
2009-04-29,11761,1600027527,44,43,42,140.36,3.19,3.19,0,0,0
2009-05-06,11761,1600027527,143,108,107,286.0,2.0,3.19,1,1,0
2009-05-13,11761,1600027527,40,39,39,127.6,3.19,3.19,0,0,0
2009-01-14,11761,1600027564,115,96,96,277.15,2.41,2.93,1,0,0
2009-01-21,11761,1600027564,67,62,61,176.88,2.64,2.93,0,0,1
2009-01-28,11761,1600027564,31,30,30,97.96,3.16,3.16,0,0,0
2009-02-04,11761,1600027564,44,43,42,140.36,3.19,3.19,0,0,0
2009-02-11,11761,1600027564,73,72,72,108.77,1.49,3.19,0,0,1
2009-02-18,11761,1600027564,42,39,39,54.18,1.29,3.19,0,0,1
2009-02-25,11761,1600027564,42,43,43,84.0,2.0,3.19,0,0,1
2009-03-04,11761,1600027564,53,51,51,134.09,2.53,3.19,0,0,1
2009-03-11,11761,1600027564,49,46,46,127.4,2.6,3.19,0,0,1
2009-03-18,11761,1600027564,42,41,41,114.66,2.73,3.19,0,0,1
2009-03-25,11761,1600027564,55,52,51,162.8,2.96,2.96,0,0,0
2009-04-01,11761,1600027564,65,63,63,190.45,2.93,2.93,0,0,0
2009-04-08,11761,1600027564,58,57,55,169.36,2.92,2.92,0,0,0
2009-04-15,11761,1600027564,53,50,50,140.98,2.66,2.66,0,0,0
2009-04-22,11761,1600027564,66,62,60,184.8,2.8,2.8,0,0,0
2009-04-29,11761,1600027564,38,37,37,121.22,3.19,3.19,0,0,0
2009-05-06,11761,1600027564,39,36,36,124.41,3.19,3.19,0,0,0
2009-05-13,11761,1600027564,38,38,37,118.18,3.11,3.11,0,0,0
2009-01-14,11761,3800031838,46,46,46,130.18,2.83,2.83,0,0,0
2009-01-21,11761,3800031838,37,34,34,110.63,2.99,2.99,0,0,0
2009-01-28,11761,3800031838,37,36,36,109.15,2.95,2.95,0,0,0
2009-02-04,11761,3800031838,41,41,41,122.59,2.99,2.99,0,0,0
2009-02-11,11761,3800031838,22,21,21,33.0,1.5,2.99,0,0,1
2009-02-18,11761,3800031838,17,16,16,35.87,2.11,2.99,0,0,1
2009-02-25,11761,3800031838,17,16,16,41.48,2.44,2.99,0,0,1
2009-03-04,11761,3800031838,17,17,17,44.88,2.64,2.99,0,0,1
2009-03-11,11761,3800031838,17,17,17,47.77,2.81,2.81,0,0,0
2009-03-18,11761,3800031838,37,33,33,104.71,2.83,2.83,0,0,0
2009-03-25,11761,3800031838,33,32,32,92.73,2.81,2.81,0,0,0
2009-04-01,11761,3800031838,29,29,29,86.71,2.99,2.99,0,0,0
2009-04-08,11761,3800031838,31,31,31,83.7,2.7,2.7,0,0,0
2009-04-15,11761,3800031838,26,25,25,74.88,2.88,2.88,0,0,0
2009-04-22,11761,3800031838,27,27,27,80.73,2.99,2.99,0,0,0
2009-04-29,11761,3800031838,32,32,31,95.68,2.99,2.99,0,0,0
2009-05-06,11761,3800031838,34,33,33,101.66,2.99,2.99,0,0,0
2009-05-13,11761,3800031838,169,152,146,338.0,2.0,2.99,1,1,0
2009-01-14,11967,1111009477,12,12,10,14.16,1.18,1.18,0,0,0
2009-01-21,11967,1111009477,14,13,13,14.14,1.01,1.18,1,0,0
2009-01-28,11967,1111009477,9,9,9,9.09,1.01,1.18,0,0,1
2009-02-04,11967,1111009477,6,6,6,7.14,1.19,1.19,0,0,0
2009-02-11,11967,1111009477,6,5,5,7.02,1.17,1.17,0,0,0
2009-02-18,11967,1111009477,12,12,11,14.16,1.18,1.18,0,0,0
2009-02-25,11967,1111009477,4,4,4,4.64,1.16,1.16,0,0,0
2009-03-04,11967,1111009477,13,9,9,13.26,1.02,1.16,1,0,0
2009-03-11,11967,1111009477,6,5,5,6.96,1.16,1.16,0,0,0
2009-03-18,11967,1111009477,7,6,6,8.33,1.19,1.19,0,0,0
2009-03-25,11967,1111009477,9,9,9,10.62,1.18,1.18,0,0,0
2009-04-01,11967,1111009477,7,7,7,8.12,1.16,1.16,0,0,0
2009-04-08,11967,1111009477,12,9,8,14.28,1.19,1.19,0,0,0
2009-04-15,11967,1111009477,11,11,10,12.98,1.18,1.18,0,0,0
2009-04-22,11967,1111009477,9,8,7,10.44,1.16,1.16,0,0,0
2009-04-29,11967,1111009477,10,9,9,11.7,1.17,1.17,0,0,0
2009-05-06,11967,1111009477,11,10,10,13.09,1.19,1.19,0,0,0
2009-05-13,11967,1111009477,7,5,5,7.35,1.05,1.19,0,0,1
2009-01-14,11967,1111009497,8,7,6,9.52,1.19,1.19,0,0,0
2009-01-21,11967,1111009497,15,13,13,14.85,0.99,1.19,1,0,0
2009-01-28,11967,1111009497,5,5,5,5.0,1.0,1.19,0,0,1
2009-02-04,11967,1111009497,8,7,7,9.44,1.18,1.18,0,0,0
2009-02-25,11967,1111009497,5,5,5,5.85,1.17,1.17,0,0,0
2009-03-04,11967,1111009497,13,11,11,13.13,1.01,1.17,1,0,0
2009-03-11,11967,1111009497,12,11,11,14.04,1.17,1.17,0,0,0
2009-03-18,11967,1111009497,11,10,10,12.87,1.17,1.17,0,0,0
2009-03-25,11967,1111009497,17,15,15,20.06,1.18,1.18,0,0,0
2009-04-01,11967,1111009497,11,10,9,12.87,1.17,1.17,0,0,0
2009-04-08,11967,1111009497,9,7,7,10.62,1.18,1.18,0,0,0
2009-04-15,11967,1111009497,18,16,16,21.42,1.19,1.19,0,0,0
2009-04-22,11967,1111009497,7,6,6,8.26,1.18,1.18,0,0,0
2009-04-29,11967,1111009497,14,13,11,16.24,1.16,1.16,0,0,0
2009-05-06,11967,1111009497,9,9,9,10.71,1.19,1.19,0,0,0
2009-05-13,11967,1111009497,12,11,11,14.28,1.19,1.19,0,0,0
2009-01-14,11967,1600027527,27,27,27,86.13,3.19,3.19,0,0,0
2009-01-21,11967,1600027527,24,22,21,76.56,3.19,3.19,0,0,0
2009-01-28,11967,1600027527,24,24,21,76.56,3.19,3.19,0,0,0
2009-02-04,11967,1600027527,30,30,28,95.7,3.19,3.19,0,0,0
2009-02-11,11967,1600027527,197,130,122,332.93,1.69,3.19,1,1,0
2009-02-18,11967,1600027527,118,77,74,194.7,1.65,3.19,0,1,0
2009-02-25,11967,1600027527,198,137,134,332.64,1.68,3.19,1,1,0
2009-03-04,11967,1600027527,101,62,61,174.73,1.73,3.19,0,1,0
2009-03-11,11967,1600027527,54,44,43,90.18,1.67,3.19,0,1,0
2009-03-18,11967,1600027527,62,51,51,103.54,1.67,3.19,0,0,1
2009-03-25,11967,1600027527,5,5,5,15.95,3.19,3.19,0,0,0
2009-04-01,11967,1600027527,27,27,26,83.16,3.08,3.08,0,0,0
2009-04-08,11967,1600027527,22,22,20,70.18,3.19,3.19,0,0,0
2009-04-15,11967,1600027527,12,12,12,38.28,3.19,3.19,0,0,0
2009-04-22,11967,1600027527,18,18,18,57.42,3.19,3.19,0,0,0
2009-04-29,11967,1600027527,30,30,30,94.5,3.15,3.15,0,0,0
2009-05-06,11967,1600027527,62,48,46,126.48,2.04,3.15,1,0,0
2009-05-13,11967,1600027527,18,18,17,57.42,3.19,3.19,0,0,0
2009-01-14,11967,1600027564,3,3,3,6.27,2.09,3.14,0,0,1
2009-01-21,11967,1600027564,4,4,4,10.68,2.67,3.14,1,0,0
2009-01-28,11967,1600027564,8,8,8,24.72,3.09,3.09,0,0,0
2009-02-04,11967,1600027564,11,11,11,34.54,3.14,3.14,0,0,0
2009-02-11,11967,1600027564,14,14,14,21.98,1.57,3.14,0,0,1
2009-02-18,11967,1600027564,6,6,6,12.54,2.09,3.14,0,0,1
2009-02-25,11967,1600027564,9,9,9,21.96,2.44,3.14,0,0,1
2009-03-04,11967,1600027564,7,7,7,19.53,2.79,3.14,0,0,1
2009-03-11,11967,1600027564,9,9,8,25.47,2.83,3.14,0,0,1
2009-03-18,11967,1600027564,12,11,11,37.68,3.14,3.14,0,0,0
2009-03-25,11967,1600027564,4,4,4,12.56,3.14,3.14,0,0,0
2009-04-01,11967,1600027564,8,8,8,22.0,2.75,3.14,0,0,1
2009-04-08,11967,1600027564,10,10,10,31.4,3.14,3.14,0,0,0
2009-04-15,11967,1600027564,9,8,8,25.11,2.79,3.14,0,0,1
2009-04-22,11967,1600027564,9,9,9,28.26,3.14,3.14,0,0,0
2009-04-29,11967,1600027564,3,3,3,9.42,3.14,3.14,0,0,0
2009-05-06,11967,1600027564,5,5,5,15.7,3.14,3.14,0,0,0
2009-05-13,11967,1600027564,8,8,8,12.56,1.57,3.14,0,0,1
2009-01-14,11967,3800031838,29,29,28,83.81,2.89,2.89,0,0,0
2009-01-21,11967,3800031838,23,23,21,66.47,2.89,2.89,0,0,0
2009-01-28,11967,3800031838,34,31,27,98.26,2.89,2.89,0,0,0
2009-02-04,11967,3800031838,34,34,32,98.26,2.89,2.89,0,0,0
2009-02-11,11967,3800031838,35,35,32,98.35,2.81,2.81,0,0,0
2009-02-18,11967,3800031838,31,31,27,87.11,2.81,2.81,0,0,0
2009-02-25,11967,3800031838,28,28,28,78.12,2.79,2.79,0,0,0
2009-03-04,11967,3800031838,34,34,34,95.54,2.81,2.81,0,0,0
2009-03-11,11967,3800031838,31,31,26,89.59,2.89,2.89,0,0,0
2009-03-18,11967,3800031838,31,31,29,89.59,2.89,2.89,0,0,0
2009-03-25,11967,3800031838,32,32,31,92.48,2.89,2.89,0,0,0
2009-04-01,11967,3800031838,22,22,19,63.58,2.89,2.89,0,0,0
2009-04-08,11967,3800031838,36,36,33,101.16,2.81,2.81,0,0,0
2009-04-15,11967,3800031838,38,37,37,109.82,2.89,2.89,0,0,0
2009-04-22,11967,3800031838,36,35,32,104.04,2.89,2.89,0,0,0
2009-04-29,11967,3800031838,32,32,28,92.48,2.89,2.89,0,0,0
2009-05-06,11967,3800031838,33,33,27,95.37,2.89,2.89,0,0,0
2009-05-13,11967,3800031838,139,132,123,279.39,2.01,2.89,1,1,0
2009-01-14,11993,1600027527,84,77,75,258.72,3.08,3.08,0,0,0
2009-01-21,11993,1600027527,81,76,75,258.39,3.19,3.19,0,0,0
2009-01-28,11993,1600027527,68,67,65,216.92,3.19,3.19,0,0,0
2009-02-04,11993,1600027527,50,50,49,156.5,3.13,3.13,0,0,0
2009-02-11,11993,1600027527,348,223,219,577.68,1.66,3.13,1,1,0
2009-02-18,11993,1600027527,242,176,170,401.72,1.66,3.13,0,1,0
2009-02-25,11993,1600027527,243,177,175,400.95,1.65,3.13,1,1,0
2009-03-04,11993,1600027527,132,90,90,216.48,1.64,3.13,0,0,1
2009-03-11,11993,1600027527,81,81,81,248.67,3.07,3.07,0,0,0
2009-03-18,11993,1600027527,79,78,78,252.01,3.19,3.19,0,0,0
2009-03-25,11993,1600027527,69,64,64,211.14,3.06,3.06,0,0,0
2009-04-01,11993,1600027527,79,71,71,248.85,3.15,3.15,0,0,0
2009-04-08,11993,1600027527,94,89,89,297.04,3.16,3.16,0,0,0
2009-04-15,11993,1600027527,83,81,80,254.81,3.07,3.07,0,0,0
2009-04-22,11993,1600027527,88,81,79,280.72,3.19,3.19,0,0,0
2009-04-29,11993,1600027527,75,74,74,239.25,3.19,3.19,0,0,0
2009-05-06,11993,1600027527,204,153,153,410.04,2.01,3.19,1,0,0
2009-05-13,11993,1600027527,92,87,83,261.28,2.84,3.19,0,0,1
