EN/S08_09_Retail_Analytics/data/cereals_data_filtered.csv
WEEK_END_DATE,STORE_NUM,UPC,UNITS,VISITS,HHS,SPEND,PRICE,BASE_PRICE,FEATURE,DISPLAY,TPR_ONLY
2009-01-14,11993,1600027564,60,58,58,188.4,3.14,3.14,0,0,0
2009-01-21,11993,1600027564,77,64,61,207.13,2.69,3.14,1,0,0
2009-01-28,11993,1600027564,59,57,56,188.21,3.19,3.19,0,0,0
2009-02-04,11993,1600027564,54,54,53,172.26,3.19,3.19,0,0,0
2009-02-11,11993,1600027564,78,76,75,157.56,2.02,3.19,0,0,1
2009-02-18,11993,1600027564,59,58,58,119.18,2.02,3.19,0,0,1
2009-02-25,11993,1600027564,55,55,53,152.9,2.78,3.19,0,0,1
2009-03-04,11993,1600027564,52,50,50,144.04,2.77,3.19,0,0,1
2009-03-11,11993,1600027564,55,52,51,166.1,3.02,3.02,0,0,0
2009-03-18,11993,1600027564,56,45,43,169.12,3.02,3.02,0,0,0
2009-03-25,11993,1600027564,61,49,49,181.17,2.97,2.97,0,0,0
2009-04-01,11993,1600027564,62,56,56,185.38,2.99,2.99,0,0,0
2009-04-08,11993,1600027564,54,52,52,156.06,2.89,2.89,0,0,0
2009-04-15,11993,1600027564,68,59,59,198.56,2.92,2.92,0,0,0
2009-04-22,11993,1600027564,51,45,45,153.0,3.0,3.0,0,0,0
2009-04-29,11993,1600027564,50,49,47,159.5,3.19,3.19,0,0,0
2009-05-06,11993,1600027564,72,70,68,229.68,3.19,3.19,0,0,0
2009-05-13,11993,1600027564,69,66,66,157.32,2.28,3.19,0,0,1
2009-01-14,12011,1111009477,39,33,33,47.97,1.23,1.21,0,1,0
2009-01-21,12011,1111009477,70,61,61,68.6,0.98,1.21,1,1,0
2009-01-28,12011,1111009477,45,39,39,44.55,0.99,1.21,0,1,0
2009-02-04,12011,1111009477,38,35,35,46.36,1.22,1.21,0,1,0
2009-02-11,12011,1111009477,30,24,24,36.3,1.21,1.21,0,0,0
2009-02-18,12011,1111009477,22,18,18,27.28,1.24,1.24,0,0,0
2009-02-25,12011,1111009477,33,25,25,40.26,1.22,1.22,0,0,0
2009-03-04,12011,1111009477,70,59,59,67.9,0.97,1.22,1,1,0
2009-03-11,12011,1111009477,28,21,20,32.76,1.17,1.22,0,1,0
2009-03-18,12011,1111009477,30,25,25,36.9,1.23,1.23,0,0,0
2009-03-25,12011,1111009477,17,14,14,20.74,1.22,1.22,0,0,0
2009-04-01,12011,1111009477,16,13,13,19.04,1.19,1.19,0,0,0
2009-04-08,12011,1111009477,15,15,15,18.3,1.22,1.22,0,0,0
2009-04-15,12011,1111009477,16,13,13,19.36,1.21,1.21,0,0,0
2009-04-22,12011,1111009477,11,9,9,13.64,1.24,1.24,0,0,0
2009-04-29,12011,1111009477,31,23,23,37.82,1.22,1.22,0,0,0
2009-05-06,12011,1111009477,18,18,17,20.52,1.14,1.14,0,0,0
2009-05-13,12011,1111009477,14,14,14,16.8,1.2,1.2,0,0,0
2009-01-14,12011,1111009497,38,30,30,46.36,1.22,1.22,0,1,0
2009-01-21,12011,1111009497,65,62,62,64.35,0.99,1.22,1,1,0
2009-01-28,12011,1111009497,47,44,43,46.06,0.98,1.22,0,1,0
2009-02-04,12011,1111009497,58,50,47,70.18,1.21,1.22,0,1,0
2009-02-11,12011,1111009497,28,27,27,34.16,1.22,1.22,0,0,0
2009-02-18,12011,1111009497,32,28,27,39.68,1.24,1.24,0,0,0
2009-02-25,12011,1111009497,37,28,27,45.51,1.23,1.23,0,0,0
2009-03-04,12011,1111009497,93,80,80,90.21,0.97,1.23,1,1,0
2009-03-11,12011,1111009497,30,23,20,36.6,1.22,1.23,0,1,0
2009-03-18,12011,1111009497,24,22,22,29.52,1.23,1.23,0,0,0
2009-03-25,12011,1111009497,30,24,21,35.1,1.17,1.17,0,0,0
2009-04-01,12011,1111009497,21,15,15,25.41,1.21,1.21,0,0,0
2009-04-08,12011,1111009497,30,26,24,37.2,1.24,1.24,0,0,0
2009-04-15,12011,1111009497,21,17,17,25.62,1.22,1.22,0,0,0
2009-04-22,12011,1111009497,35,26,26,42.7,1.22,1.22,0,0,0
2009-04-29,12011,1111009497,21,15,15,25.2,1.2,1.2,0,0,0
2009-05-06,12011,1111009497,29,26,25,35.67,1.23,1.23,0,0,0
2009-05-13,12011,1111009497,27,20,20,33.21,1.23,1.23,0,0,0
2009-01-14,12011,1600027527,30,29,28,92.4,3.08,3.08,0,0,0
2009-01-21,12011,1600027527,19,19,19,60.61,3.19,3.19,0,0,0
2009-01-28,12011,1600027527,31,31,31,98.89,3.19,3.19,0,0,0
2009-02-04,12011,1600027527,31,30,30,98.89,3.19,3.19,0,0,0
2009-02-11,12011,1600027527,337,225,219,556.05,1.65,3.19,1,1,0
2009-02-18,12011,1600027527,180,136,134,293.4,1.63,3.19,0,1,0
2009-02-25,12011,1600027527,306,196,194,511.02,1.67,3.19,1,1,0
2009-03-04,12011,1600027527,146,102,102,245.28,1.68,3.19,0,1,0
2009-03-11,12011,1600027527,49,41,41,143.57,2.93,2.93,0,0,0
2009-03-18,12011,1600027527,39,34,33,124.41,3.19,3.19,0,0,0
2009-03-25,12011,1600027527,34,31,31,108.46,3.19,3.19,0,0,0
2009-04-01,12011,1600027527,23,22,22,66.93,2.91,2.91,0,0,0
2009-04-08,12011,1600027527,30,26,26,95.7,3.19,3.19,0,0,0
2009-04-15,12011,1600027527,28,25,25,86.24,3.08,3.08,0,0,0
2009-04-22,12011,1600027527,30,29,29,95.7,3.19,3.19,0,0,0
2009-04-29,12011,1600027527,29,29,29,92.51,3.19,3.19,0,0,0
2009-05-06,12011,1600027527,107,70,70,215.07,2.01,3.19,1,0,0
2009-05-13,12011,1600027527,43,38,38,99.76,2.32,3.19,0,1,0
2009-01-14,13609,1111009477,152,145,143,211.28,1.39,1.39,0,1,0
2009-01-21,13609,1111009477,137,123,122,190.43,1.39,1.39,0,1,0
2009-01-28,13609,1111009477,136,122,116,189.04,1.39,1.39,0,1,0
2009-02-04,13609,1111009477,160,148,145,220.8,1.38,1.39,0,1,0
2009-02-11,13609,1111009477,94,83,82,140.06,1.49,1.39,0,1,0
2009-02-18,13609,1111009477,138,110,109,207.0,1.5,1.39,0,1,0
2009-02-25,13609,1111009477,136,118,118,202.64,1.49,1.39,0,1,0
2009-03-04,13609,1111009477,123,112,111,180.81,1.47,1.39,0,1,0
2009-03-11,13609,1111009477,173,139,134,252.58,1.46,1.39,0,1,0
2009-03-18,13609,1111009477,152,128,125,223.44,1.47,1.39,0,1,0
2009-03-25,13609,1111009477,209,171,168,311.41,1.49,1.39,0,1,0
2009-04-01,13609,1111009477,145,121,119,214.6,1.48,1.39,0,1,0
2009-04-08,13609,1111009477,149,127,127,222.01,1.49,1.39,0,1,0
2009-04-15,13609,1111009477,100,91,90,150.0,1.5,1.39,0,1,0
2009-04-22,13609,1111009477,111,92,91,138.75,1.25,1.39,0,1,0
2009-04-29,13609,1111009477,182,154,151,225.68,1.24,1.39,0,1,0
2009-05-06,13609,1111009477,158,128,127,197.5,1.25,1.39,0,1,0
2009-05-13,13609,1111009477,135,111,110,166.05,1.23,1.39,0,1,0
2009-01-14,13609,1600027527,45,48,45,137.25,3.05,3.05,0,0,0
2009-01-21,13609,1600027527,28,27,26,89.32,3.19,3.19,0,0,0
2009-01-28,13609,1600027527,47,47,46,149.93,3.19,3.19,0,0,0
2009-02-04,13609,1600027527,54,54,54,172.26,3.19,3.19,0,0,0
2009-02-11,13609,1600027527,519,377,369,861.54,1.66,3.19,1,1,0
2009-02-18,13609,1600027527,496,403,392,803.52,1.62,3.19,0,1,0
2009-02-25,13609,1600027527,548,424,411,887.76,1.62,3.19,1,1,0
2009-03-04,13609,1600027527,148,104,103,242.72,1.64,3.19,0,1,0
2009-03-11,13609,1600027527,67,59,59,197.65,2.95,2.95,0,0,0
2009-03-18,13609,1600027527,69,61,61,204.24,2.96,2.96,0,0,0
2009-03-25,13609,1600027527,61,51,51,178.73,2.93,2.93,0,0,0
2009-04-01,13609,1600027527,48,45,45,146.88,3.06,3.06,0,0,0
2009-04-08,13609,1600027527,56,54,54,175.28,3.13,3.13,0,0,0
2009-04-15,13609,1600027527,53,51,51,153.17,2.89,2.89,0,0,0
2009-04-22,13609,1600027527,61,53,53,191.54,3.14,3.14,0,0,0
2009-04-29,13609,1600027527,60,52,51,187.8,3.13,3.13,0,0,0
2009-05-06,13609,1600027527,232,164,163,464.0,2.0,3.13,1,1,0
2009-05-13,13609,1600027527,70,66,66,207.2,2.96,2.96,0,0,0
2009-01-14,13827,1111009477,52,47,45,50.96,0.98,0.93,0,1,0
2009-01-21,13827,1111009477,74,66,64,71.78,0.97,0.93,1,1,0
2009-01-28,13827,1111009477,58,48,47,56.26,0.97,0.93,0,1,0
2009-02-04,13827,1111009477,64,60,58,62.08,0.97,0.97,0,0,0
2009-02-11,13827,1111009477,53,47,47,51.94,0.98,0.97,0,1,0
2009-02-18,13827,1111009477,65,61,59,63.05,0.97,0.97,0,0,0
2009-02-25,13827,1111009477,69,55,51,67.62,0.98,0.97,0,1,0
2009-03-04,13827,1111009477,85,75,74,81.6,0.96,0.97,1,1,0
2009-03-11,13827,1111009477,67,58,58,64.99,0.97,0.97,0,1,0
2009-03-18,13827,1111009477,76,62,58,71.44,0.94,0.94,0,0,0
2009-03-25,13827,1111009477,50,43,41,49.0,0.98,0.94,0,1,0
2009-04-01,13827,1111009477,44,40,40,42.68,0.97,0.94,0,1,0
2009-04-08,13827,1111009477,68,57,55,66.64,0.98,0.94,0,1,0
2009-04-15,13827,1111009477,65,59,58,61.75,0.95,0.94,0,1,0
2009-04-22,13827,1111009477,48,43,43,46.56,0.97,0.94,0,1,0
2009-04-29,13827,1111009477,60,51,49,58.2,0.97,0.97,0,0,0
2009-05-06,13827,1111009477,64,44,44,61.44,0.96,0.97,0,1,0
2009-05-13,13827,1111009477,100,47,44,95.0,0.95,0.97,0,1,0
2009-01-14,13827,1111009497,37,33,33,36.26,0.98,0.98,0,0,0
2009-01-21,13827,1111009497,57,48,48,55.29,0.97,0.98,1,1,0
2009-01-28,13827,1111009497,44,38,38,42.68,0.97,0.98,0,1,0
2009-02-04,13827,1111009497,54,43,43,53.46,0.99,0.99,0,0,0
2009-02-11,13827,1111009497,58,43,43,57.42,0.99,0.99,0,1,0
2009-02-18,13827,1111009497,52,44,44,50.44,0.97,0.99,0,1,0
2009-02-25,13827,1111009497,56,49,49,54.88,0.98,0.99,0,1,0
2009-03-04,13827,1111009497,80,61,59,79.2,0.99,0.99,1,1,0
2009-03-11,13827,1111009497,40,35,34,39.2,0.98,0.99,0,1,0
2009-03-18,13827,1111009497,58,54,53,55.68,0.96,0.96,0,0,0
2009-03-25,13827,1111009497,39,38,38,37.44,0.96,0.96,0,1,0
2009-04-01,13827,1111009497,71,55,54,68.87,0.97,0.96,0,1,0
2009-04-08,13827,1111009497,36,35,35,35.28,0.98,0.96,0,1,0
2009-04-15,13827,1111009497,60,51,51,59.4,0.99,0.96,0,1,0
2009-04-22,13827,1111009497,43,40,39,42.57,0.99,0.96,0,1,0
2009-04-29,13827,1111009497,33,29,29,32.34,0.98,0.96,0,1,0
2009-05-06,13827,1111009497,69,44,44,68.31,0.99,0.99,0,0,0
2009-05-13,13827,1111009497,26,23,23,25.48,0.98,0.99,0,1,0
2009-01-14,13827,1600027564,38,36,36,107.54,2.83,2.83,0,0,0
2009-01-21,13827,1600027564,64,55,55,170.88,2.67,2.83,1,1,0
2009-01-28,13827,1600027564,58,54,54,164.72,2.84,2.83,0,1,0
2009-02-04,13827,1600027564,28,27,27,70.56,2.52,2.83,0,0,1
2009-02-11,13827,1600027564,36,36,36,70.92,1.97,2.83,0,0,1
2009-02-18,13827,1600027564,36,36,36,56.88,1.58,2.83,0,0,1
2009-02-25,13827,1600027564,39,38,37,86.58,2.22,2.83,0,0,1
2009-03-04,13827,1600027564,40,37,37,101.6,2.54,2.83,0,0,1
2009-03-11,13827,1600027564,25,25,24,62.75,2.51,2.83,0,0,1
2009-03-18,13827,1600027564,33,31,30,81.18,2.46,2.46,0,0,0
2009-03-25,13827,1600027564,30,28,28,74.7,2.49,2.49,0,0,0
2009-04-01,13827,1600027564,32,30,30,89.92,2.81,2.81,0,0,0
2009-04-08,13827,1600027564,24,24,24,71.76,2.99,2.99,0,0,0
2009-04-15,13827,1600027564,25,23,23,66.25,2.65,2.99,0,0,1
2009-04-22,13827,1600027564,37,37,37,101.75,2.75,2.75,0,0,0
2009-04-29,13827,1600027564,33,29,29,98.67,2.99,2.99,0,0,0
2009-05-06,13827,1600027564,19,16,16,56.81,2.99,2.99,0,0,0
2009-05-13,13827,1600027564,48,46,46,83.52,1.74,2.99,0,0,1
2009-01-14,13827,3800031838,28,28,28,72.8,2.6,2.6,0,0,0
2009-01-21,13827,3800031838,30,30,30,80.7,2.69,2.69,0,0,0
2009-01-28,13827,3800031838,28,28,27,75.32,2.69,2.69,0,0,0
2009-02-04,13827,3800031838,20,20,20,53.8,2.69,2.69,0,0,0
2009-02-11,13827,3800031838,31,30,30,75.64,2.44,2.44,0,0,0
2009-02-18,13827,3800031838,24,23,23,56.4,2.35,2.35,0,0,0
2009-02-25,13827,3800031838,24,24,24,61.92,2.58,2.58,0,0,0
2009-03-04,13827,3800031838,31,27,27,78.12,2.52,2.52,0,0,0
2009-03-11,13827,3800031838,33,32,32,83.49,2.53,2.53,0,0,0
2009-03-18,13827,3800031838,42,36,34,95.76,2.28,2.28,0,0,0
2009-03-25,13827,3800031838,25,24,24,67.25,2.69,2.69,0,0,0
2009-04-01,13827,3800031838,39,38,38,99.84,2.56,2.56,0,0,0
2009-04-08,13827,3800031838,21,21,21,56.49,2.69,2.69,0,0,0
2009-04-15,13827,3800031838,26,25,25,67.34,2.59,2.59,0,0,0
2009-04-22,13827,3800031838,21,20,20,56.49,2.69,2.69,0,0,0
2009-04-29,13827,3800031838,20,19,19,53.8,2.69,2.69,0,0,0
2009-05-06,13827,3800031838,42,41,41,96.6,2.3,2.69,0,0,1
2009-05-13,13827,3800031838,203,165,160,399.91,1.97,2.69,1,1,0
2009-01-14,13837,1111009477,46,42,42,53.82,1.17,1.1,0,1,0
2009-01-21,13837,1111009477,71,58,58,69.58,0.98,1.1,1,1,0
2009-01-28,13837,1111009477,66,55,54,65.34,0.99,1.1,0,1,0
2009-02-04,13837,1111009477,51,48,48,60.18,1.18,1.1,0,1,0
2009-02-11,13837,1111009477,45,43,43,52.65,1.17,1.1,0,1,0
2009-02-18,13837,1111009477,44,41,39,51.04,1.16,1.1,0,1,0
2009-02-25,13837,1111009477,62,56,56,72.54,1.17,1.1,0,1,0
2009-03-04,13837,1111009477,83,66,66,79.68,0.96,1.1,1,1,0
2009-03-11,13837,1111009477,44,38,38,50.6,1.15,1.1,0,1,0
2009-03-18,13837,1111009477,44,41,40,51.48,1.17,1.1,0,1,0
2009-03-25,13837,1111009477,49,45,45,57.33,1.17,1.1,0,1,0
2009-04-01,13837,1111009477,44,43,43,51.48,1.17,1.1,0,1,0
2009-04-08,13837,1111009477,44,41,41,51.04,1.16,1.1,0,1,0
2009-04-15,13837,1111009477,42,40,40,48.72,1.16,1.1,0,1,0
2009-04-22,13837,1111009477,33,29,29,38.61,1.17,1.17,0,0,0
2009-04-29,13837,1111009477,37,32,32,43.29,1.17,1.17,0,0,0
2009-05-06,13837,1111009477,34,26,26,38.76,1.14,1.14,0,0,0
2009-05-13,13837,1111009477,32,29,28,37.76,1.18,1.18,0,0,0
2009-01-14,13837,1111009497,75,71,71,88.5,1.18,1.11,0,1,0
2009-01-21,13837,1111009497,120,104,103,118.8,0.99,1.11,1,1,0
2009-01-28,13837,1111009497,101,91,89,99.99,0.99,1.11,0,1,0
2009-02-04,13837,1111009497,68,61,58,80.24,1.18,1.11,0,1,0
2009-02-11,13837,1111009497,96,92,86,112.32,1.17,1.11,0,1,0
2009-02-18,13837,1111009497,104,95,92,121.68,1.17,1.11,0,1,0
2009-02-25,13837,1111009497,94,87,86,109.98,1.17,1.11,0,1,0
2009-03-04,13837,1111009497,118,105,104,116.82,0.99,1.11,1,1,0
2009-03-11,13837,1111009497,82,79,78,95.94,1.17,1.11,0,1,0
2009-03-18,13837,1111009497,44,37,37,50.6,1.15,1.11,0,1,0
2009-03-25,13837,1111009497,56,53,51,64.4,1.15,1.11,0,1,0
2009-04-01,13837,1111009497,58,57,56,67.86,1.17,1.11,0,1,0
2009-04-08,13837,1111009497,44,42,41,51.92,1.18,1.11,0,1,0
2009-04-15,13837,1111009497,35,34,34,41.3,1.18,1.11,0,1,0
2009-04-22,13837,1111009497,40,37,37,46.0,1.15,1.15,0,0,0
2009-04-29,13837,1111009497,36,33,33,42.48,1.18,1.18,0,0,0
2009-05-06,13837,1111009497,21,21,21,24.57,1.17,1.17,0,0,0
2009-05-13,13837,1111009497,39,37,35,45.24,1.16,1.16,0,0,0
2009-01-14,13837,1600027527,39,34,34,124.41,3.19,3.19,0,0,0
2009-01-21,13837,1600027527,37,36,35,118.03,3.19,3.19,0,0,0
2009-01-28,13837,1600027527,37,33,33,118.03,3.19,3.19,0,0,0
2009-02-04,13837,1600027527,28,27,27,89.32,3.19,3.19,0,0,0
2009-02-11,13837,1600027527,304,227,224,504.64,1.66,3.19,1,1,0
2009-02-18,13837,1600027527,201,154,150,335.67,1.67,3.19,0,1,0
2009-02-25,13837,1600027527,280,184,179,464.8,1.66,3.19,1,1,0
2009-03-04,13837,1600027527,132,97,96,219.12,1.66,3.19,0,1,0
2009-03-11,13837,1600027527,38,37,37,118.18,3.11,3.11,0,0,0
2009-03-18,13837,1600027527,30,29,29,92.4,3.08,3.08,0,0,0
2009-03-25,13837,1600027527,40,38,38,124.4,3.11,3.11,0,0,0
2009-04-01,13837,1600027527,35,35,35,111.65,3.19,3.19,0,0,0
2009-04-08,13837,1600027527,40,38,38,127.6,3.19,3.19,0,0,0
2009-04-15,13837,1600027527,39,38,38,124.41,3.19,3.19,0,0,0
2009-04-22,13837,1600027527,32,32,32,102.08,3.19,3.19,0,0,0
2009-04-29,13837,1600027527,39,39,39,124.41,3.19,3.19,0,0,0
2009-05-06,13837,1600027527,147,114,114,292.53,1.99,3.19,1,0,0
2009-05-13,13837,1600027527,39,35,35,102.18,2.62,3.19,0,0,1
2009-01-14,13837,1600027564,15,15,15,47.1,3.14,3.14,0,0,0
2009-01-21,13837,1600027564,31,22,22,84.01,2.71,3.14,1,0,0
2009-01-28,13837,1600027564,24,23,23,75.36,3.14,3.14,0,0,0
2009-02-04,13837,1600027564,16,16,16,50.24,3.14,3.14,0,0,0
2009-02-11,13837,1600027564,31,31,31,69.13,2.23,3.14,0,0,1
2009-02-18,13837,1600027564,25,25,25,47.0,1.88,3.14,0,0,1
2009-02-25,13837,1600027564,25,25,25,62.75,2.51,3.14,0,0,1
2009-03-04,13837,1600027564,28,27,27,66.08,2.36,3.14,0,0,1
2009-03-11,13837,1600027564,25,25,25,66.0,2.64,3.14,0,0,1
2009-03-18,13837,1600027564,17,17,17,47.09,2.77,3.14,0,0,1
2009-03-25,13837,1600027564,23,22,22,72.22,3.14,3.14,0,0,0
2009-04-01,13837,1600027564,34,32,31,91.46,2.69,3.14,0,0,1
2009-04-08,13837,1600027564,24,22,22,62.88,2.62,3.14,0,0,1
2009-04-15,13837,1600027564,33,32,32,87.78,2.66,3.14,0,0,1
2009-04-22,13837,1600027564,41,36,34,122.59,2.99,2.99,0,0,0
2009-04-29,13837,1600027564,18,18,18,56.52,3.14,3.14,0,0,0
2009-05-06,13837,1600027564,23,23,23,62.79,2.73,3.14,0,0,1
2009-05-13,13837,1600027564,44,41,41,88.0,2.0,3.14,0,0,1
2009-01-14,13853,1111009477,26,21,21,30.68,1.18,1.22,0,1,0
2009-01-21,13853,1111009477,83,75,75,79.68,0.96,1.22,1,1,0
2009-01-28,13853,1111009477,42,39,38,41.16,0.98,1.22,0,1,0
2009-02-04,13853,1111009477,30,26,26,36.3,1.21,1.21,0,0,0
2009-02-11,13853,1111009477,25,23,23,30.25,1.21,1.21,0,0,0
2009-02-18,13853,1111009477,25,21,21,30.0,1.2,1.2,0,0,0
2009-02-25,13853,1111009477,34,27,26,41.48,1.22,1.22,0,0,0
2009-03-04,13853,1111009477,44,39,38,41.36,0.94,1.22,1,0,0
2009-03-11,13853,1111009477,25,20,20,29.0,1.16,1.16,0,0,0
2009-03-18,13853,1111009477,16,12,12,19.04,1.19,1.19,0,0,0
2009-03-25,13853,1111009477,26,24,24,30.42,1.17,1.17,0,0,0
2009-04-01,13853,1111009477,26,24,24,31.98,1.23,1.23,0,0,0
2009-04-08,13853,1111009477,28,22,22,31.36,1.12,1.12,0,0,0
2009-04-15,13853,1111009477,23,20,20,27.37,1.19,1.19,0,0,0
2009-04-22,13853,1111009477,32,27,27,38.4,1.2,1.2,0,0,0
2009-04-29,13853,1111009477,26,22,22,30.94,1.19,1.19,0,0,0
2009-05-06,13853,1111009477,35,31,31,42.35,1.21,1.21,0,0,0
2009-05-13,13853,1111009477,24,20,20,28.08,1.17,1.17,0,0,0
2009-01-14,13853,1600027527,30,28,28,89.4,2.98,2.98,0,0,0
2009-01-21,13853,1600027527,26,26,26,82.42,3.17,3.17,0,0,0
2009-01-28,13853,1600027527,37,36,34,118.03,3.19,3.19,0,0,0
2009-02-04,13853,1600027527,31,29,29,98.89,3.19,3.19,0,0,0
2009-02-11,13853,1600027527,272,154,151,437.92,1.61,3.19,1,1,0
2009-02-18,13853,1600027527,170,122,120,280.5,1.65,3.19,0,1,0
2009-02-25,13853,1600027527,246,149,148,410.82,1.67,3.19,1,1,0
2009-03-04,13853,1600027527,110,72,71,187.0,1.7,3.19,0,1,0
2009-03-11,13853,1600027527,30,28,28,93.0,3.1,3.1,0,0,0
2009-03-18,13853,1600027527,35,35,35,111.65,3.19,3.19,0,0,0
2009-03-25,13853,1600027527,34,36,33,105.4,3.1,3.1,0,0,0
2009-04-01,13853,1600027527,36,35,35,111.96,3.11,3.11,0,0,0
2009-04-08,13853,1600027527,41,40,39,130.79,3.19,3.19,0,0,0
2009-04-15,13853,1600027527,42,37,37,131.04,3.12,3.12,0,0,0
2009-04-22,13853,1600027527,29,27,27,89.32,3.08,3.08,0,0,0
2009-04-29,13853,1600027527,36,35,34,114.84,3.19,3.19,0,0,0
2009-05-06,13853,1600027527,131,94,92,255.45,1.95,3.19,1,0,0
2009-05-13,13853,1600027527,32,30,28,93.12,2.91,2.91,0,0,0
