EN/S08_09_Retail_Analytics/data/cereals_data_filtered.csv
WEEK_END_DATE,STORE_NUM,UPC,UNITS,VISITS,HHS,SPEND,PRICE,BASE_PRICE,FEATURE,DISPLAY,TPR_ONLY
2009-01-14,13859,1111009497,77,66,65,94.71,1.23,1.23,0,1,0
2009-01-21,13859,1111009497,101,94,93,99.99,0.99,1.23,1,1,0
2009-01-28,13859,1111009497,96,82,81,95.04,0.99,1.23,0,1,0
2009-02-04,13859,1111009497,49,44,43,60.76,1.24,1.23,0,1,0
2009-02-11,13859,1111009497,58,52,51,71.92,1.24,1.23,0,1,0
2009-02-18,13859,1111009497,53,43,42,65.72,1.24,1.23,0,1,0
2009-02-25,13859,1111009497,66,61,60,81.84,1.24,1.23,0,1,0
2009-03-04,13859,1111009497,114,100,99,109.44,0.96,1.23,1,1,0
2009-03-11,13859,1111009497,48,43,43,58.08,1.21,1.23,0,1,0
2009-03-18,13859,1111009497,42,32,32,52.08,1.24,1.24,0,0,0
2009-03-25,13859,1111009497,48,44,42,59.04,1.23,1.24,0,1,0
2009-04-01,13859,1111009497,60,46,46,70.2,1.17,1.24,0,1,0
2009-04-08,13859,1111009497,61,55,53,75.64,1.24,1.24,0,1,0
2009-04-15,13859,1111009497,46,44,43,56.12,1.22,1.24,0,1,0
2009-04-22,13859,1111009497,48,44,44,58.56,1.22,1.24,0,1,0
2009-04-29,13859,1111009497,42,36,36,52.08,1.24,1.24,0,1,0
2009-05-06,13859,1111009497,46,39,39,55.2,1.2,1.2,0,0,0
2009-05-13,13859,1111009497,47,43,43,58.28,1.24,1.24,0,0,0
2009-01-14,13859,1600027527,45,42,42,143.55,3.19,3.19,0,0,0
2009-01-21,13859,1600027527,75,58,58,239.25,3.19,3.19,0,0,0
2009-01-28,13859,1600027527,32,34,32,101.12,3.16,3.16,0,0,0
2009-02-04,13859,1600027527,31,31,31,98.89,3.19,3.19,0,0,0
2009-02-11,13859,1600027527,422,249,237,700.52,1.66,3.19,1,1,0
2009-02-18,13859,1600027527,200,148,143,348.0,1.74,3.19,0,1,0
2009-02-25,13859,1600027527,328,199,191,541.2,1.65,3.19,1,1,0
2009-03-04,13859,1600027527,90,58,58,144.0,1.6,3.19,0,1,0
2009-03-11,13859,1600027527,47,44,44,137.24,2.92,3.19,0,1,0
2009-03-18,13859,1600027527,28,28,28,82.88,2.96,2.96,0,0,0
2009-03-25,13859,1600027527,46,44,43,137.08,2.98,2.98,0,0,0
2009-04-01,13859,1600027527,36,35,34,114.84,3.19,3.19,0,0,0
2009-04-08,13859,1600027527,36,35,34,108.36,3.01,3.01,0,0,0
2009-04-15,13859,1600027527,65,56,56,168.35,2.59,3.01,0,1,0
2009-04-22,13859,1600027527,34,31,31,90.78,2.67,3.01,0,0,1
2009-04-29,13859,1600027527,39,39,39,110.76,2.84,2.84,0,0,0
2009-05-06,13859,1600027527,159,120,119,311.64,1.96,2.84,1,1,0
2009-05-13,13859,1600027527,31,29,29,95.79,3.09,3.09,0,0,0
2009-01-14,13859,1600027564,22,21,21,66.0,3.0,3.0,0,0,0
2009-01-21,13859,1600027564,39,38,38,104.13,2.67,3.0,1,1,0
2009-01-28,13859,1600027564,21,21,21,66.99,3.19,3.19,0,0,0
2009-02-04,13859,1600027564,14,14,14,44.66,3.19,3.19,0,0,0
2009-02-11,13859,1600027564,36,35,35,47.88,1.33,3.19,0,0,1
2009-02-18,13859,1600027564,33,33,33,52.8,1.6,3.19,0,0,1
2009-02-25,13859,1600027564,27,26,24,64.53,2.39,3.19,0,0,1
2009-03-04,13859,1600027564,16,15,15,38.24,2.39,3.19,0,0,1
2009-03-11,13859,1600027564,25,24,24,55.25,2.21,3.19,0,0,1
2009-03-18,13859,1600027564,21,21,20,57.33,2.73,3.19,0,0,1
2009-03-25,13859,1600027564,25,25,25,63.75,2.55,2.55,0,0,0
2009-04-01,13859,1600027564,25,22,21,60.5,2.42,2.42,0,0,0
2009-04-08,13859,1600027564,22,19,19,67.1,3.05,3.05,0,0,0
2009-04-15,13859,1600027564,24,22,22,47.76,1.99,3.05,0,0,1
2009-04-22,13859,1600027564,32,28,28,92.48,2.89,2.89,0,0,0
2009-04-29,13859,1600027564,16,16,16,51.04,3.19,3.19,0,0,0
2009-05-06,13859,1600027564,26,26,26,44.72,1.72,3.19,0,0,1
2009-05-13,13859,1600027564,41,40,39,91.43,2.23,3.19,0,0,1
2009-01-14,15531,1111009477,58,48,47,80.62,1.39,1.57,0,1,0
2009-01-21,15531,1111009477,64,58,57,88.32,1.38,1.57,0,1,0
2009-01-28,15531,1111009477,62,60,57,85.56,1.38,1.57,0,1,0
2009-02-04,15531,1111009477,59,56,54,81.42,1.38,1.57,0,1,0
2009-02-11,15531,1111009477,37,32,32,54.76,1.48,1.48,0,0,0
2009-02-18,15531,1111009477,52,43,41,77.48,1.49,1.48,0,1,0
2009-02-25,15531,1111009477,36,30,29,54.0,1.5,1.48,0,1,0
2009-03-04,15531,1111009477,53,45,44,79.5,1.5,1.48,0,1,0
2009-03-11,15531,1111009477,53,44,44,78.97,1.49,1.49,0,0,0
2009-03-18,15531,1111009477,52,46,45,78.0,1.5,1.49,0,1,0
2009-03-25,15531,1111009477,50,42,40,74.5,1.49,1.49,0,1,0
2009-04-01,15531,1111009477,50,45,44,73.5,1.47,1.49,0,1,0
2009-04-08,15531,1111009477,41,35,35,59.86,1.46,1.49,0,1,0
2009-04-15,15531,1111009477,34,32,31,49.98,1.47,1.49,0,1,0
2009-04-22,15531,1111009477,45,42,41,67.05,1.49,1.49,0,1,0
2009-04-29,15531,1111009477,39,36,33,58.11,1.49,1.49,0,1,0
2009-05-06,15531,1111009477,35,33,33,52.15,1.49,1.49,0,1,0
2009-05-13,15531,1111009477,39,35,33,58.11,1.49,1.49,0,1,0
2009-01-14,15531,1111009497,44,41,40,60.28,1.37,1.57,0,1,0
2009-01-21,15531,1111009497,44,42,42,61.16,1.39,1.57,0,1,0
2009-01-28,15531,1111009497,42,37,37,58.38,1.39,1.57,0,1,0
2009-02-04,15531,1111009497,47,44,44,65.33,1.39,1.57,0,1,0
2009-02-11,15531,1111009497,44,35,35,65.56,1.49,1.57,0,1,0
2009-02-18,15531,1111009497,33,27,27,49.5,1.5,1.57,0,1,0
2009-02-25,15531,1111009497,46,34,33,68.54,1.49,1.57,0,1,0
2009-03-04,15531,1111009497,39,35,35,56.94,1.46,1.57,0,1,0
2009-03-11,15531,1111009497,44,36,36,66.0,1.5,1.57,0,1,0
2009-03-18,15531,1111009497,33,26,26,48.84,1.48,1.57,0,1,0
2009-03-25,15531,1111009497,50,40,39,74.5,1.49,1.57,0,1,0
2009-04-01,15531,1111009497,47,40,40,70.03,1.49,1.57,0,1,0
2009-04-08,15531,1111009497,45,42,41,67.05,1.49,1.57,0,1,0
2009-04-15,15531,1111009497,42,38,38,63.0,1.5,1.57,0,1,0
2009-04-22,15531,1111009497,54,45,44,78.84,1.46,1.57,0,1,0
2009-04-29,15531,1111009497,45,36,35,66.6,1.48,1.57,0,1,0
2009-05-06,15531,1111009497,39,33,33,58.5,1.5,1.57,0,1,0
2009-05-13,15531,1111009497,29,26,26,43.5,1.5,1.57,0,1,0
2009-01-14,15531,1600027564,63,60,59,152.46,2.42,2.9,1,0,0
2009-01-21,15531,1600027564,37,37,37,96.2,2.6,2.9,0,1,0
2009-01-28,15531,1600027564,52,47,47,164.84,3.17,3.17,0,0,0
2009-02-04,15531,1600027564,29,27,25,91.06,3.14,3.14,0,0,0
2009-02-11,15531,1600027564,20,20,20,35.0,1.75,3.14,0,0,1
2009-02-18,15531,1600027564,47,46,46,31.96,0.68,3.14,0,0,1
2009-02-25,15531,1600027564,43,43,43,60.63,1.41,3.14,0,0,1
2009-03-04,15531,1600027564,29,28,26,57.42,1.98,3.14,0,0,1
2009-03-11,15531,1600027564,30,26,25,73.5,2.45,3.14,0,0,1
2009-03-18,15531,1600027564,23,23,23,60.72,2.64,3.14,0,0,1
2009-03-25,15531,1600027564,22,22,22,63.8,2.9,2.9,0,0,0
2009-04-01,15531,1600027564,22,18,18,63.8,2.9,2.9,0,0,0
2009-04-08,15531,1600027564,36,35,33,89.28,2.48,2.9,0,0,1
2009-04-15,15531,1600027564,22,19,19,55.0,2.5,2.9,0,0,1
2009-04-22,15531,1600027564,28,27,25,79.8,2.85,2.85,0,0,0
2009-04-29,15531,1600027564,23,22,22,73.37,3.19,3.19,0,0,0
2009-05-06,15531,1600027564,24,21,19,76.56,3.19,3.19,0,0,0
2009-05-13,15531,1600027564,27,27,27,82.89,3.07,3.07,0,0,0
2009-01-14,15541,1111009497,43,40,39,59.34,1.38,1.38,0,0,0
2009-01-21,15541,1111009497,46,42,42,63.48,1.38,1.38,0,0,0
2009-01-28,15541,1111009497,41,36,36,56.58,1.38,1.38,0,0,0
2009-02-04,15541,1111009497,42,41,39,57.12,1.36,1.36,0,0,0
2009-02-11,15541,1111009497,42,37,37,62.16,1.48,1.48,0,0,0
2009-02-18,15541,1111009497,42,36,36,63.0,1.5,1.5,0,0,0
2009-02-25,15541,1111009497,32,30,30,48.0,1.5,1.5,0,0,0
2009-03-04,15541,1111009497,37,33,33,55.13,1.49,1.49,0,0,0
2009-03-11,15541,1111009497,43,38,38,64.07,1.49,1.49,0,0,0
2009-03-18,15541,1111009497,45,41,40,69.3,1.54,1.54,0,0,0
2009-03-25,15541,1111009497,47,41,40,70.5,1.5,1.5,0,0,0
2009-04-01,15541,1111009497,36,34,34,53.64,1.49,1.49,0,0,0
2009-04-08,15541,1111009497,46,44,44,68.08,1.48,1.48,0,0,0
2009-04-15,15541,1111009497,27,26,26,40.23,1.49,1.49,0,0,0
2009-04-22,15541,1111009497,38,37,36,56.62,1.49,1.49,0,0,0
2009-04-29,15541,1111009497,38,36,36,57.0,1.5,1.5,0,0,0
2009-05-06,15541,1111009497,39,36,36,58.11,1.49,1.49,0,0,0
2009-05-13,15541,1111009497,30,28,28,45.0,1.5,1.5,0,0,0
2009-01-14,15541,1600027527,22,22,22,65.78,2.99,2.99,0,0,0
2009-01-21,15541,1600027527,21,20,20,66.99,3.19,3.19,0,0,0
2009-01-28,15541,1600027527,24,23,23,76.56,3.19,3.19,0,0,0
2009-02-04,15541,1600027527,18,18,18,57.42,3.19,3.19,0,0,0
2009-02-11,15541,1600027527,267,187,179,443.22,1.66,3.19,1,1,0
2009-02-18,15541,1600027527,145,110,109,240.7,1.66,3.19,0,0,1
2009-02-25,15541,1600027527,179,142,138,284.61,1.59,3.19,1,1,0
2009-03-04,15541,1600027527,50,42,42,82.5,1.65,3.19,0,1,0
2009-03-11,15541,1600027527,25,25,24,65.5,2.62,3.19,0,0,1
2009-03-18,15541,1600027527,23,21,20,66.93,2.91,2.91,0,0,0
2009-03-25,15541,1600027527,13,13,13,41.47,3.19,3.19,0,0,0
2009-04-01,15541,1600027527,27,27,27,82.89,3.07,3.07,0,0,0
2009-04-08,15541,1600027527,23,23,23,73.37,3.19,3.19,0,0,0
2009-04-15,15541,1600027527,24,23,23,66.96,2.79,3.19,0,0,1
2009-04-22,15541,1600027527,25,25,25,79.75,3.19,3.19,0,0,0
2009-04-29,15541,1600027527,20,20,20,60.6,3.03,3.03,0,0,0
2009-05-06,15541,1600027527,132,104,104,264.0,2.0,3.03,1,1,0
2009-05-13,15541,1600027527,42,38,38,129.36,3.08,3.08,0,0,0
2009-01-14,15541,1600027564,29,25,25,66.7,2.3,3.01,1,0,0
2009-01-21,15541,1600027564,25,24,24,68.25,2.73,3.01,0,1,0
2009-01-28,15541,1600027564,28,27,27,89.32,3.19,3.01,0,1,0
2009-02-04,15541,1600027564,33,31,31,105.27,3.19,3.19,0,0,0
2009-02-11,15541,1600027564,45,44,44,67.05,1.49,3.19,0,0,1
2009-02-18,15541,1600027564,42,40,39,70.14,1.67,3.19,0,0,1
2009-02-25,15541,1600027564,36,31,31,76.68,2.13,3.19,0,0,1
2009-03-04,15541,1600027564,33,32,32,66.99,2.03,3.19,0,0,1
2009-03-11,15541,1600027564,38,37,37,110.96,2.92,2.92,0,0,0
2009-03-18,15541,1600027564,32,31,30,86.08,2.69,2.69,0,0,0
2009-03-25,15541,1600027564,28,26,26,73.36,2.62,2.62,0,0,0
2009-04-01,15541,1600027564,38,34,33,111.72,2.94,2.94,0,0,0
2009-04-08,15541,1600027564,42,40,39,133.98,3.19,3.19,0,0,0
2009-04-15,15541,1600027564,18,18,18,54.0,3.0,3.0,0,0,0
2009-04-22,15541,1600027564,32,30,29,94.4,2.95,2.95,0,0,0
2009-04-29,15541,1600027564,28,26,26,89.32,3.19,3.19,0,0,0
2009-05-06,15541,1600027564,31,29,29,98.89,3.19,3.19,0,1,0
2009-05-13,15541,1600027564,27,26,26,86.13,3.19,3.19,0,0,0
2009-01-14,15541,3800031838,18,18,18,50.76,2.82,2.82,0,0,0
2009-01-21,15541,3800031838,20,20,20,59.8,2.99,2.99,0,0,0
2009-01-28,15541,3800031838,23,22,22,68.77,2.99,2.99,0,0,0
2009-02-04,15541,3800031838,13,13,13,38.87,2.99,2.99,0,0,0
2009-02-11,15541,3800031838,13,13,13,23.92,1.84,2.99,0,0,1
2009-02-18,15541,3800031838,18,18,18,23.94,1.33,2.99,0,0,1
2009-02-25,15541,3800031838,12,12,12,26.88,2.24,2.99,0,0,1
2009-03-04,15541,3800031838,9,9,9,20.97,2.33,2.99,0,0,1
2009-03-11,15541,3800031838,14,14,14,41.86,2.99,2.99,0,0,0
2009-03-18,15541,3800031838,15,14,14,35.85,2.39,2.99,0,0,1
2009-03-25,15541,3800031838,13,13,13,38.87,2.99,2.99,0,0,0
2009-04-01,15541,3800031838,26,26,26,74.88,2.88,2.88,0,0,0
2009-04-08,15541,3800031838,16,16,16,47.84,2.99,2.99,0,0,0
2009-04-15,15541,3800031838,17,17,17,50.83,2.99,2.99,0,0,0
2009-04-22,15541,3800031838,13,13,13,38.87,2.99,2.99,0,0,0
2009-04-29,15541,3800031838,26,25,25,76.18,2.93,2.93,0,0,0
2009-05-06,15541,3800031838,23,23,22,68.77,2.99,2.99,0,0,0
2009-05-13,15541,3800031838,103,85,81,201.88,1.96,2.99,1,1,0
2009-01-14,15547,1111009477,25,23,23,34.75,1.39,1.39,0,0,0
2009-01-21,15547,1111009477,35,30,29,48.3,1.38,1.38,0,0,0
2009-01-28,15547,1111009477,30,28,27,41.7,1.39,1.39,0,0,0
2009-02-04,15547,1111009477,38,32,32,52.82,1.39,1.39,0,1,0
2009-02-11,15547,1111009477,31,28,26,46.5,1.5,1.5,0,0,0
2009-02-18,15547,1111009477,30,24,24,44.7,1.49,1.49,0,0,0
2009-02-25,15547,1111009477,30,28,27,44.7,1.49,1.49,0,0,0
2009-03-04,15547,1111009477,26,24,24,39.0,1.5,1.5,0,0,0
2009-03-11,15547,1111009477,43,38,36,63.21,1.47,1.47,0,0,0
2009-03-18,15547,1111009477,47,32,31,68.15,1.45,1.45,0,0,0
2009-03-25,15547,1111009477,27,25,25,39.42,1.46,1.45,0,1,0
2009-04-01,15547,1111009477,43,36,36,64.5,1.5,1.5,0,0,0
2009-04-08,15547,1111009477,27,26,25,40.5,1.5,1.5,0,0,0
2009-04-15,15547,1111009477,28,22,22,41.72,1.49,1.49,0,0,0
2009-04-22,15547,1111009477,25,21,20,37.0,1.48,1.48,0,0,0
2009-04-29,15547,1111009477,28,26,25,42.0,1.5,1.5,0,0,0
2009-05-06,15547,1111009477,35,30,26,52.15,1.49,1.49,0,0,0
2009-05-13,15547,1111009477,27,25,25,40.5,1.5,1.5,0,0,0
2009-01-14,15547,1111009497,30,28,28,41.7,1.39,1.39,0,0,0
2009-01-21,15547,1111009497,33,31,30,45.21,1.37,1.39,0,1,0
2009-01-28,15547,1111009497,34,30,28,47.26,1.39,1.39,0,1,0
2009-02-04,15547,1111009497,49,42,41,68.11,1.39,1.39,0,1,0
2009-02-11,15547,1111009497,27,24,24,40.23,1.49,1.49,0,0,0
2009-02-18,15547,1111009497,35,27,26,52.15,1.49,1.49,0,0,0
2009-02-25,15547,1111009497,40,30,30,60.0,1.5,1.5,0,0,0
2009-03-04,15547,1111009497,28,23,22,41.44,1.48,1.48,0,0,0
2009-03-11,15547,1111009497,47,36,36,70.03,1.49,1.49,0,0,0
2009-03-18,15547,1111009497,40,31,29,59.6,1.49,1.49,0,1,0
2009-03-25,15547,1111009497,35,31,31,52.15,1.49,1.49,0,0,0
2009-04-01,15547,1111009497,52,44,44,78.0,1.5,1.5,0,0,0
2009-04-08,15547,1111009497,34,27,27,49.3,1.45,1.45,0,0,0
2009-04-15,15547,1111009497,36,32,32,52.56,1.46,1.46,0,0,0
2009-04-22,15547,1111009497,36,29,27,52.56,1.46,1.46,0,0,0
2009-04-29,15547,1111009497,33,24,23,48.84,1.48,1.48,0,0,0
2009-05-06,15547,1111009497,27,22,22,40.23,1.49,1.49,0,0,0
2009-05-13,15547,1111009497,40,31,31,59.6,1.49,1.49,0,0,0
2009-01-14,15547,3800031838,60,60,58,170.4,2.84,2.84,0,0,0
2009-01-21,15547,3800031838,48,48,47,143.52,2.99,2.99,0,0,0
2009-01-28,15547,3800031838,43,43,42,128.57,2.99,2.99,0,0,0
2009-02-04,15547,3800031838,38,38,38,112.1,2.95,2.95,0,0,0
2009-02-11,15547,3800031838,40,39,38,95.6,2.39,2.95,0,0,1
2009-02-18,15547,3800031838,24,24,24,52.56,2.19,2.95,0,0,1
2009-02-25,15547,3800031838,30,29,29,80.4,2.68,2.68,0,0,0
2009-03-04,15547,3800031838,38,38,37,93.86,2.47,2.47,0,0,0
2009-03-11,15547,3800031838,48,47,47,134.4,2.8,2.8,0,0,0
2009-03-18,15547,3800031838,49,49,47,134.75,2.75,2.75,0,0,0
2009-03-25,15547,3800031838,43,41,40,125.56,2.92,2.92,0,0,0
2009-04-01,15547,3800031838,31,31,31,89.59,2.89,2.89,0,0,0
2009-04-08,15547,3800031838,40,40,40,119.6,2.99,2.99,0,0,0
2009-04-15,15547,3800031838,44,44,44,122.76,2.79,2.79,0,0,0
2009-04-22,15547,3800031838,36,36,36,95.76,2.66,2.66,0,0,0
2009-04-29,15547,3800031838,31,31,31,92.69,2.99,2.99,0,0,0
2009-05-06,15547,3800031838,45,45,45,134.55,2.99,2.99,0,0,0
2009-05-13,15547,3800031838,216,198,196,432.0,2.0,2.99,1,1,0
2009-01-14,15755,1111009477,12,12,12,14.16,1.18,1.18,0,0,0
2009-01-21,15755,1111009477,14,11,11,13.86,0.99,1.18,1,1,0
2009-01-28,15755,1111009477,17,17,17,16.66,0.98,1.18,0,0,1
2009-02-04,15755,1111009477,21,17,17,24.57,1.17,1.18,0,1,0
2009-02-11,15755,1111009477,11,11,11,12.87,1.17,1.17,0,0,0
2009-02-18,15755,1111009477,5,5,5,5.95,1.19,1.19,0,0,0
2009-02-25,15755,1111009477,8,8,8,9.52,1.19,1.19,0,0,0
2009-03-04,15755,1111009477,22,20,19,22.0,1.0,1.19,1,0,0
2009-03-11,15755,1111009477,6,6,6,7.02,1.17,1.17,0,0,0
2009-03-18,15755,1111009477,11,11,11,12.76,1.16,1.16,0,0,0
2009-03-25,15755,1111009477,4,4,4,4.56,1.14,1.14,0,0,0
2009-04-01,15755,1111009477,5,5,5,5.7,1.14,1.14,0,0,0
2009-04-08,15755,1111009477,7,7,7,7.7,1.1,1.1,0,0,0
2009-04-15,15755,1111009477,8,8,8,9.04,1.13,1.13,0,0,0
2009-04-22,15755,1111009477,16,11,11,18.56,1.16,1.16,0,0,0
2009-04-29,15755,1111009477,10,9,8,11.4,1.14,1.14,0,0,0
2009-05-06,15755,1111009477,9,9,9,10.44,1.16,1.16,0,0,0
2009-05-13,15755,1111009477,12,9,9,13.92,1.16,1.16,0,0,0
2009-01-14,15755,1600027527,20,19,19,60.6,3.03,3.03,0,0,0
2009-01-21,15755,1600027527,12,12,12,38.28,3.19,3.19,0,0,0
2009-01-28,15755,1600027527,11,11,11,35.09,3.19,3.19,0,0,0
2009-02-04,15755,1600027527,15,15,15,47.85,3.19,3.19,0,0,0
2009-02-11,15755,1600027527,198,138,133,330.66,1.67,3.19,1,1,0
2009-02-18,15755,1600027527,145,102,100,236.35,1.63,3.19,0,1,0
2009-02-25,15755,1600027527,161,117,116,265.65,1.65,3.19,1,1,0
2009-03-04,15755,1600027527,70,46,46,116.2,1.66,3.19,0,1,0
2009-03-11,15755,1600027527,19,19,19,55.86,2.94,2.94,0,0,0
2009-03-18,15755,1600027527,13,13,13,41.47,3.19,3.19,0,0,0
2009-03-25,15755,1600027527,10,10,10,31.9,3.19,3.19,0,0,0
2009-04-01,15755,1600027527,17,17,16,54.23,3.19,3.19,0,0,0
2009-04-08,15755,1600027527,18,18,18,57.42,3.19,3.19,0,0,0
2009-04-15,15755,1600027527,9,9,9,28.71,3.19,3.19,0,0,0
2009-04-22,15755,1600027527,19,19,19,60.61,3.19,3.19,0,0,0
2009-04-29,15755,1600027527,11,11,11,35.09,3.19,3.19,0,0,0
2009-05-06,15755,1600027527,74,60,57,154.66,2.09,3.19,1,0,0
2009-05-13,15755,1600027527,18,17,17,47.88,2.66,3.19,0,0,1
2009-01-14,15755,1600027564,5,5,5,15.7,3.14,3.14,0,0,0
2009-01-21,15755,1600027564,17,15,15,45.39,2.67,3.14,1,0,0
2009-01-28,15755,1600027564,11,11,11,34.54,3.14,3.14,0,0,0
2009-02-04,15755,1600027564,9,9,9,28.26,3.14,3.14,0,0,0
2009-02-11,15755,1600027564,13,13,13,28.21,2.17,3.14,0,0,1
2009-02-18,15755,1600027564,9,9,9,15.66,1.74,3.14,0,0,1
2009-02-25,15755,1600027564,8,8,8,18.88,2.36,3.14,0,0,1
2009-03-04,15755,1600027564,15,15,15,40.8,2.72,3.14,0,0,1
2009-03-11,15755,1600027564,12,11,10,34.56,2.88,2.88,0,0,0
2009-03-18,15755,1600027564,4,4,4,12.56,3.14,3.14,0,0,0
2009-03-25,15755,1600027564,3,3,3,9.42,3.14,3.14,0,0,0
2009-04-01,15755,1600027564,13,13,13,40.82,3.14,3.14,0,0,0
2009-04-08,15755,1600027564,11,11,11,34.54,3.14,3.14,0,0,0
2009-04-15,15755,1600027564,5,5,5,15.7,3.14,3.14,0,0,0
2009-04-22,15755,1600027564,9,9,9,28.26,3.14,3.14,0,0,0
2009-04-29,15755,1600027564,12,12,12,37.68,3.14,3.14,0,0,0
2009-05-06,15755,1600027564,5,5,5,13.1,2.62,3.14,0,0,1
2009-05-13,15755,1600027564,11,11,11,25.08,2.28,3.14,0,0,1
