EN/S08_09_Retail_Analytics/data/cereals_data_filtered.csv
WEEK_END_DATE,STORE_NUM,UPC,UNITS,VISITS,HHS,SPEND,PRICE,BASE_PRICE,FEATURE,DISPLAY,TPR_ONLY
2009-01-14,15755,3800031838,18,18,18,52.02,2.89,2.89,0,0,0
2009-01-21,15755,3800031838,26,28,28,75.14,2.89,2.89,0,0,0
2009-01-28,15755,3800031838,17,17,16,49.13,2.89,2.89,0,0,0
2009-02-04,15755,3800031838,32,32,32,92.48,2.89,2.89,0,0,0
2009-02-11,15755,3800031838,23,23,22,54.97,2.39,2.89,0,0,1
2009-02-18,15755,3800031838,19,19,19,49.21,2.59,2.89,0,0,1
2009-02-25,15755,3800031838,18,18,18,49.5,2.75,2.75,0,0,0
2009-03-04,15755,3800031838,22,22,21,60.72,2.76,2.76,0,0,0
2009-03-11,15755,3800031838,26,26,25,75.14,2.89,2.89,0,0,0
2009-03-18,15755,3800031838,18,18,18,52.02,2.89,2.89,0,0,0
2009-03-25,15755,3800031838,23,23,22,66.47,2.89,2.89,0,0,0
2009-04-01,15755,3800031838,24,23,22,69.36,2.89,2.89,0,0,0
2009-04-08,15755,3800031838,19,17,17,52.25,2.75,2.75,0,0,0
2009-04-15,15755,3800031838,15,15,15,43.35,2.89,2.89,0,0,0
2009-04-22,15755,3800031838,21,21,20,60.69,2.89,2.89,0,0,0
2009-04-29,15755,3800031838,24,23,21,69.36,2.89,2.89,0,0,0
2009-05-06,15755,3800031838,27,27,26,78.03,2.89,2.89,0,0,0
2009-05-13,15755,3800031838,128,115,108,248.32,1.94,2.89,1,1,0
2009-01-14,15763,1111009477,34,28,28,40.46,1.19,1.08,0,1,0
2009-01-21,15763,1111009477,33,29,29,32.34,0.98,1.08,1,1,0
2009-01-28,15763,1111009477,25,21,21,25.0,1.0,1.0,0,0,0
2009-02-04,15763,1111009477,13,12,12,15.08,1.16,1.16,0,0,0
2009-02-11,15763,1111009477,22,19,18,25.74,1.17,1.17,0,0,0
2009-02-18,15763,1111009477,37,34,32,43.29,1.17,1.17,0,1,0
2009-02-25,15763,1111009477,32,31,31,37.44,1.17,1.17,0,0,0
2009-03-04,15763,1111009477,55,43,43,52.25,0.95,1.17,1,1,0
2009-03-11,15763,1111009477,25,22,21,28.5,1.14,1.17,0,1,0
2009-03-18,15763,1111009477,15,12,12,17.55,1.17,1.17,0,1,0
2009-03-25,15763,1111009477,21,20,20,24.57,1.17,1.17,0,0,0
2009-04-01,15763,1111009477,18,18,18,21.24,1.18,1.18,0,0,0
2009-04-08,15763,1111009477,26,23,23,30.42,1.17,1.17,0,0,0
2009-04-15,15763,1111009477,19,19,19,21.28,1.12,1.17,0,1,0
2009-04-22,15763,1111009477,23,22,22,26.91,1.17,1.17,0,1,0
2009-04-29,15763,1111009477,43,42,40,50.74,1.18,1.17,0,1,0
2009-05-06,15763,1111009477,28,25,24,32.48,1.16,1.16,0,0,0
2009-05-13,15763,1111009477,36,27,25,39.96,1.11,1.11,0,0,0
2009-01-14,15763,1111009497,31,29,29,36.27,1.17,1.18,0,1,0
2009-01-21,15763,1111009497,67,56,56,66.33,0.99,1.18,1,1,0
2009-01-28,15763,1111009497,50,43,41,49.5,0.99,1.18,0,1,0
2009-02-04,15763,1111009497,24,22,22,28.56,1.19,1.18,0,1,0
2009-02-11,15763,1111009497,29,27,27,34.22,1.18,1.18,0,1,0
2009-02-18,15763,1111009497,27,27,26,31.86,1.18,1.18,0,0,0
2009-02-25,15763,1111009497,28,28,28,32.48,1.16,1.18,0,1,0
2009-03-04,15763,1111009497,49,46,46,48.51,0.99,1.18,1,1,0
2009-03-11,15763,1111009497,17,15,15,19.04,1.12,1.18,0,1,0
2009-03-18,15763,1111009497,28,24,22,29.68,1.06,1.18,0,1,0
2009-03-25,15763,1111009497,20,20,20,23.6,1.18,1.18,0,0,0
2009-04-01,15763,1111009497,28,26,26,31.64,1.13,1.13,0,0,0
2009-04-08,15763,1111009497,24,22,21,28.56,1.19,1.19,0,0,0
2009-04-15,15763,1111009497,28,26,26,32.76,1.17,1.19,0,1,0
2009-04-22,15763,1111009497,36,34,33,42.12,1.17,1.19,0,1,0
2009-04-29,15763,1111009497,27,22,22,31.86,1.18,1.18,0,0,0
2009-05-06,15763,1111009497,19,17,16,22.61,1.19,1.19,0,0,0
2009-05-13,15763,1111009497,25,24,24,29.5,1.18,1.18,0,0,0
2009-01-14,15763,1600027564,30,28,28,83.1,2.77,2.77,0,0,0
2009-01-21,15763,1600027564,34,28,28,89.42,2.63,2.77,1,0,0
2009-01-28,15763,1600027564,15,14,14,47.1,3.14,3.14,0,0,0
2009-02-04,15763,1600027564,23,22,22,72.22,3.14,3.14,0,0,0
2009-02-11,15763,1600027564,25,23,21,42.25,1.69,3.14,0,0,1
2009-02-18,15763,1600027564,27,26,26,59.67,2.21,3.14,0,0,1
2009-02-25,15763,1600027564,26,26,26,56.42,2.17,3.14,0,0,1
2009-03-04,15763,1600027564,28,27,27,75.32,2.69,3.14,0,0,1
2009-03-11,15763,1600027564,20,18,17,56.6,2.83,3.14,0,0,1
2009-03-18,15763,1600027564,26,25,24,72.28,2.78,3.14,0,0,1
2009-03-25,15763,1600027564,30,27,27,87.9,2.93,2.93,0,0,0
2009-04-01,15763,1600027564,17,16,15,50.32,2.96,2.96,0,0,0
2009-04-08,15763,1600027564,24,24,24,72.24,3.01,3.01,0,0,0
2009-04-15,15763,1600027564,27,25,24,75.33,2.79,2.79,0,0,0
2009-04-22,15763,1600027564,31,27,27,94.24,3.04,3.04,0,0,0
2009-04-29,15763,1600027564,16,16,16,50.24,3.14,3.14,0,0,0
2009-05-06,15763,1600027564,23,23,22,72.22,3.14,3.14,0,0,0
2009-05-13,15763,1600027564,33,30,29,87.78,2.66,3.14,0,0,1
2009-01-14,15763,3800031838,19,19,19,52.06,2.74,2.74,0,0,0
2009-01-21,15763,3800031838,15,15,15,43.35,2.89,2.89,0,0,0
2009-01-28,15763,3800031838,10,10,10,28.9,2.89,2.89,0,0,0
2009-02-04,15763,3800031838,13,12,12,37.57,2.89,2.89,0,0,0
2009-02-11,15763,3800031838,8,8,8,20.24,2.53,2.89,0,0,1
2009-02-18,15763,3800031838,15,15,15,37.5,2.5,2.89,0,0,1
2009-02-25,15763,3800031838,17,17,17,46.24,2.72,2.72,0,0,0
2009-03-04,15763,3800031838,27,27,25,68.04,2.52,2.52,0,0,0
2009-03-11,15763,3800031838,20,20,20,55.0,2.75,2.75,0,0,0
2009-03-18,15763,3800031838,15,13,13,43.35,2.89,2.89,0,0,0
2009-03-25,15763,3800031838,11,11,11,31.79,2.89,2.89,0,0,0
2009-04-01,15763,3800031838,24,24,24,66.48,2.77,2.77,0,0,0
2009-04-08,15763,3800031838,11,11,10,31.79,2.89,2.89,0,0,0
2009-04-15,15763,3800031838,20,19,19,57.8,2.89,2.89,0,0,0
2009-04-22,15763,3800031838,12,12,12,31.8,2.65,2.65,0,0,0
2009-04-29,15763,3800031838,18,18,18,52.02,2.89,2.89,0,0,0
2009-05-06,15763,3800031838,11,11,11,31.79,2.89,2.89,0,0,0
2009-05-13,15763,3800031838,99,73,72,193.05,1.95,2.89,1,1,0
2009-01-14,15765,1111009477,17,17,17,19.72,1.16,1.16,0,0,0
2009-01-21,15765,1111009477,39,34,33,38.22,0.98,1.16,1,0,0
2009-01-28,15765,1111009477,53,47,46,52.47,0.99,1.16,0,0,1
2009-02-04,15765,1111009477,38,38,38,44.08,1.16,1.16,0,1,0
2009-02-11,15765,1111009477,44,39,39,51.48,1.17,1.16,0,1,0
2009-02-18,15765,1111009477,36,33,33,42.12,1.17,1.16,0,1,0
2009-02-25,15765,1111009477,55,52,52,63.8,1.16,1.16,0,1,0
2009-03-04,15765,1111009477,65,60,58,63.7,0.98,1.16,1,1,0
2009-03-11,15765,1111009477,47,47,47,54.52,1.16,1.16,0,1,0
2009-03-18,15765,1111009477,35,31,31,41.3,1.18,1.16,0,1,0
2009-03-25,15765,1111009477,33,29,29,38.61,1.17,1.16,0,1,0
2009-04-01,15765,1111009477,30,27,27,35.1,1.17,1.16,0,1,0
2009-04-08,15765,1111009477,28,25,25,31.92,1.14,1.14,0,0,0
2009-04-15,15765,1111009477,28,27,27,32.48,1.16,1.16,0,0,0
2009-04-22,15765,1111009477,23,24,22,26.91,1.17,1.17,0,0,0
2009-04-29,15765,1111009477,30,27,26,35.4,1.18,1.18,0,0,0
2009-05-06,15765,1111009477,29,31,30,33.93,1.17,1.17,0,0,0
2009-05-13,15765,1111009477,25,25,25,29.25,1.17,1.17,0,0,0
2009-01-14,15765,1111009497,30,27,26,35.1,1.17,1.17,0,0,0
2009-01-21,15765,1111009497,59,54,54,57.82,0.98,1.17,1,0,0
2009-01-28,15765,1111009497,65,61,60,64.35,0.99,1.17,0,1,0
2009-02-04,15765,1111009497,48,41,41,56.16,1.17,1.17,0,0,0
2009-02-11,15765,1111009497,53,44,44,62.01,1.17,1.17,0,1,0
2009-02-18,15765,1111009497,59,51,51,69.03,1.17,1.17,0,1,0
2009-02-25,15765,1111009497,46,42,41,53.36,1.16,1.16,0,0,0
2009-03-04,15765,1111009497,85,81,81,84.15,0.99,1.16,1,1,0
2009-03-11,15765,1111009497,46,39,39,53.36,1.16,1.16,0,1,0
2009-03-18,15765,1111009497,40,36,36,45.2,1.13,1.16,0,1,0
2009-03-25,15765,1111009497,48,43,42,56.16,1.17,1.16,0,1,0
2009-04-01,15765,1111009497,48,43,42,56.16,1.17,1.16,0,1,0
2009-04-08,15765,1111009497,33,31,31,38.61,1.17,1.17,0,0,0
2009-04-15,15765,1111009497,30,25,25,35.1,1.17,1.17,0,0,0
2009-04-22,15765,1111009497,44,33,32,51.48,1.17,1.17,0,0,0
2009-04-29,15765,1111009497,27,24,23,31.32,1.16,1.16,0,0,0
2009-05-06,15765,1111009497,33,27,27,38.61,1.17,1.17,0,0,0
2009-05-13,15765,1111009497,30,27,26,35.7,1.19,1.19,0,0,0
2009-01-14,15765,1600027527,46,46,46,140.3,3.05,3.05,0,0,0
2009-01-21,15765,1600027527,50,50,50,159.5,3.19,3.19,0,0,0
2009-01-28,15765,1600027527,52,50,49,165.88,3.19,3.19,0,0,0
2009-02-04,15765,1600027527,54,53,53,172.26,3.19,3.19,0,0,0
2009-02-11,15765,1600027527,325,227,221,526.5,1.62,3.19,1,1,0
2009-02-18,15765,1600027527,240,177,170,396.0,1.65,3.19,0,1,0
2009-02-25,15765,1600027527,223,146,140,367.95,1.65,3.19,1,1,0
2009-03-04,15765,1600027527,51,38,38,84.15,1.65,3.19,0,0,1
2009-03-11,15765,1600027527,37,36,35,118.03,3.19,3.19,0,0,0
2009-03-18,15765,1600027527,34,33,31,105.4,3.1,3.1,0,0,0
2009-03-25,15765,1600027527,31,27,27,98.89,3.19,3.19,0,0,0
2009-04-01,15765,1600027527,42,40,39,133.98,3.19,3.19,0,0,0
2009-04-08,15765,1600027527,29,29,29,86.13,2.97,2.97,0,0,0
2009-04-15,15765,1600027527,35,34,34,111.65,3.19,3.19,0,0,0
2009-04-22,15765,1600027527,30,29,29,95.7,3.19,3.19,0,0,0
2009-04-29,15765,1600027527,45,42,41,143.55,3.19,3.19,0,0,0
2009-05-06,15765,1600027527,163,125,124,327.63,2.01,3.19,1,0,0
2009-05-13,15765,1600027527,34,33,33,89.42,2.63,3.19,0,0,1
2009-01-14,15765,3800031838,23,23,23,66.47,2.89,2.89,0,0,0
2009-01-21,15765,3800031838,25,25,25,72.25,2.89,2.89,0,0,0
2009-01-28,15765,3800031838,28,28,26,80.92,2.89,2.89,0,0,0
2009-02-04,15765,3800031838,22,22,22,63.58,2.89,2.89,0,0,0
2009-02-11,15765,3800031838,31,31,31,86.8,2.8,2.8,0,0,0
2009-02-18,15765,3800031838,27,27,27,69.39,2.57,2.57,0,0,0
2009-02-25,15765,3800031838,27,26,25,72.36,2.68,2.68,0,0,0
2009-03-04,15765,3800031838,32,29,29,92.48,2.89,2.89,0,0,0
2009-03-11,15765,3800031838,24,24,24,63.6,2.65,2.65,0,0,0
2009-03-18,15765,3800031838,24,22,22,66.48,2.77,2.77,0,0,0
2009-03-25,15765,3800031838,24,23,23,69.36,2.89,2.89,0,0,0
2009-04-01,15765,3800031838,28,28,28,78.12,2.79,2.79,0,0,0
2009-04-08,15765,3800031838,32,31,30,91.84,2.87,2.87,0,0,0
2009-04-15,15765,3800031838,31,29,28,89.59,2.89,2.89,0,0,0
2009-04-22,15765,3800031838,20,18,18,57.8,2.89,2.89,0,0,0
2009-04-29,15765,3800031838,29,26,25,83.81,2.89,2.89,0,0,0
2009-05-06,15765,3800031838,28,28,27,72.24,2.58,2.89,0,0,1
2009-05-13,15765,3800031838,132,117,114,262.68,1.99,2.89,1,1,0
2009-01-14,17599,1111009477,17,17,17,20.4,1.2,1.2,0,0,0
2009-01-21,17599,1111009477,55,46,46,53.9,0.98,1.2,1,1,0
2009-01-28,17599,1111009477,48,39,39,47.04,0.98,1.2,0,1,0
2009-02-04,17599,1111009477,19,18,18,23.18,1.22,1.2,0,1,0
2009-02-11,17599,1111009477,13,13,13,15.73,1.21,1.2,0,1,0
2009-02-18,17599,1111009477,16,13,13,19.52,1.22,1.2,0,1,0
2009-02-25,17599,1111009477,12,11,11,14.64,1.22,1.22,0,0,0
2009-03-04,17599,1111009477,22,18,18,20.46,0.93,1.22,1,0,0
2009-03-11,17599,1111009477,15,15,14,18.6,1.24,1.24,0,0,0
2009-03-18,17599,1111009477,7,7,7,8.61,1.23,1.23,0,0,0
2009-03-25,17599,1111009477,8,8,8,9.6,1.2,1.2,0,0,0
2009-04-01,17599,1111009477,16,12,12,19.04,1.19,1.19,0,0,0
2009-04-08,17599,1111009477,16,11,11,19.84,1.24,1.24,0,0,0
2009-04-15,17599,1111009477,12,11,11,14.88,1.24,1.24,0,0,0
2009-04-22,17599,1111009477,25,19,19,30.25,1.21,1.21,0,0,0
2009-04-29,17599,1111009477,20,20,20,24.2,1.21,1.21,0,0,0
2009-05-06,17599,1111009477,21,19,19,25.83,1.23,1.23,0,0,0
2009-05-13,17599,1111009477,20,17,16,24.6,1.23,1.23,0,0,0
2009-01-14,17599,1111009497,39,33,32,47.58,1.22,1.22,0,0,0
2009-01-21,17599,1111009497,77,58,58,75.46,0.98,1.22,1,1,0
2009-01-28,17599,1111009497,35,34,34,34.65,0.99,1.22,0,1,0
2009-02-04,17599,1111009497,35,31,29,42.7,1.22,1.22,0,1,0
2009-02-11,17599,1111009497,36,33,30,44.28,1.23,1.22,0,1,0
2009-02-18,17599,1111009497,28,17,16,34.44,1.23,1.23,0,0,0
2009-02-25,17599,1111009497,23,22,22,28.29,1.23,1.23,0,0,0
2009-03-04,17599,1111009497,47,37,34,45.59,0.97,1.23,1,0,0
2009-03-11,17599,1111009497,36,30,28,43.56,1.21,1.21,0,0,0
2009-03-18,17599,1111009497,24,21,19,29.52,1.23,1.23,0,0,0
2009-03-25,17599,1111009497,26,24,23,31.72,1.22,1.22,0,0,0
2009-04-01,17599,1111009497,28,26,24,33.6,1.2,1.2,0,0,0
2009-04-08,17599,1111009497,35,27,25,43.05,1.23,1.23,0,0,0
2009-04-15,17599,1111009497,16,13,13,19.2,1.2,1.2,0,0,0
2009-04-22,17599,1111009497,30,27,25,36.6,1.22,1.22,0,0,0
2009-04-29,17599,1111009497,24,20,20,29.52,1.23,1.23,0,0,0
2009-05-06,17599,1111009497,27,22,21,33.21,1.23,1.23,0,0,0
2009-05-13,17599,1111009497,17,16,14,20.57,1.21,1.21,0,0,0
2009-01-14,17615,1111009477,21,21,21,24.78,1.18,1.18,0,0,0
2009-01-21,17615,1111009477,54,46,46,52.92,0.98,1.18,1,1,0
2009-01-28,17615,1111009477,52,44,44,50.96,0.98,1.18,0,1,0
2009-02-04,17615,1111009477,56,52,51,64.96,1.16,1.18,0,1,0
2009-02-11,17615,1111009477,28,26,26,33.32,1.19,1.18,0,1,0
2009-02-18,17615,1111009477,18,17,17,20.88,1.16,1.16,0,0,0
2009-02-25,17615,1111009477,19,18,18,22.42,1.18,1.18,0,0,0
2009-03-04,17615,1111009477,59,56,55,57.82,0.98,1.18,1,1,0
2009-03-11,17615,1111009477,59,56,56,69.62,1.18,1.18,0,1,0
2009-03-18,17615,1111009477,27,27,27,31.86,1.18,1.18,0,0,0
2009-03-25,17615,1111009477,24,23,23,28.08,1.17,1.17,0,0,0
2009-04-01,17615,1111009477,30,28,28,35.4,1.18,1.18,0,0,0
2009-04-08,17615,1111009477,29,25,25,33.93,1.17,1.17,0,0,0
2009-04-15,17615,1111009477,18,17,16,20.88,1.16,1.16,0,0,0
2009-04-22,17615,1111009477,15,15,15,17.25,1.15,1.15,0,0,0
2009-04-29,17615,1111009477,35,30,29,40.95,1.17,1.17,0,0,0
2009-05-06,17615,1111009477,27,27,27,30.51,1.13,1.13,0,0,0
2009-05-13,17615,1111009477,25,23,22,29.0,1.16,1.16,0,0,0
2009-01-14,17615,1111009497,30,27,27,35.7,1.19,1.19,0,0,0
2009-01-21,17615,1111009497,64,58,58,62.72,0.98,1.19,1,1,0
2009-01-28,17615,1111009497,60,51,51,60.0,1.0,1.19,0,1,0
2009-02-04,17615,1111009497,85,74,74,100.3,1.18,1.19,0,1,0
2009-02-11,17615,1111009497,47,44,44,55.46,1.18,1.19,0,1,0
2009-02-18,17615,1111009497,28,28,28,33.04,1.18,1.18,0,0,0
2009-02-25,17615,1111009497,28,26,26,33.04,1.18,1.18,0,0,0
2009-03-04,17615,1111009497,71,67,66,70.29,0.99,1.18,1,1,0
2009-03-11,17615,1111009497,61,56,55,70.15,1.15,1.18,0,1,0
2009-03-18,17615,1111009497,32,27,27,37.44,1.17,1.17,0,0,0
2009-03-25,17615,1111009497,26,25,25,30.68,1.18,1.18,0,0,0
2009-04-01,17615,1111009497,25,24,24,28.25,1.13,1.13,0,0,0
2009-04-08,17615,1111009497,29,28,28,34.22,1.18,1.18,0,0,0
2009-04-15,17615,1111009497,24,21,21,28.08,1.17,1.17,0,0,0
2009-04-22,17615,1111009497,31,28,28,35.65,1.15,1.15,0,0,0
2009-04-29,17615,1111009497,27,27,26,31.86,1.18,1.18,0,0,0
2009-05-06,17615,1111009497,37,29,29,42.18,1.14,1.14,0,0,0
2009-05-13,17615,1111009497,18,18,18,21.24,1.18,1.18,0,0,0
2009-01-14,17615,3800031838,35,34,34,101.15,2.89,2.89,0,0,0
2009-01-21,17615,3800031838,28,27,27,80.92,2.89,2.89,0,0,0
2009-01-28,17615,3800031838,34,34,34,98.26,2.89,2.89,0,0,0
2009-02-04,17615,3800031838,33,32,32,95.37,2.89,2.89,0,0,0
2009-02-11,17615,3800031838,39,38,37,101.01,2.59,2.89,0,0,1
2009-02-18,17615,3800031838,41,38,34,101.27,2.47,2.89,0,0,1
2009-02-25,17615,3800031838,35,35,35,89.6,2.56,2.89,0,0,1
2009-03-04,17615,3800031838,38,37,37,101.08,2.66,2.66,0,0,0
2009-03-11,17615,3800031838,29,29,28,80.91,2.79,2.79,0,0,0
2009-03-18,17615,3800031838,26,26,24,72.28,2.78,2.78,0,0,0
2009-03-25,17615,3800031838,31,29,29,80.91,2.61,2.61,0,0,0
2009-04-01,17615,3800031838,30,29,29,86.7,2.89,2.89,0,0,0
2009-04-08,17615,3800031838,33,33,31,92.4,2.8,2.8,0,0,0
2009-04-15,17615,3800031838,36,36,35,104.04,2.89,2.89,0,0,0
2009-04-22,17615,3800031838,31,30,30,86.8,2.8,2.8,0,0,0
2009-04-29,17615,3800031838,26,26,26,75.14,2.89,2.89,0,0,0
2009-05-06,17615,3800031838,26,24,24,75.14,2.89,2.89,0,0,0
2009-05-13,17615,3800031838,144,126,125,280.8,1.95,2.89,1,1,0
2009-01-14,17627,1111009477,78,65,65,95.94,1.23,1.23,0,1,0
2009-01-21,17627,1111009477,108,91,91,106.92,0.99,1.23,1,1,0
2009-01-28,17627,1111009477,79,73,70,78.21,0.99,1.23,0,1,0
2009-02-04,17627,1111009477,72,60,60,88.56,1.23,1.23,0,1,0
2009-02-11,17627,1111009477,72,68,67,88.56,1.23,1.23,0,1,0
2009-02-18,17627,1111009477,70,60,60,86.8,1.24,1.23,0,1,0
2009-02-25,17627,1111009477,66,61,61,80.52,1.22,1.23,0,1,0
2009-03-04,17627,1111009477,107,96,94,104.86,0.98,1.23,1,1,0
2009-03-11,17627,1111009477,62,54,53,76.88,1.24,1.23,0,1,0
2009-03-18,17627,1111009477,37,36,36,45.88,1.24,1.23,0,1,0
2009-03-25,17627,1111009477,52,47,47,63.96,1.23,1.23,0,1,0
2009-04-01,17627,1111009477,82,62,62,100.04,1.22,1.23,0,1,0
2009-04-08,17627,1111009477,72,66,66,89.28,1.24,1.23,0,1,0
2009-04-15,17627,1111009477,41,34,34,49.61,1.21,1.23,0,1,0
2009-04-22,17627,1111009477,77,70,70,94.71,1.23,1.23,0,1,0
2009-04-29,17627,1111009477,72,69,68,88.56,1.23,1.23,0,1,0
2009-05-06,17627,1111009477,55,48,47,67.1,1.22,1.23,0,1,0
2009-05-13,17627,1111009477,44,41,40,53.68,1.22,1.23,0,1,0
2009-01-14,17627,1111009497,89,76,76,109.47,1.23,1.23,0,1,0
2009-01-21,17627,1111009497,159,128,125,157.41,0.99,1.23,1,1,0
2009-01-28,17627,1111009497,76,70,67,75.24,0.99,1.23,0,1,0
2009-02-04,17627,1111009497,67,57,55,83.08,1.24,1.23,0,1,0
2009-02-11,17627,1111009497,63,57,57,78.12,1.24,1.24,0,0,0
2009-02-18,17627,1111009497,75,61,61,93.0,1.24,1.24,0,1,0
2009-02-25,17627,1111009497,94,84,81,116.56,1.24,1.24,0,1,0
2009-03-04,17627,1111009497,113,94,92,110.74,0.98,1.24,1,1,0
2009-03-11,17627,1111009497,76,68,68,93.48,1.23,1.24,0,1,0
2009-03-18,17627,1111009497,48,42,41,57.6,1.2,1.24,0,1,0
2009-03-25,17627,1111009497,60,52,52,70.8,1.18,1.24,0,1,0
2009-04-01,17627,1111009497,58,52,50,71.92,1.24,1.24,0,1,0
2009-04-08,17627,1111009497,75,70,69,92.25,1.23,1.24,0,1,0
2009-04-15,17627,1111009497,56,52,52,68.88,1.23,1.24,0,1,0
2009-04-22,17627,1111009497,64,58,58,79.36,1.24,1.24,0,1,0
2009-04-29,17627,1111009497,67,56,56,83.08,1.24,1.24,0,1,0
2009-05-06,17627,1111009497,69,56,54,85.56,1.24,1.24,0,1,0
2009-05-13,17627,1111009497,52,50,49,64.48,1.24,1.24,0,1,0
