EN/S08_09_Retail_Analytics/data/cereals_data_filtered.csv
WEEK_END_DATE,STORE_NUM,UPC,UNITS,VISITS,HHS,SPEND,PRICE,BASE_PRICE,FEATURE,DISPLAY,TPR_ONLY
2009-01-14,17627,1600027527,53,50,49,165.89,3.13,3.13,0,0,0
2009-01-21,17627,1600027527,32,32,30,102.08,3.19,3.19,0,0,0
2009-01-28,17627,1600027527,48,46,46,151.68,3.16,3.16,0,0,0
2009-02-04,17627,1600027527,44,43,41,140.36,3.19,3.19,0,0,0
2009-02-11,17627,1600027527,318,227,220,524.7,1.65,3.19,1,1,0
2009-02-18,17627,1600027527,165,122,119,268.95,1.63,3.19,0,1,0
2009-02-25,17627,1600027527,274,181,175,454.84,1.66,3.19,1,1,0
2009-03-04,17627,1600027527,127,83,83,212.09,1.67,3.19,0,1,0
2009-03-11,17627,1600027527,38,33,32,113.62,2.99,2.99,0,0,0
2009-03-18,17627,1600027527,55,51,51,175.45,3.19,3.19,0,0,0
2009-03-25,17627,1600027527,51,47,46,159.63,3.13,3.13,0,0,0
2009-04-01,17627,1600027527,70,65,65,220.5,3.15,3.15,0,0,0
2009-04-08,17627,1600027527,51,50,50,156.06,3.06,3.06,0,0,0
2009-04-15,17627,1600027527,55,53,53,172.15,3.13,3.13,0,0,0
2009-04-22,17627,1600027527,46,45,45,146.74,3.19,3.19,0,0,0
2009-04-29,17627,1600027527,51,49,48,162.69,3.19,3.19,0,0,0
2009-05-06,17627,1600027527,171,112,108,342.0,2.0,3.19,1,1,0
2009-05-13,17627,1600027527,44,41,41,117.92,2.68,3.19,0,0,1
2009-01-14,17627,1600027564,33,31,31,99.0,3.0,3.0,0,0,0
2009-01-21,17627,1600027564,40,37,37,106.8,2.67,3.0,1,1,0
2009-01-28,17627,1600027564,37,34,34,118.03,3.19,3.19,0,0,0
2009-02-04,17627,1600027564,31,30,30,98.89,3.19,3.19,0,0,0
2009-02-11,17627,1600027564,40,37,37,78.0,1.95,3.19,0,0,1
2009-02-18,17627,1600027564,39,37,36,57.33,1.47,3.19,0,0,1
2009-02-25,17627,1600027564,44,44,42,102.08,2.32,3.19,0,0,1
2009-03-04,17627,1600027564,44,42,42,117.92,2.68,3.19,0,0,1
2009-03-11,17627,1600027564,41,41,40,98.81,2.41,3.19,0,0,1
2009-03-18,17627,1600027564,25,24,24,70.5,2.82,3.19,0,0,1
2009-03-25,17627,1600027564,38,35,34,102.22,2.69,2.69,0,0,0
2009-04-01,17627,1600027564,27,27,27,76.68,2.84,2.84,0,0,0
2009-04-08,17627,1600027564,37,37,37,108.41,2.93,2.93,0,0,0
2009-04-15,17627,1600027564,29,29,29,82.94,2.86,2.86,0,0,0
2009-04-22,17627,1600027564,40,38,38,124.4,3.11,3.11,0,0,0
2009-04-29,17627,1600027564,35,34,32,111.65,3.19,3.19,0,0,0
2009-05-06,17627,1600027564,40,40,39,114.8,2.87,3.19,0,0,1
2009-05-13,17627,1600027564,36,36,36,70.2,1.95,3.19,0,0,1
2009-01-14,17627,3800031838,29,29,29,80.62,2.78,2.78,0,0,0
2009-01-21,17627,3800031838,29,28,28,86.71,2.99,2.99,0,0,0
2009-01-28,17627,3800031838,34,34,34,101.66,2.99,2.99,0,0,0
2009-02-04,17627,3800031838,25,24,24,74.75,2.99,2.99,0,0,0
2009-02-11,17627,3800031838,26,26,26,72.02,2.77,2.77,0,0,0
2009-02-18,17627,3800031838,26,26,26,65.78,2.53,2.53,0,0,0
2009-02-25,17627,3800031838,28,27,27,83.72,2.99,2.99,0,0,0
2009-03-04,17627,3800031838,25,24,24,68.75,2.75,2.75,0,0,0
2009-03-11,17627,3800031838,20,20,20,56.8,2.84,2.84,0,0,0
2009-03-18,17627,3800031838,20,18,18,59.8,2.99,2.99,0,0,0
2009-03-25,17627,3800031838,24,24,23,68.88,2.87,2.87,0,0,0
2009-04-01,17627,3800031838,25,25,25,68.75,2.75,2.75,0,0,0
2009-04-08,17627,3800031838,24,24,24,71.76,2.99,2.99,0,0,0
2009-04-15,17627,3800031838,15,15,15,44.85,2.99,2.99,0,0,0
2009-04-22,17627,3800031838,22,22,21,65.78,2.99,2.99,0,0,0
2009-04-29,17627,3800031838,17,17,17,50.83,2.99,2.99,0,0,0
2009-05-06,17627,3800031838,30,30,29,89.7,2.99,2.99,0,0,0
2009-05-13,17627,3800031838,129,106,103,252.84,1.96,2.99,1,1,0
2009-01-14,19265,1111009477,67,61,61,92.46,1.38,1.38,0,1,0
2009-01-21,19265,1111009477,82,74,73,113.16,1.38,1.38,0,1,0
2009-01-28,19265,1111009477,73,68,68,100.74,1.38,1.38,0,1,0
2009-02-04,19265,1111009477,76,72,72,104.88,1.38,1.38,0,1,0
2009-02-11,19265,1111009477,59,51,50,86.73,1.47,1.38,0,1,0
2009-02-18,19265,1111009477,63,56,56,93.87,1.49,1.38,0,1,0
2009-02-25,19265,1111009477,69,63,63,102.81,1.49,1.49,0,0,0
2009-03-04,19265,1111009477,72,61,61,106.56,1.48,1.49,0,1,0
2009-03-11,19265,1111009477,79,65,64,113.76,1.44,1.49,0,1,0
2009-03-18,19265,1111009477,88,77,77,128.48,1.46,1.49,0,1,0
2009-03-25,19265,1111009477,89,75,75,132.61,1.49,1.49,0,1,0
2009-04-01,19265,1111009477,98,85,85,144.06,1.47,1.49,0,1,0
2009-04-08,19265,1111009477,81,72,71,119.88,1.48,1.48,0,0,0
2009-04-15,19265,1111009477,81,69,68,119.88,1.48,1.48,0,1,0
2009-04-22,19265,1111009477,44,40,38,54.56,1.24,1.48,0,0,1
2009-04-29,19265,1111009477,57,47,47,70.68,1.24,1.48,0,0,1
2009-05-06,19265,1111009477,55,47,45,68.75,1.25,1.48,0,1,0
2009-05-13,19265,1111009477,64,52,52,78.72,1.23,1.48,0,1,0
2009-01-14,19265,1111009497,90,83,80,124.2,1.38,1.37,0,1,0
2009-01-21,19265,1111009497,88,74,71,121.44,1.38,1.37,0,1,0
2009-01-28,19265,1111009497,69,65,64,95.22,1.38,1.37,0,1,0
2009-02-04,19265,1111009497,94,87,87,129.72,1.38,1.37,0,1,0
2009-02-11,19265,1111009497,86,77,76,128.14,1.49,1.37,0,1,0
2009-02-18,19265,1111009497,116,71,71,172.84,1.49,1.37,0,1,0
2009-02-25,19265,1111009497,68,57,56,100.64,1.48,1.48,0,0,0
2009-03-04,19265,1111009497,90,79,79,134.1,1.49,1.48,0,1,0
2009-03-11,19265,1111009497,65,58,57,96.85,1.49,1.49,0,0,0
2009-03-18,19265,1111009497,87,84,82,129.63,1.49,1.49,0,1,0
2009-03-25,19265,1111009497,106,87,85,154.76,1.46,1.46,0,0,0
2009-04-01,19265,1111009497,106,94,92,155.82,1.47,1.46,0,1,0
2009-04-08,19265,1111009497,91,83,82,136.5,1.5,1.46,0,1,0
2009-04-15,19265,1111009497,71,65,64,106.5,1.5,1.46,0,1,0
2009-04-22,19265,1111009497,67,59,59,83.75,1.25,1.46,0,1,0
2009-04-29,19265,1111009497,82,72,71,100.86,1.23,1.46,0,1,0
2009-05-06,19265,1111009497,86,71,71,106.64,1.24,1.46,0,1,0
2009-05-13,19265,1111009497,89,76,76,108.58,1.22,1.46,0,1,0
2009-01-14,19265,1600027527,48,45,45,140.16,2.92,3.19,0,1,0
2009-01-21,19265,1600027527,44,41,38,140.36,3.19,3.19,0,0,0
2009-01-28,19265,1600027527,35,33,33,111.65,3.19,3.19,0,0,0
2009-02-04,19265,1600027527,34,33,33,108.46,3.19,3.19,0,0,0
2009-02-11,19265,1600027527,833,639,612,1382.78,1.66,3.19,1,1,0
2009-02-18,19265,1600027527,444,348,343,732.6,1.65,3.19,0,1,0
2009-02-25,19265,1600027527,491,383,374,805.24,1.64,3.19,1,0,0
2009-03-04,19265,1600027527,66,39,39,106.92,1.62,3.19,0,0,1
2009-03-11,19265,1600027527,49,44,44,134.26,2.74,3.19,0,0,1
2009-03-18,19265,1600027527,47,38,38,146.64,3.12,3.12,0,0,0
2009-03-25,19265,1600027527,48,36,36,133.44,2.78,3.12,0,0,1
2009-04-01,19265,1600027527,26,24,23,76.44,2.94,2.94,0,0,0
2009-04-08,19265,1600027527,44,42,42,137.28,3.12,3.12,0,0,0
2009-04-15,19265,1600027527,60,54,54,187.2,3.12,3.12,0,0,0
2009-04-22,19265,1600027527,36,34,34,111.6,3.1,3.1,0,0,0
2009-04-29,19265,1600027527,40,40,39,127.6,3.19,3.19,0,0,0
2009-05-06,19265,1600027527,191,143,141,385.82,2.02,3.19,1,1,0
2009-05-13,19265,1600027527,43,38,37,130.72,3.04,3.04,0,0,0
2009-01-14,19265,1600027564,97,80,75,221.16,2.28,2.94,1,0,0
2009-01-21,19265,1600027564,102,89,84,276.42,2.71,2.94,0,1,0
2009-01-28,19265,1600027564,49,44,40,156.31,3.19,3.19,0,0,0
2009-02-04,19265,1600027564,50,46,42,159.5,3.19,3.19,0,0,0
2009-02-11,19265,1600027564,51,50,49,71.4,1.4,3.19,0,0,1
2009-02-18,19265,1600027564,83,81,78,75.53,0.91,3.19,0,0,1
2009-02-25,19265,1600027564,78,75,72,120.9,1.55,3.19,0,0,1
2009-03-04,19265,1600027564,62,57,53,108.5,1.75,3.19,0,0,1
2009-03-11,19265,1600027564,71,63,59,147.68,2.08,3.19,0,0,1
2009-03-18,19265,1600027564,80,70,68,197.6,2.47,3.19,0,0,1
2009-03-25,19265,1600027564,60,51,46,169.2,2.82,2.82,0,0,0
2009-04-01,19265,1600027564,50,48,45,140.5,2.81,2.81,0,0,0
2009-04-08,19265,1600027564,58,54,52,165.88,2.86,2.86,0,0,0
2009-04-15,19265,1600027564,51,48,42,143.31,2.81,2.81,0,0,0
2009-04-22,19265,1600027564,49,43,40,137.2,2.8,2.8,0,0,0
2009-04-29,19265,1600027564,38,36,31,121.22,3.19,3.19,0,0,0
2009-05-06,19265,1600027564,36,32,27,114.84,3.19,3.19,0,0,0
2009-05-13,19265,1600027564,65,60,54,178.75,2.75,3.19,0,0,1
2009-01-14,19265,3800031838,41,38,37,122.59,2.99,2.99,0,0,0
2009-01-21,19265,3800031838,39,38,37,113.88,2.92,2.92,0,0,0
2009-01-28,19265,3800031838,31,29,29,92.69,2.99,2.99,0,0,0
2009-02-04,19265,3800031838,29,27,27,86.71,2.99,2.99,0,0,0
2009-02-11,19265,3800031838,36,35,35,95.76,2.66,2.99,0,0,1
2009-02-18,19265,3800031838,29,28,28,53.94,1.86,2.99,0,0,1
2009-02-25,19265,3800031838,32,30,30,65.92,2.06,2.99,0,0,1
2009-03-04,19265,3800031838,38,37,37,92.72,2.44,2.99,0,0,1
2009-03-11,19265,3800031838,32,30,30,80.64,2.52,2.99,0,0,1
2009-03-18,19265,3800031838,29,27,27,71.63,2.47,2.99,0,0,1
2009-03-25,19265,3800031838,27,27,27,80.73,2.99,2.99,0,0,0
2009-04-01,19265,3800031838,38,34,34,110.58,2.91,2.91,0,0,0
2009-04-08,19265,3800031838,42,41,41,125.58,2.99,2.99,0,0,0
2009-04-15,19265,3800031838,38,38,38,104.5,2.75,2.75,0,0,0
2009-04-22,19265,3800031838,45,41,41,131.4,2.92,2.92,0,0,0
2009-04-29,19265,3800031838,27,23,23,80.73,2.99,2.99,0,0,0
2009-05-06,19265,3800031838,44,43,43,131.56,2.99,2.99,0,0,0
2009-05-13,19265,3800031838,223,203,191,443.77,1.99,2.99,1,1,0
2009-01-14,19521,1111009477,41,37,36,50.02,1.22,1.24,0,1,0
2009-01-21,19521,1111009477,79,70,69,77.42,0.98,1.24,1,1,0
2009-01-28,19521,1111009477,76,70,68,76.0,1.0,1.24,0,1,0
2009-02-04,19521,1111009477,61,51,50,75.03,1.23,1.24,0,1,0
2009-02-11,19521,1111009477,30,29,29,36.9,1.23,1.24,0,1,0
2009-02-18,19521,1111009477,32,31,30,39.36,1.23,1.23,0,0,0
2009-02-25,19521,1111009477,51,41,41,62.73,1.23,1.23,0,0,0
2009-03-04,19521,1111009477,88,68,68,85.36,0.97,1.23,1,1,0
2009-03-11,19521,1111009477,45,39,39,55.35,1.23,1.23,0,1,0
2009-03-18,19521,1111009477,21,19,19,26.04,1.24,1.24,0,0,0
2009-03-25,19521,1111009477,33,28,28,40.59,1.23,1.23,0,0,0
2009-04-01,19521,1111009477,35,31,30,42.0,1.2,1.2,0,0,0
2009-04-08,19521,1111009477,36,31,30,44.64,1.24,1.24,0,0,0
2009-04-15,19521,1111009477,53,41,39,65.19,1.23,1.23,0,0,0
2009-04-22,19521,1111009477,48,44,43,58.08,1.21,1.21,0,0,0
2009-04-29,19521,1111009477,40,34,34,48.8,1.22,1.22,0,0,0
2009-05-06,19521,1111009477,39,36,36,47.97,1.23,1.23,0,0,0
2009-05-13,19521,1111009477,34,28,28,40.46,1.19,1.19,0,0,0
2009-01-14,19521,1111009497,45,41,39,55.8,1.24,1.24,0,1,0
2009-01-21,19521,1111009497,67,53,53,65.66,0.98,1.24,1,1,0
2009-01-28,19521,1111009497,73,65,65,72.27,0.99,1.24,0,1,0
2009-02-04,19521,1111009497,55,48,45,67.1,1.22,1.24,0,1,0
2009-02-11,19521,1111009497,33,30,30,40.59,1.23,1.24,0,1,0
2009-02-18,19521,1111009497,28,23,23,34.72,1.24,1.24,0,0,0
2009-02-25,19521,1111009497,53,48,48,65.72,1.24,1.24,0,1,0
2009-03-04,19521,1111009497,106,76,75,103.88,0.98,1.24,1,1,0
2009-03-11,19521,1111009497,50,44,42,62.0,1.24,1.24,0,1,0
2009-03-18,19521,1111009497,23,20,19,26.68,1.16,1.16,0,0,0
2009-03-25,19521,1111009497,45,39,38,54.45,1.21,1.21,0,0,0
2009-04-01,19521,1111009497,33,29,29,39.6,1.2,1.2,0,0,0
2009-04-08,19521,1111009497,51,45,44,63.24,1.24,1.24,0,0,0
2009-04-15,19521,1111009497,47,40,40,57.81,1.23,1.23,0,0,0
2009-04-22,19521,1111009497,47,37,37,58.28,1.24,1.24,0,0,0
2009-04-29,19521,1111009497,35,22,22,42.7,1.22,1.22,0,0,0
2009-05-06,19521,1111009497,47,36,36,57.81,1.23,1.23,0,0,0
2009-05-13,19521,1111009497,39,34,33,47.19,1.21,1.21,0,0,0
2009-01-14,19521,1600027527,32,29,28,102.08,3.19,3.19,0,0,0
2009-01-21,19521,1600027527,21,21,21,63.84,3.04,3.04,0,0,0
2009-01-28,19521,1600027527,34,34,34,108.46,3.19,3.19,0,0,0
2009-02-04,19521,1600027527,29,28,28,92.51,3.19,3.19,0,0,0
2009-02-11,19521,1600027527,255,151,149,418.2,1.64,3.19,1,1,0
2009-02-18,19521,1600027527,138,105,102,227.7,1.65,3.19,0,1,0
2009-02-25,19521,1600027527,164,100,95,273.88,1.67,3.19,1,1,0
2009-03-04,19521,1600027527,63,46,46,106.47,1.69,3.19,0,1,0
2009-03-11,19521,1600027527,25,27,25,81.25,3.25,3.25,0,0,0
2009-03-18,19521,1600027527,37,35,34,118.03,3.19,3.19,0,0,0
2009-03-25,19521,1600027527,32,32,32,102.08,3.19,3.19,0,0,0
2009-04-01,19521,1600027527,32,32,32,98.88,3.09,3.09,0,0,0
2009-04-08,19521,1600027527,42,37,37,124.74,2.97,2.97,0,0,0
2009-04-15,19521,1600027527,37,36,36,118.03,3.19,3.19,0,0,0
2009-04-22,19521,1600027527,33,30,30,105.27,3.19,3.19,0,0,0
2009-04-29,19521,1600027527,33,30,30,105.27,3.19,3.19,0,0,0
2009-05-06,19521,1600027527,76,56,56,152.0,2.0,3.19,1,0,0
2009-05-13,19521,1600027527,51,47,47,136.68,2.68,3.19,0,0,1
2009-01-14,19521,3800031838,14,14,14,38.92,2.78,2.78,0,0,0
2009-01-21,19521,3800031838,22,22,22,65.78,2.99,2.99,0,0,0
2009-01-28,19521,3800031838,24,23,23,71.76,2.99,2.99,0,0,0
2009-02-04,19521,3800031838,17,16,16,50.83,2.99,2.99,0,0,0
2009-02-11,19521,3800031838,22,21,21,54.34,2.47,2.99,0,0,1
2009-02-18,19521,3800031838,10,10,10,29.9,2.99,2.99,0,0,0
2009-02-25,19521,3800031838,16,16,16,47.84,2.99,2.99,0,0,0
2009-03-04,19521,3800031838,24,23,23,68.88,2.87,2.87,0,0,0
2009-03-11,19521,3800031838,11,10,10,30.69,2.79,2.79,0,0,0
2009-03-18,19521,3800031838,9,8,8,26.91,2.99,2.99,0,0,0
2009-03-25,19521,3800031838,11,11,11,32.89,2.99,2.99,0,0,0
2009-04-01,19521,3800031838,23,21,21,66.01,2.87,2.87,0,0,0
2009-04-08,19521,3800031838,17,17,17,50.83,2.99,2.99,0,0,0
2009-04-15,19521,3800031838,15,14,13,44.85,2.99,2.99,0,0,0
2009-04-22,19521,3800031838,14,13,13,41.86,2.99,2.99,0,0,0
2009-04-29,19521,3800031838,15,15,15,44.85,2.99,2.99,0,0,0
2009-05-06,19521,3800031838,16,15,15,47.84,2.99,2.99,0,0,0
2009-05-13,19521,3800031838,90,78,76,179.1,1.99,2.99,1,1,0
2009-01-14,19523,1111009477,11,9,9,12.98,1.18,1.18,0,0,0
2009-01-21,19523,1111009477,68,64,64,67.32,0.99,1.18,1,1,0
2009-01-28,19523,1111009477,90,86,83,89.1,0.99,1.18,0,0,1
2009-02-04,19523,1111009477,51,48,45,62.73,1.23,1.18,0,1,0
2009-02-11,19523,1111009477,48,45,43,59.04,1.23,1.23,0,0,0
2009-02-18,19523,1111009477,14,14,14,17.22,1.23,1.23,0,1,0
2009-02-25,19523,1111009477,17,17,17,20.74,1.22,1.22,0,0,0
2009-03-04,19523,1111009477,32,28,28,31.68,0.99,1.22,1,0,0
2009-03-11,19523,1111009477,8,8,8,9.76,1.22,1.22,0,0,0
2009-03-18,19523,1111009477,4,4,4,4.76,1.19,1.19,0,0,0
2009-03-25,19523,1111009477,8,7,7,9.84,1.23,1.23,0,0,0
2009-04-01,19523,1111009477,17,13,13,21.08,1.24,1.24,0,0,0
2009-04-08,19523,1111009477,24,20,20,29.28,1.22,1.22,0,0,0
2009-04-15,19523,1111009477,12,8,8,14.88,1.24,1.24,0,0,0
2009-04-22,19523,1111009477,12,12,12,14.64,1.22,1.22,0,0,0
2009-04-29,19523,1111009477,14,10,10,17.36,1.24,1.24,0,0,0
2009-05-06,19523,1111009477,11,9,9,13.53,1.23,1.23,0,0,0
2009-05-13,19523,1111009477,11,10,10,13.2,1.2,1.2,0,0,0
2009-01-14,19523,1111009497,26,20,20,31.46,1.21,1.21,0,0,0
2009-01-21,19523,1111009497,89,71,71,87.22,0.98,1.21,1,1,0
2009-01-28,19523,1111009497,102,80,80,100.98,0.99,1.21,0,1,0
2009-02-04,19523,1111009497,29,28,26,35.38,1.22,1.21,0,1,0
2009-02-11,19523,1111009497,52,45,45,63.44,1.22,1.22,0,0,0
2009-02-18,19523,1111009497,11,4,4,13.64,1.24,1.22,0,1,0
2009-02-25,19523,1111009497,29,18,18,35.96,1.24,1.24,0,0,0
2009-03-04,19523,1111009497,19,16,16,17.48,0.92,1.24,1,0,0
2009-03-11,19523,1111009497,14,13,13,16.8,1.2,1.2,0,0,0
2009-03-18,19523,1111009497,26,13,13,32.5,1.25,1.25,0,0,0
2009-03-25,19523,1111009497,10,10,10,12.2,1.22,1.22,0,0,0
2009-04-01,19523,1111009497,25,21,21,29.25,1.17,1.17,0,0,0
2009-04-08,19523,1111009497,26,11,11,32.24,1.24,1.24,0,0,0
2009-04-15,19523,1111009497,20,9,8,24.8,1.24,1.24,0,0,0
2009-04-22,19523,1111009497,13,4,4,15.86,1.22,1.22,0,0,0
2009-04-29,19523,1111009497,25,10,10,30.75,1.23,1.23,0,0,0
2009-05-06,19523,1111009497,8,6,6,9.92,1.24,1.24,0,0,0
2009-05-13,19523,1111009497,11,10,10,13.53,1.23,1.23,0,0,0
2009-01-14,19523,1600027564,24,24,24,76.56,3.19,3.19,0,0,0
2009-01-21,19523,1600027564,51,43,43,136.17,2.67,3.19,1,1,0
2009-01-28,19523,1600027564,21,19,19,66.99,3.19,3.19,0,0,0
2009-02-04,19523,1600027564,18,18,18,57.42,3.19,3.19,0,0,0
2009-02-11,19523,1600027564,35,36,36,46.55,1.33,3.19,0,0,1
2009-02-18,19523,1600027564,22,22,20,47.96,2.18,3.19,0,0,1
2009-02-25,19523,1600027564,24,24,23,58.08,2.42,3.19,0,0,1
2009-03-04,19523,1600027564,32,30,29,87.04,2.72,3.19,0,0,1
2009-03-11,19523,1600027564,31,28,28,79.67,2.57,3.19,0,0,1
2009-03-18,19523,1600027564,28,28,27,79.8,2.85,3.19,0,0,1
2009-03-25,19523,1600027564,33,32,32,92.73,2.81,2.81,0,0,0
2009-04-01,19523,1600027564,23,23,23,70.15,3.05,3.05,0,0,0
2009-04-08,19523,1600027564,34,28,28,93.5,2.75,2.75,0,0,0
2009-04-15,19523,1600027564,20,20,20,51.6,2.58,2.58,0,0,0
2009-04-22,19523,1600027564,21,18,18,54.81,2.61,2.61,0,0,0
2009-04-29,19523,1600027564,20,24,24,63.8,3.19,3.19,0,0,0
2009-05-06,19523,1600027564,18,18,18,57.42,3.19,3.19,0,0,0
2009-05-13,19523,1600027564,31,31,31,70.99,2.29,3.19,0,0,1
2009-01-14,19523,3800031838,53,52,51,152.64,2.88,2.88,0,0,0
2009-01-21,19523,3800031838,56,56,54,167.44,2.99,2.99,0,0,0
2009-01-28,19523,3800031838,61,59,59,182.39,2.99,2.99,0,0,0
2009-02-04,19523,3800031838,62,62,62,182.28,2.94,2.94,0,0,0
2009-02-11,19523,3800031838,47,46,45,117.5,2.5,2.94,0,0,1
2009-02-18,19523,3800031838,62,60,60,174.22,2.81,2.81,0,0,0
2009-02-25,19523,3800031838,58,58,56,170.52,2.94,2.94,0,0,0
2009-03-04,19523,3800031838,47,45,44,134.42,2.86,2.86,0,0,0
2009-03-11,19523,3800031838,51,49,49,149.43,2.93,2.93,0,0,0
2009-03-18,19523,3800031838,60,59,59,176.4,2.94,2.94,0,0,0
2009-03-25,19523,3800031838,66,63,62,194.7,2.95,2.95,0,0,0
2009-04-01,19523,3800031838,49,44,43,146.51,2.99,2.99,0,0,0
2009-04-08,19523,3800031838,52,52,52,152.36,2.93,2.93,0,0,0
2009-04-15,19523,3800031838,65,64,64,194.35,2.99,2.99,0,0,0
2009-04-22,19523,3800031838,67,65,65,194.3,2.9,2.9,0,0,0
2009-04-29,19523,3800031838,51,51,49,152.49,2.99,2.99,0,0,0
2009-05-06,19523,3800031838,70,70,69,209.3,2.99,2.99,0,0,0
2009-05-13,19523,3800031838,293,251,245,580.14,1.98,2.99,1,1,0
