EN/S08_09_Retail_Analytics/data/cereals_data_filtered.csv
WEEK_END_DATE,STORE_NUM,UPC,UNITS,VISITS,HHS,SPEND,PRICE,BASE_PRICE,FEATURE,DISPLAY,TPR_ONLY
2009-01-14,19533,1111009477,17,16,16,21.25,1.25,1.25,0,0,0
2009-01-21,19533,1111009477,65,52,52,63.7,0.98,1.25,1,0,0
2009-01-28,19533,1111009477,34,30,30,34.0,1.0,1.25,0,0,1
2009-02-04,19533,1111009477,12,9,9,14.52,1.21,1.21,0,0,0
2009-02-11,19533,1111009477,33,29,28,40.59,1.23,1.23,0,0,0
2009-02-18,19533,1111009477,25,23,23,31.0,1.24,1.24,0,0,0
2009-02-25,19533,1111009477,29,24,24,35.09,1.21,1.24,0,1,0
2009-03-04,19533,1111009477,53,43,43,50.35,0.95,1.24,1,1,0
2009-03-11,19533,1111009477,28,24,24,33.32,1.19,1.19,0,0,0
2009-03-18,19533,1111009477,13,9,9,15.86,1.22,1.22,0,0,0
2009-03-25,19533,1111009477,17,17,17,20.06,1.18,1.18,0,0,0
2009-04-01,19533,1111009477,13,9,9,15.73,1.21,1.21,0,0,0
2009-04-08,19533,1111009477,35,31,31,42.35,1.21,1.21,0,0,0
2009-04-15,19533,1111009477,25,15,15,30.75,1.23,1.23,0,0,0
2009-04-22,19533,1111009477,32,25,25,39.36,1.23,1.23,0,0,0
2009-04-29,19533,1111009477,18,17,17,21.96,1.22,1.22,0,0,0
2009-05-06,19533,1111009477,15,13,13,18.15,1.21,1.21,0,0,0
2009-05-13,19533,1111009477,23,18,18,28.29,1.23,1.23,0,0,0
2009-01-14,19533,1111009497,202,78,75,250.48,1.24,1.24,0,0,0
2009-01-21,19533,1111009497,80,71,71,79.2,0.99,1.24,1,0,0
2009-01-28,19533,1111009497,60,36,36,59.4,0.99,1.24,0,0,1
2009-02-04,19533,1111009497,31,30,29,38.13,1.23,1.24,0,1,0
2009-02-11,19533,1111009497,56,48,47,68.32,1.22,1.24,0,1,0
2009-02-18,19533,1111009497,34,30,30,41.48,1.22,1.24,0,1,0
2009-02-25,19533,1111009497,40,34,33,49.2,1.23,1.23,0,0,0
2009-03-04,19533,1111009497,96,70,69,92.16,0.96,1.23,1,1,0
2009-03-11,19533,1111009497,33,29,29,40.59,1.23,1.23,0,0,0
2009-03-18,19533,1111009497,39,34,34,47.19,1.21,1.21,0,0,0
2009-03-25,19533,1111009497,38,29,28,46.36,1.22,1.22,0,0,0
2009-04-01,19533,1111009497,56,48,47,67.76,1.21,1.21,0,0,0
2009-04-08,19533,1111009497,23,21,21,26.68,1.16,1.16,0,0,0
2009-04-15,19533,1111009497,38,30,30,45.22,1.19,1.19,0,0,0
2009-04-22,19533,1111009497,29,29,29,35.96,1.24,1.24,0,0,0
2009-04-29,19533,1111009497,27,23,23,33.48,1.24,1.24,0,0,0
2009-05-06,19533,1111009497,42,34,34,51.24,1.22,1.22,0,0,0
2009-05-13,19533,1111009497,37,32,32,45.88,1.24,1.24,0,0,0
2009-01-14,19533,1600027527,42,42,41,127.68,3.04,3.04,0,0,0
2009-01-21,19533,1600027527,46,44,42,146.74,3.19,3.19,0,0,0
2009-01-28,19533,1600027527,29,27,27,92.51,3.19,3.19,0,0,0
2009-02-04,19533,1600027527,35,34,34,111.65,3.19,3.19,0,0,0
2009-02-11,19533,1600027527,435,256,249,713.4,1.64,3.19,1,1,0
2009-02-18,19533,1600027527,257,183,177,429.19,1.67,3.19,0,1,0
2009-02-25,19533,1600027527,256,162,159,424.96,1.66,3.19,1,1,0
2009-03-04,19533,1600027527,110,75,75,181.5,1.65,3.19,0,1,0
2009-03-11,19533,1600027527,30,28,28,83.1,2.77,3.19,0,0,1
2009-03-18,19533,1600027527,30,27,27,90.9,3.03,3.03,0,0,0
2009-03-25,19533,1600027527,24,21,21,76.56,3.19,3.19,0,0,0
2009-04-01,19533,1600027527,28,28,28,86.24,3.08,3.08,0,0,0
2009-04-08,19533,1600027527,40,38,37,121.2,3.03,3.03,0,0,0
2009-04-15,19533,1600027527,32,30,30,98.88,3.09,3.09,0,0,0
2009-04-22,19533,1600027527,41,37,37,128.33,3.13,3.13,0,0,0
2009-04-29,19533,1600027527,46,46,45,139.38,3.03,3.03,0,0,0
2009-05-06,19533,1600027527,147,107,106,294.0,2.0,3.03,1,1,0
2009-05-13,19533,1600027527,26,25,24,78.52,3.02,3.02,0,0,0
2009-01-14,19533,1600027564,40,35,35,121.2,3.03,3.03,0,0,0
2009-01-21,19533,1600027564,68,58,58,182.92,2.69,3.03,1,1,0
2009-01-28,19533,1600027564,34,30,30,105.74,3.11,3.11,0,0,0
2009-02-04,19533,1600027564,21,21,21,66.99,3.19,3.19,0,0,0
2009-02-11,19533,1600027564,41,41,41,60.68,1.48,3.19,0,0,1
2009-02-18,19533,1600027564,23,23,23,47.84,2.08,3.19,0,0,1
2009-02-25,19533,1600027564,37,34,33,82.88,2.24,3.19,0,0,1
2009-03-04,19533,1600027564,45,41,41,114.3,2.54,3.19,0,0,1
2009-03-11,19533,1600027564,30,27,27,83.4,2.78,3.19,0,0,1
2009-03-18,19533,1600027564,32,30,30,86.08,2.69,3.19,0,0,1
2009-03-25,19533,1600027564,29,28,28,70.18,2.42,2.42,0,0,0
2009-04-01,19533,1600027564,14,13,13,41.44,2.96,2.96,0,0,0
2009-04-08,19533,1600027564,18,18,18,41.4,2.3,2.96,0,0,1
2009-04-15,19533,1600027564,26,24,23,76.44,2.94,2.94,0,0,0
2009-04-22,19533,1600027564,28,27,27,79.8,2.85,2.85,0,0,0
2009-04-29,19533,1600027564,44,39,39,140.36,3.19,3.19,0,0,0
2009-05-06,19533,1600027564,28,26,26,89.32,3.19,3.19,0,0,0
2009-05-13,19533,1600027564,47,44,44,97.29,2.07,3.19,0,0,1
2009-01-14,19533,3800031838,22,22,22,65.78,2.99,2.99,0,0,0
2009-01-21,19533,3800031838,19,19,19,56.81,2.99,2.99,0,0,0
2009-01-28,19533,3800031838,26,26,26,77.74,2.99,2.99,0,0,0
2009-02-04,19533,3800031838,26,25,24,77.74,2.99,2.99,0,0,0
2009-02-11,19533,3800031838,19,19,19,50.92,2.68,2.99,0,0,1
2009-02-18,19533,3800031838,23,22,22,56.81,2.47,2.99,0,0,1
2009-02-25,19533,3800031838,22,21,21,62.7,2.85,2.85,0,0,0
2009-03-04,19533,3800031838,15,15,15,38.85,2.59,2.59,0,0,0
2009-03-11,19533,3800031838,24,23,23,62.88,2.62,2.62,0,0,0
2009-03-18,19533,3800031838,22,22,22,62.7,2.85,2.85,0,0,0
2009-03-25,19533,3800031838,20,20,20,53.8,2.69,2.69,0,0,0
2009-04-01,19533,3800031838,13,13,13,38.87,2.99,2.99,0,0,0
2009-04-08,19533,3800031838,16,16,16,47.84,2.99,2.99,0,0,0
2009-04-15,19533,3800031838,20,19,19,57.0,2.85,2.85,0,0,0
2009-04-22,19533,3800031838,19,19,19,56.81,2.99,2.99,0,0,0
2009-04-29,19533,3800031838,9,9,9,26.91,2.99,2.99,0,0,0
2009-05-06,19533,3800031838,23,21,21,68.77,2.99,2.99,0,0,0
2009-05-13,19533,3800031838,137,117,117,267.15,1.95,2.99,1,1,0
2009-01-14,21213,1111009477,43,40,38,58.91,1.37,1.38,0,1,0
2009-01-21,21213,1111009477,50,49,48,69.5,1.39,1.38,0,1,0
2009-01-28,21213,1111009477,55,53,53,76.45,1.39,1.38,0,1,0
2009-02-04,21213,1111009477,79,74,71,109.81,1.39,1.38,0,1,0
2009-02-11,21213,1111009477,48,43,43,71.04,1.48,1.38,0,1,0
2009-02-18,21213,1111009477,49,44,44,73.5,1.5,1.38,0,1,0
2009-02-25,21213,1111009477,60,55,54,90.0,1.5,1.38,0,1,0
2009-03-04,21213,1111009477,53,47,47,78.97,1.49,1.38,0,1,0
2009-03-11,21213,1111009477,52,42,41,75.92,1.46,1.38,0,1,0
2009-03-18,21213,1111009477,47,41,41,69.56,1.48,1.38,0,1,0
2009-03-25,21213,1111009477,60,57,55,90.0,1.5,1.38,0,1,0
2009-04-01,21213,1111009477,47,46,46,70.03,1.49,1.38,0,1,0
2009-04-08,21213,1111009477,57,41,41,84.36,1.48,1.38,0,1,0
2009-04-15,21213,1111009477,31,28,28,45.26,1.46,1.46,0,0,0
2009-04-22,21213,1111009477,29,21,21,43.5,1.5,1.5,0,0,0
2009-04-29,21213,1111009477,29,27,27,43.21,1.49,1.49,0,0,0
2009-05-06,21213,1111009477,28,27,27,41.72,1.49,1.49,0,0,0
2009-05-13,21213,1111009477,25,24,24,37.25,1.49,1.49,0,0,0
2009-01-14,21213,1111009497,40,38,37,55.2,1.38,1.49,0,1,0
2009-01-21,21213,1111009497,38,35,35,52.44,1.38,1.49,0,1,0
2009-01-28,21213,1111009497,61,56,56,83.57,1.37,1.49,0,1,0
2009-02-04,21213,1111009497,56,56,54,77.84,1.39,1.49,0,1,0
2009-02-11,21213,1111009497,50,42,42,74.5,1.49,1.49,0,1,0
2009-02-18,21213,1111009497,40,34,33,59.6,1.49,1.49,0,1,0
2009-02-25,21213,1111009497,61,53,53,90.89,1.49,1.49,0,1,0
2009-03-04,21213,1111009497,45,38,37,67.05,1.49,1.49,0,1,0
2009-03-11,21213,1111009497,51,44,44,75.99,1.49,1.49,0,1,0
2009-03-18,21213,1111009497,47,43,43,69.56,1.48,1.49,0,1,0
2009-03-25,21213,1111009497,59,56,56,86.14,1.46,1.49,0,1,0
2009-04-01,21213,1111009497,55,49,48,81.95,1.49,1.49,0,1,0
2009-04-08,21213,1111009497,47,42,42,70.5,1.5,1.49,0,1,0
2009-04-15,21213,1111009497,36,31,31,53.64,1.49,1.49,0,0,0
2009-04-22,21213,1111009497,30,27,25,44.4,1.48,1.48,0,0,0
2009-04-29,21213,1111009497,46,40,40,68.08,1.48,1.48,0,0,0
2009-05-06,21213,1111009497,32,30,28,47.36,1.48,1.48,0,0,0
2009-05-13,21213,1111009497,37,26,26,54.39,1.47,1.47,0,0,0
2009-01-14,21213,1600027564,65,58,56,154.7,2.38,2.7,1,0,0
2009-01-21,21213,1600027564,26,25,25,69.94,2.69,2.69,0,0,0
2009-01-28,21213,1600027564,27,26,24,85.59,3.17,3.17,0,0,0
2009-02-04,21213,1600027564,28,28,28,89.32,3.19,3.19,0,0,0
2009-02-11,21213,1600027564,27,27,26,41.58,1.54,3.19,0,0,1
2009-02-18,21213,1600027564,34,32,32,41.48,1.22,3.19,0,0,1
2009-02-25,21213,1600027564,29,29,29,34.8,1.2,3.19,0,0,1
2009-03-04,21213,1600027564,25,25,25,57.5,2.3,3.19,0,0,1
2009-03-11,21213,1600027564,26,26,26,57.46,2.21,3.19,0,0,1
2009-03-18,21213,1600027564,26,25,25,60.58,2.33,3.19,0,0,1
2009-03-25,21213,1600027564,29,26,26,82.94,2.86,2.86,0,0,0
2009-04-01,21213,1600027564,24,24,23,60.72,2.53,2.86,0,0,1
2009-04-08,21213,1600027564,19,19,19,54.15,2.85,2.85,0,0,0
2009-04-15,21213,1600027564,29,25,23,76.56,2.64,2.64,0,0,0
2009-04-22,21213,1600027564,23,23,23,66.93,2.91,2.91,0,0,0
2009-04-29,21213,1600027564,17,17,17,54.23,3.19,3.19,0,0,0
2009-05-06,21213,1600027564,14,14,14,44.66,3.19,3.19,0,0,0
2009-05-13,21213,1600027564,20,20,20,63.8,3.19,3.19,0,0,0
2009-01-14,21213,3800031838,19,19,19,56.81,2.99,2.99,0,0,0
2009-01-21,21213,3800031838,20,20,20,59.8,2.99,2.99,0,0,0
2009-01-28,21213,3800031838,18,17,17,53.82,2.99,2.99,0,0,0
2009-02-04,21213,3800031838,18,18,18,53.82,2.99,2.99,0,0,0
2009-02-11,21213,3800031838,19,19,18,41.8,2.2,2.99,0,0,1
2009-02-18,21213,3800031838,7,7,7,16.45,2.35,2.99,0,0,1
2009-02-25,21213,3800031838,19,19,19,50.92,2.68,2.99,0,0,1
2009-03-04,21213,3800031838,5,5,5,14.95,2.99,2.99,0,0,0
2009-03-11,21213,3800031838,9,9,9,20.97,2.33,2.99,0,0,1
2009-03-18,21213,3800031838,17,17,17,44.88,2.64,2.99,0,0,1
2009-03-25,21213,3800031838,19,18,18,56.81,2.99,2.99,0,0,0
2009-04-01,21213,3800031838,16,16,16,47.84,2.99,2.99,0,0,0
2009-04-08,21213,3800031838,21,21,21,56.91,2.71,2.71,0,0,0
2009-04-15,21213,3800031838,15,15,15,41.85,2.79,2.79,0,0,0
2009-04-22,21213,3800031838,16,16,16,47.84,2.99,2.99,0,0,0
2009-04-29,21213,3800031838,9,9,9,26.91,2.99,2.99,0,0,0
2009-05-06,21213,3800031838,17,16,16,50.83,2.99,2.99,0,0,0
2009-05-13,21213,3800031838,71,67,64,144.13,2.03,2.99,1,1,0
2009-01-14,21221,1111009477,57,52,52,78.66,1.38,1.38,0,1,0
2009-01-21,21221,1111009477,36,31,31,49.68,1.38,1.38,0,0,0
2009-01-28,21221,1111009477,37,35,34,51.43,1.39,1.39,0,0,0
2009-02-04,21221,1111009477,54,46,46,74.52,1.38,1.38,0,0,0
2009-02-11,21221,1111009477,33,28,27,49.17,1.49,1.49,0,0,0
2009-02-18,21221,1111009477,42,38,38,63.0,1.5,1.5,0,0,0
2009-02-25,21221,1111009477,34,30,30,50.32,1.48,1.48,0,0,0
2009-03-04,21221,1111009477,42,39,38,62.58,1.49,1.48,0,1,0
2009-03-11,21221,1111009477,55,46,46,80.3,1.46,1.48,0,1,0
2009-03-18,21221,1111009477,44,43,43,63.8,1.45,1.48,0,1,0
2009-03-25,21221,1111009477,48,41,41,69.6,1.45,1.45,0,0,0
2009-04-01,21221,1111009477,41,38,37,59.45,1.45,1.45,0,0,0
2009-04-08,21221,1111009477,45,35,33,67.05,1.49,1.49,0,0,0
2009-04-15,21221,1111009477,35,28,28,51.1,1.46,1.46,0,0,0
2009-04-22,21221,1111009477,34,32,31,51.0,1.5,1.5,0,0,0
2009-04-29,21221,1111009477,25,21,21,37.5,1.5,1.5,0,0,0
2009-05-06,21221,1111009477,34,33,33,50.66,1.49,1.49,0,0,0
2009-05-13,21221,1111009477,32,29,28,47.36,1.48,1.48,0,0,0
2009-01-14,21221,1111009497,56,54,54,77.28,1.38,1.37,0,1,0
2009-01-21,21221,1111009497,53,48,47,73.14,1.38,1.38,0,0,0
2009-01-28,21221,1111009497,55,50,48,76.45,1.39,1.39,0,0,0
2009-02-04,21221,1111009497,50,48,47,69.0,1.38,1.38,0,0,0
2009-02-11,21221,1111009497,46,41,40,68.54,1.49,1.49,0,0,0
2009-02-18,21221,1111009497,64,58,57,94.72,1.48,1.49,0,1,0
2009-02-25,21221,1111009497,33,29,28,49.5,1.5,1.5,0,0,0
2009-03-04,21221,1111009497,49,46,44,73.01,1.49,1.5,0,1,0
2009-03-11,21221,1111009497,48,43,42,71.52,1.49,1.49,0,0,0
2009-03-18,21221,1111009497,34,30,30,49.64,1.46,1.49,0,1,0
2009-03-25,21221,1111009497,47,39,39,68.62,1.46,1.46,0,0,0
2009-04-01,21221,1111009497,55,47,46,81.95,1.49,1.49,0,0,0
2009-04-08,21221,1111009497,44,42,41,66.0,1.5,1.5,0,0,0
2009-04-15,21221,1111009497,50,46,46,74.5,1.49,1.49,0,0,0
2009-04-22,21221,1111009497,42,41,40,62.58,1.49,1.49,0,0,0
2009-04-29,21221,1111009497,31,30,30,46.19,1.49,1.49,0,0,0
2009-05-06,21221,1111009497,40,36,34,59.6,1.49,1.49,0,0,0
2009-05-13,21221,1111009497,42,39,38,62.58,1.49,1.49,0,0,0
2009-01-14,21221,1600027527,20,20,20,60.6,3.03,3.03,0,0,0
2009-01-21,21221,1600027527,12,10,10,38.28,3.19,3.19,0,0,0
2009-01-28,21221,1600027527,26,25,25,82.94,3.19,3.19,0,0,0
2009-02-04,21221,1600027527,28,28,28,89.32,3.19,3.19,0,0,0
2009-02-11,21221,1600027527,489,366,351,811.74,1.66,3.19,1,0,0
2009-02-18,21221,1600027527,309,232,224,503.67,1.63,3.19,0,1,0
2009-02-25,21221,1600027527,275,224,216,453.75,1.65,3.19,1,1,0
2009-03-04,21221,1600027527,57,43,43,93.48,1.64,3.19,0,1,0
2009-03-11,21221,1600027527,31,31,31,78.12,2.52,3.19,0,0,1
2009-03-18,21221,1600027527,27,24,24,86.13,3.19,3.19,0,0,0
2009-03-25,21221,1600027527,32,31,31,95.68,2.99,2.99,0,0,0
2009-04-01,21221,1600027527,32,31,30,98.88,3.09,3.09,0,0,0
2009-04-08,21221,1600027527,44,42,41,137.28,3.12,3.12,0,0,0
2009-04-15,21221,1600027527,27,27,27,82.89,3.07,3.07,0,0,0
2009-04-22,21221,1600027527,21,21,19,64.05,3.05,3.05,0,0,0
2009-04-29,21221,1600027527,30,27,26,95.7,3.19,3.19,0,0,0
2009-05-06,21221,1600027527,155,122,120,313.1,2.02,3.19,1,1,0
2009-05-13,21221,1600027527,36,34,34,108.0,3.0,3.0,0,0,0
2009-01-14,21221,1600027564,82,67,63,209.1,2.55,2.91,1,0,0
2009-01-21,21221,1600027564,53,49,43,145.75,2.75,2.91,0,1,0
2009-01-28,21221,1600027564,31,30,27,98.89,3.19,3.19,0,0,0
2009-02-04,21221,1600027564,33,31,23,105.27,3.19,3.19,0,0,0
2009-02-11,21221,1600027564,46,43,38,111.78,2.43,3.19,0,0,1
2009-02-18,21221,1600027564,66,61,55,83.16,1.26,3.19,0,0,1
2009-02-25,21221,1600027564,60,58,53,118.2,1.97,3.19,0,0,1
2009-03-04,21221,1600027564,29,28,19,70.18,2.42,3.19,0,0,1
2009-03-11,21221,1600027564,53,48,44,143.63,2.71,3.19,0,0,1
2009-03-18,21221,1600027564,45,41,37,127.8,2.84,3.19,0,0,1
2009-03-25,21221,1600027564,45,42,36,111.6,2.48,2.48,0,0,0
2009-04-01,21221,1600027564,48,47,43,143.52,2.99,2.99,0,0,0
2009-04-08,21221,1600027564,58,55,45,156.6,2.7,2.99,0,0,1
2009-04-15,21221,1600027564,40,36,29,124.4,3.11,3.11,0,0,0
2009-04-22,21221,1600027564,42,41,40,125.16,2.98,2.98,0,0,0
2009-04-29,21221,1600027564,27,27,24,86.13,3.19,3.19,0,0,0
2009-05-06,21221,1600027564,43,37,33,137.17,3.19,3.19,0,0,0
2009-05-13,21221,1600027564,33,32,29,101.97,3.09,3.09,0,0,0
2009-01-14,21221,3800031838,39,38,37,113.49,2.91,2.91,0,0,0
2009-01-21,21221,3800031838,26,25,25,77.74,2.99,2.99,0,0,0
2009-01-28,21221,3800031838,33,31,31,98.67,2.99,2.99,0,0,0
2009-02-04,21221,3800031838,37,37,37,110.63,2.99,2.99,0,0,0
2009-02-11,21221,3800031838,39,37,36,104.52,2.68,2.99,0,0,1
2009-02-18,21221,3800031838,29,28,28,53.94,1.86,2.99,0,0,1
2009-02-25,21221,3800031838,27,26,25,59.67,2.21,2.99,0,0,1
2009-03-04,21221,3800031838,11,11,11,23.87,2.17,2.99,0,0,1
2009-03-11,21221,3800031838,31,31,31,71.61,2.31,2.99,0,0,1
2009-03-18,21221,3800031838,28,26,26,77.84,2.78,2.78,0,0,0
2009-03-25,21221,3800031838,29,29,29,80.62,2.78,2.78,0,0,0
2009-04-01,21221,3800031838,37,36,36,110.63,2.99,2.99,0,0,0
2009-04-08,21221,3800031838,44,42,42,128.48,2.92,2.92,0,0,0
2009-04-15,21221,3800031838,33,32,32,95.7,2.9,2.9,0,0,0
2009-04-22,21221,3800031838,29,29,28,80.62,2.78,2.78,0,0,0
2009-04-29,21221,3800031838,31,30,29,92.69,2.99,2.99,0,0,0
2009-05-06,21221,3800031838,107,99,96,318.86,2.98,2.98,0,0,0
2009-05-13,21221,3800031838,149,137,135,296.51,1.99,2.98,1,1,0
2009-01-14,21227,1111009477,145,120,120,200.1,1.38,1.38,0,0,0
2009-01-21,21227,1111009477,119,105,104,163.03,1.37,1.37,0,0,0
2009-01-28,21227,1111009477,120,100,100,165.6,1.38,1.38,0,0,0
2009-02-04,21227,1111009477,137,125,124,189.06,1.38,1.38,0,0,0
2009-02-11,21227,1111009477,110,93,93,162.8,1.48,1.48,0,0,0
2009-02-18,21227,1111009477,111,96,95,165.39,1.49,1.49,0,0,0
2009-02-25,21227,1111009477,139,110,108,207.11,1.49,1.49,0,0,0
2009-03-04,21227,1111009477,107,92,90,159.43,1.49,1.49,0,0,0
2009-03-11,21227,1111009477,113,103,103,164.98,1.46,1.49,0,1,0
2009-03-18,21227,1111009477,147,126,122,214.62,1.46,1.46,0,0,0
2009-03-25,21227,1111009477,165,131,127,242.55,1.47,1.46,0,1,0
2009-04-01,21227,1111009477,132,116,115,194.04,1.47,1.46,0,1,0
2009-04-08,21227,1111009477,116,99,99,171.68,1.48,1.46,0,1,0
2009-04-15,21227,1111009477,89,77,77,131.72,1.48,1.48,0,0,0
2009-04-22,21227,1111009477,147,117,115,179.34,1.22,1.48,0,0,1
2009-04-29,21227,1111009477,146,100,98,179.58,1.23,1.48,0,0,1
2009-05-06,21227,1111009477,140,112,112,175.0,1.25,1.48,0,0,1
2009-05-13,21227,1111009477,121,100,98,146.41,1.21,1.48,0,0,1
2009-01-14,21227,1111009497,111,102,102,153.18,1.38,1.38,0,0,0
2009-01-21,21227,1111009497,93,86,85,128.34,1.38,1.38,0,0,0
2009-01-28,21227,1111009497,119,106,103,164.22,1.38,1.38,0,0,0
2009-02-04,21227,1111009497,96,87,86,133.44,1.39,1.39,0,0,0
2009-02-11,21227,1111009497,113,98,97,168.37,1.49,1.49,0,0,0
2009-02-18,21227,1111009497,101,91,88,150.49,1.49,1.49,0,0,0
2009-02-25,21227,1111009497,112,98,97,166.88,1.49,1.49,0,0,0
2009-03-04,21227,1111009497,105,93,90,155.4,1.48,1.48,0,0,0
2009-03-11,21227,1111009497,107,95,93,157.29,1.47,1.48,0,1,0
2009-03-18,21227,1111009497,156,130,130,230.88,1.48,1.48,0,0,0
2009-03-25,21227,1111009497,129,122,122,190.92,1.48,1.48,0,1,0
2009-04-01,21227,1111009497,159,142,141,236.91,1.49,1.48,0,1,0
2009-04-08,21227,1111009497,131,116,114,193.88,1.48,1.48,0,1,0
2009-04-15,21227,1111009497,104,93,93,154.96,1.49,1.49,0,0,0
2009-04-22,21227,1111009497,101,91,89,123.22,1.22,1.49,0,0,1
2009-04-29,21227,1111009497,111,106,105,137.64,1.24,1.49,0,0,1
2009-05-06,21227,1111009497,100,88,87,123.0,1.23,1.49,0,0,1
2009-05-13,21227,1111009497,120,108,107,147.6,1.23,1.49,0,0,1
