EN/S08_09_Retail_Analytics/data/cereals_data_filtered.csv
WEEK_END_DATE,STORE_NUM,UPC,UNITS,VISITS,HHS,SPEND,PRICE,BASE_PRICE,FEATURE,DISPLAY,TPR_ONLY
2009-01-14,21227,1600027527,54,51,51,159.3,2.95,2.95,0,0,0
2009-01-21,21227,1600027527,30,29,29,95.7,3.19,3.19,0,0,0
2009-01-28,21227,1600027527,30,30,30,95.7,3.19,3.19,0,0,0
2009-02-04,21227,1600027527,53,52,52,169.07,3.19,3.19,0,0,0
2009-02-11,21227,1600027527,685,471,461,1130.25,1.65,3.19,1,1,0
2009-02-18,21227,1600027527,376,294,291,609.12,1.62,3.19,0,0,1
2009-02-25,21227,1600027527,563,424,417,928.95,1.65,3.19,1,1,0
2009-03-04,21227,1600027527,61,46,46,100.65,1.65,3.19,0,0,1
2009-03-11,21227,1600027527,53,47,47,142.57,2.69,3.19,0,0,1
2009-03-18,21227,1600027527,56,54,54,165.76,2.96,2.96,0,0,0
2009-03-25,21227,1600027527,64,62,62,197.76,3.09,3.09,0,0,0
2009-04-01,21227,1600027527,58,54,54,178.64,3.08,3.08,0,0,0
2009-04-08,21227,1600027527,49,48,48,146.51,2.99,2.99,0,0,0
2009-04-15,21227,1600027527,53,52,51,153.17,2.89,2.89,0,0,0
2009-04-22,21227,1600027527,62,55,53,188.48,3.04,3.04,0,0,0
2009-04-29,21227,1600027527,65,62,62,207.35,3.19,3.19,0,0,0
2009-05-06,21227,1600027527,179,125,122,358.0,2.0,3.19,1,0,0
2009-05-13,21227,1600027527,54,54,54,172.26,3.19,3.19,0,0,0
2009-01-14,21227,3800031838,56,58,57,161.28,2.88,2.88,0,0,0
2009-01-21,21227,3800031838,51,51,51,152.49,2.99,2.99,0,0,0
2009-01-28,21227,3800031838,49,47,47,146.51,2.99,2.99,0,0,0
2009-02-04,21227,3800031838,40,37,37,119.6,2.99,2.99,0,0,0
2009-02-11,21227,3800031838,42,41,41,95.76,2.28,2.99,0,0,1
2009-02-18,21227,3800031838,28,27,27,68.88,2.46,2.99,0,0,1
2009-02-25,21227,3800031838,41,38,38,110.29,2.69,2.99,0,0,1
2009-03-04,21227,3800031838,34,33,33,92.82,2.73,2.73,0,0,0
2009-03-11,21227,3800031838,34,34,34,89.76,2.64,2.64,0,0,0
2009-03-18,21227,3800031838,50,47,46,149.5,2.99,2.99,0,0,0
2009-03-25,21227,3800031838,50,48,48,137.5,2.75,2.75,0,0,0
2009-04-01,21227,3800031838,43,40,40,125.56,2.92,2.92,0,0,0
2009-04-08,21227,3800031838,21,21,21,47.88,2.28,2.92,0,0,1
2009-04-15,21227,3800031838,25,25,25,68.75,2.75,2.75,0,0,0
2009-04-22,21227,3800031838,30,30,30,86.7,2.89,2.89,0,0,0
2009-04-29,21227,3800031838,52,47,47,155.48,2.99,2.99,0,0,0
2009-05-06,21227,3800031838,62,59,58,185.38,2.99,2.99,0,0,0
2009-05-13,21227,3800031838,183,161,158,364.17,1.99,2.99,1,1,0
2009-01-14,21237,1111009497,207,196,194,287.73,1.39,1.58,0,1,0
2009-01-21,21237,1111009497,185,171,171,255.3,1.38,1.58,0,1,0
2009-01-28,21237,1111009497,187,171,167,258.06,1.38,1.58,0,1,0
2009-02-04,21237,1111009497,226,212,211,311.88,1.38,1.58,0,1,0
2009-02-11,21237,1111009497,207,184,181,306.36,1.48,1.58,0,1,0
2009-02-18,21237,1111009497,159,142,140,236.91,1.49,1.58,0,1,0
2009-02-25,21237,1111009497,149,133,129,222.01,1.49,1.58,0,1,0
2009-03-04,21237,1111009497,162,143,139,239.76,1.48,1.58,0,1,0
2009-03-11,21237,1111009497,147,126,123,214.62,1.46,1.46,0,0,0
2009-03-18,21237,1111009497,197,170,168,289.59,1.47,1.46,0,1,0
2009-03-25,21237,1111009497,243,206,200,359.64,1.48,1.46,0,1,0
2009-04-01,21237,1111009497,210,191,186,310.8,1.48,1.46,0,1,0
2009-04-08,21237,1111009497,194,169,166,285.18,1.47,1.46,0,1,0
2009-04-15,21237,1111009497,150,134,134,222.0,1.48,1.46,0,1,0
2009-04-22,21237,1111009497,170,150,148,253.3,1.49,1.46,0,1,0
2009-04-29,21237,1111009497,149,127,124,220.52,1.48,1.46,0,1,0
2009-05-06,21237,1111009497,190,163,154,283.1,1.49,1.46,0,1,0
2009-05-13,21237,1111009497,179,149,143,266.71,1.49,1.46,0,1,0
2009-01-14,21237,1600027527,61,58,58,188.49,3.09,3.09,0,0,0
2009-01-21,21237,1600027527,53,51,50,169.07,3.19,3.19,0,0,0
2009-01-28,21237,1600027527,59,54,53,188.21,3.19,3.19,0,0,0
2009-02-04,21237,1600027527,57,55,55,178.98,3.14,3.14,0,0,0
2009-02-11,21237,1600027527,574,422,410,952.84,1.66,3.14,1,1,0
2009-02-18,21237,1600027527,376,285,278,612.88,1.63,3.14,0,1,0
2009-02-25,21237,1600027527,488,363,352,795.44,1.63,3.14,1,0,0
2009-03-04,21237,1600027527,84,60,60,134.4,1.6,3.14,0,1,0
2009-03-11,21237,1600027527,77,70,70,227.15,2.95,2.95,0,0,0
2009-03-18,21237,1600027527,54,51,51,156.06,2.89,2.89,0,0,0
2009-03-25,21237,1600027527,72,66,66,213.12,2.96,2.96,0,0,0
2009-04-01,21237,1600027527,57,55,55,172.14,3.02,3.02,0,0,0
2009-04-08,21237,1600027527,54,52,52,165.78,3.07,3.07,0,0,0
2009-04-15,21237,1600027527,84,81,81,261.24,3.11,3.11,0,0,0
2009-04-22,21237,1600027527,61,60,59,178.73,2.93,2.93,0,0,0
2009-04-29,21237,1600027527,65,64,64,207.35,3.19,3.19,0,0,0
2009-05-06,21237,1600027527,216,150,144,434.16,2.01,3.19,1,1,0
2009-05-13,21237,1600027527,59,57,57,185.26,3.14,3.14,0,0,0
2009-01-14,21237,1600027564,116,104,104,288.84,2.49,2.79,1,0,0
2009-01-21,21237,1600027564,109,98,97,291.03,2.67,2.67,0,0,0
2009-01-28,21237,1600027564,49,48,48,155.82,3.18,3.18,0,0,0
2009-02-04,21237,1600027564,86,84,83,274.34,3.19,3.19,0,0,0
2009-02-11,21237,1600027564,74,71,71,102.12,1.38,3.19,0,0,1
2009-02-18,21237,1600027564,95,92,92,95.95,1.01,3.19,0,0,1
2009-02-25,21237,1600027564,74,71,71,139.86,1.89,3.19,0,0,1
2009-03-04,21237,1600027564,73,69,69,130.67,1.79,3.19,0,0,1
2009-03-11,21237,1600027564,93,85,85,219.48,2.36,3.19,0,0,1
2009-03-18,21237,1600027564,63,60,59,150.57,2.39,3.19,0,0,1
2009-03-25,21237,1600027564,81,76,76,220.32,2.72,2.72,0,0,0
2009-04-01,21237,1600027564,67,65,65,181.57,2.71,2.71,0,0,0
2009-04-08,21237,1600027564,80,73,72,226.4,2.83,2.83,0,0,0
2009-04-15,21237,1600027564,65,56,55,188.5,2.9,2.9,0,0,0
2009-04-22,21237,1600027564,54,52,51,130.68,2.42,2.9,0,0,1
2009-04-29,21237,1600027564,41,40,40,130.79,3.19,3.19,0,0,0
2009-05-06,21237,1600027564,43,39,39,137.17,3.19,3.19,0,0,0
2009-05-13,21237,1600027564,57,49,48,164.16,2.88,2.88,0,0,0
2009-01-14,21237,3800031838,32,32,32,86.72,2.71,2.71,0,0,0
2009-01-21,21237,3800031838,28,27,27,83.72,2.99,2.99,0,0,0
2009-01-28,21237,3800031838,26,26,25,77.74,2.99,2.99,0,0,0
2009-02-04,21237,3800031838,54,52,52,161.46,2.99,2.99,0,0,0
2009-02-11,21237,3800031838,32,31,31,77.76,2.43,2.99,0,0,1
2009-02-18,21237,3800031838,30,30,30,42.0,1.4,2.99,0,0,1
2009-02-25,21237,3800031838,36,36,34,83.16,2.31,2.99,0,0,1
2009-03-04,21237,3800031838,34,33,33,80.58,2.37,2.99,0,0,1
2009-03-11,21237,3800031838,35,35,35,77.7,2.22,2.99,0,0,1
2009-03-18,21237,3800031838,47,45,45,125.49,2.67,2.99,0,0,1
2009-03-25,21237,3800031838,42,39,38,116.76,2.78,2.78,0,0,0
2009-04-01,21237,3800031838,37,35,35,104.71,2.83,2.83,0,0,0
2009-04-08,21237,3800031838,41,39,39,119.72,2.92,2.92,0,0,0
2009-04-15,21237,3800031838,52,50,50,152.36,2.93,2.93,0,0,0
2009-04-22,21237,3800031838,52,50,50,149.76,2.88,2.88,0,0,0
2009-04-29,21237,3800031838,40,38,38,119.6,2.99,2.99,0,0,0
2009-05-06,21237,3800031838,51,48,48,152.49,2.99,2.99,0,0,0
2009-05-13,21237,3800031838,183,162,159,362.34,1.98,2.99,1,1,0
2009-01-14,21479,1111009477,22,20,20,25.96,1.18,1.18,0,0,0
2009-01-21,21479,1111009477,41,38,36,39.36,0.96,1.18,1,1,0
2009-01-28,21479,1111009477,21,21,21,20.37,0.97,1.18,0,1,0
2009-02-04,21479,1111009477,14,13,13,16.24,1.16,1.16,0,0,0
2009-02-11,21479,1111009477,21,20,20,24.57,1.17,1.17,0,0,0
2009-02-18,21479,1111009477,22,20,20,25.52,1.16,1.16,0,0,0
2009-02-25,21479,1111009477,22,18,17,25.3,1.15,1.15,0,0,0
2009-03-04,21479,1111009477,33,29,29,31.02,0.94,1.15,1,0,0
2009-03-11,21479,1111009477,21,21,21,24.78,1.18,1.18,0,0,0
2009-03-18,21479,1111009477,17,15,15,19.38,1.14,1.14,0,0,0
2009-03-25,21479,1111009477,20,19,18,23.0,1.15,1.15,0,0,0
2009-04-01,21479,1111009477,20,20,20,23.6,1.18,1.18,0,0,0
2009-04-08,21479,1111009477,20,16,16,22.8,1.14,1.14,0,0,0
2009-04-15,21479,1111009477,14,13,13,16.24,1.16,1.16,0,0,0
2009-04-22,21479,1111009477,21,18,18,24.57,1.17,1.17,0,0,0
2009-04-29,21479,1111009477,12,12,12,14.16,1.18,1.18,0,0,0
2009-05-06,21479,1111009477,28,25,25,32.48,1.16,1.16,0,0,0
2009-05-13,21479,1111009477,17,15,15,19.55,1.15,1.15,0,0,0
2009-01-14,21479,1111009497,17,14,14,20.23,1.19,1.19,0,0,0
2009-01-21,21479,1111009497,40,36,35,39.2,0.98,1.19,1,0,0
2009-01-28,21479,1111009497,19,15,15,18.24,0.96,1.19,0,0,1
2009-02-04,21479,1111009497,17,14,14,19.55,1.15,1.15,0,0,0
2009-02-11,21479,1111009497,22,18,18,25.3,1.15,1.15,0,0,0
2009-02-18,21479,1111009497,18,16,16,21.24,1.18,1.18,0,0,0
2009-02-25,21479,1111009497,31,27,26,35.96,1.16,1.16,0,0,0
2009-03-04,21479,1111009497,33,28,28,32.34,0.98,1.16,1,0,0
2009-03-11,21479,1111009497,18,15,15,20.34,1.13,1.13,0,0,0
2009-03-18,21479,1111009497,17,15,15,19.38,1.14,1.13,0,1,0
2009-03-25,21479,1111009497,14,13,13,15.82,1.13,1.13,0,0,0
2009-04-01,21479,1111009497,16,14,13,18.4,1.15,1.15,0,0,0
2009-04-08,21479,1111009497,15,13,13,17.1,1.14,1.14,0,0,0
2009-04-15,21479,1111009497,18,16,16,20.88,1.16,1.16,0,0,0
2009-04-22,21479,1111009497,13,12,12,15.08,1.16,1.16,0,0,0
2009-04-29,21479,1111009497,12,11,11,13.92,1.16,1.16,0,0,0
2009-05-06,21479,1111009497,13,12,12,15.08,1.16,1.16,0,0,0
2009-05-13,21479,1111009497,10,9,9,10.9,1.09,1.09,0,0,0
2009-01-14,21479,1600027527,51,51,51,156.06,3.06,3.06,0,0,0
2009-01-21,21479,1600027527,34,34,34,108.46,3.19,3.19,0,0,0
2009-01-28,21479,1600027527,40,38,38,127.6,3.19,3.19,0,0,0
2009-02-04,21479,1600027527,56,55,55,176.96,3.16,3.16,0,0,0
2009-02-11,21479,1600027527,413,275,273,677.32,1.64,3.16,1,1,0
2009-02-18,21479,1600027527,368,270,261,603.52,1.64,3.16,0,1,0
2009-02-25,21479,1600027527,353,241,233,578.92,1.64,3.16,1,1,0
2009-03-04,21479,1600027527,118,78,76,195.88,1.66,3.16,0,1,0
2009-03-11,21479,1600027527,45,40,40,134.1,2.98,2.98,0,0,0
2009-03-18,21479,1600027527,53,52,51,162.71,3.07,3.07,0,0,0
2009-03-25,21479,1600027527,54,52,52,167.4,3.1,3.1,0,0,0
2009-04-01,21479,1600027527,41,40,39,130.79,3.19,3.19,0,0,0
2009-04-08,21479,1600027527,52,49,49,159.64,3.07,3.07,0,0,0
2009-04-15,21479,1600027527,54,52,52,162.54,3.01,3.01,0,0,0
2009-04-22,21479,1600027527,55,48,48,168.85,3.07,3.07,0,0,0
2009-04-29,21479,1600027527,55,50,49,175.45,3.19,3.19,0,0,0
2009-05-06,21479,1600027527,187,147,143,377.74,2.02,3.19,1,1,0
2009-05-13,21479,1600027527,39,38,37,117.0,3.0,3.0,0,0,0
2009-01-14,21479,1600027564,18,18,18,53.46,2.97,2.97,0,0,0
2009-01-21,21479,1600027564,19,18,18,50.73,2.67,2.97,1,0,0
2009-01-28,21479,1600027564,14,14,14,43.96,3.14,3.14,0,0,0
2009-02-04,21479,1600027564,24,24,24,75.36,3.14,3.14,0,0,0
2009-02-11,21479,1600027564,31,30,30,50.22,1.62,3.14,0,0,1
2009-02-18,21479,1600027564,26,24,24,37.7,1.45,3.14,0,0,1
2009-02-25,21479,1600027564,23,23,23,40.71,1.77,3.14,0,0,1
2009-03-04,21479,1600027564,25,25,24,66.0,2.64,3.14,0,0,1
2009-03-11,21479,1600027564,22,22,22,47.08,2.14,3.14,0,0,1
2009-03-18,21479,1600027564,11,11,11,31.35,2.85,2.85,0,0,0
2009-03-25,21479,1600027564,22,21,20,69.08,3.14,3.14,0,0,0
2009-04-01,21479,1600027564,20,20,20,50.2,2.51,3.14,0,0,1
2009-04-08,21479,1600027564,17,17,17,47.09,2.77,3.14,0,0,1
2009-04-15,21479,1600027564,20,20,20,62.8,3.14,3.14,0,0,0
2009-04-22,21479,1600027564,22,22,22,59.62,2.71,3.14,0,0,1
2009-04-29,21479,1600027564,21,21,20,65.94,3.14,3.14,0,0,0
2009-05-06,21479,1600027564,19,18,18,56.62,2.98,2.98,0,0,0
2009-05-13,21479,1600027564,44,45,45,100.32,2.28,2.98,0,0,1
2009-01-14,21479,3800031838,67,58,55,193.63,2.89,2.89,0,0,0
2009-01-21,21479,3800031838,48,48,48,138.72,2.89,2.89,0,0,0
2009-01-28,21479,3800031838,45,47,45,130.05,2.89,2.89,0,0,0
2009-02-04,21479,3800031838,53,53,52,150.52,2.84,2.84,0,0,0
2009-02-11,21479,3800031838,50,49,48,117.5,2.35,2.84,0,0,1
2009-02-18,21479,3800031838,53,53,53,138.86,2.62,2.62,0,0,0
2009-02-25,21479,3800031838,54,53,50,147.42,2.73,2.73,0,0,0
2009-03-04,21479,3800031838,45,45,44,127.35,2.83,2.83,0,0,0
2009-03-11,21479,3800031838,55,54,51,152.9,2.78,2.78,0,0,0
2009-03-18,21479,3800031838,44,42,42,124.08,2.82,2.82,0,0,0
2009-03-25,21479,3800031838,37,36,36,103.97,2.81,2.81,0,0,0
2009-04-01,21479,3800031838,23,23,22,66.47,2.89,2.89,0,0,0
2009-04-08,21479,3800031838,43,43,40,121.26,2.82,2.82,0,0,0
2009-04-15,21479,3800031838,42,41,40,115.5,2.75,2.75,0,0,0
2009-04-22,21479,3800031838,31,31,30,86.8,2.8,2.8,0,0,0
2009-04-29,21479,3800031838,28,28,26,80.92,2.89,2.89,0,0,0
2009-05-06,21479,3800031838,41,40,40,118.49,2.89,2.89,0,0,0
2009-05-13,21479,3800031838,281,253,249,550.76,1.96,2.89,1,1,0
2009-01-14,21485,1600027527,29,29,29,89.32,3.08,3.08,0,0,0
2009-01-21,21485,1600027527,36,38,35,114.84,3.19,3.19,0,0,0
2009-01-28,21485,1600027527,15,15,15,47.85,3.19,3.19,0,0,0
2009-02-04,21485,1600027527,52,43,42,120.12,2.31,3.19,0,0,1
2009-02-11,21485,1600027527,326,219,214,537.9,1.65,3.19,1,1,0
2009-02-18,21485,1600027527,238,175,175,395.08,1.66,3.19,0,1,0
2009-02-25,21485,1600027527,223,158,157,370.18,1.66,3.19,1,1,0
2009-03-04,21485,1600027527,131,90,90,221.39,1.69,3.19,0,1,0
2009-03-11,21485,1600027527,24,23,23,42.96,1.79,3.19,0,0,1
2009-03-18,21485,1600027527,23,25,23,75.21,3.27,3.27,0,0,0
2009-03-25,21485,1600027527,22,22,22,63.8,2.9,3.27,0,0,1
2009-04-01,21485,1600027527,23,22,22,73.37,3.19,3.19,0,0,0
2009-04-08,21485,1600027527,12,12,12,38.28,3.19,3.19,0,0,0
2009-04-15,21485,1600027527,19,19,19,57.38,3.02,3.02,0,0,0
2009-04-22,21485,1600027527,26,26,26,82.94,3.19,3.19,0,0,0
2009-04-29,21485,1600027527,22,22,22,70.18,3.19,3.19,0,0,0
2009-05-06,21485,1600027527,84,71,70,168.0,2.0,3.19,1,0,0
2009-05-13,21485,1600027527,21,20,20,63.84,3.04,3.04,0,0,0
2009-01-14,21485,1600027564,15,14,14,43.95,2.93,2.93,0,0,0
2009-01-21,21485,1600027564,9,5,5,24.03,2.67,2.93,1,0,0
2009-01-28,21485,1600027564,5,4,4,15.7,3.14,3.14,0,0,0
2009-02-04,21485,1600027564,17,16,15,53.38,3.14,3.14,0,0,0
2009-02-11,21485,1600027564,18,18,18,28.26,1.57,3.14,0,0,1
2009-02-18,21485,1600027564,14,13,13,28.28,2.02,3.14,0,0,1
2009-02-25,21485,1600027564,13,13,13,31.46,2.42,3.14,0,0,1
2009-03-04,21485,1600027564,15,15,15,40.8,2.72,3.14,0,0,1
2009-03-11,21485,1600027564,16,16,16,37.76,2.36,3.14,0,0,1
2009-03-18,21485,1600027564,11,11,10,34.54,3.14,3.14,0,0,0
2009-03-25,21485,1600027564,13,11,11,37.7,2.9,2.9,0,0,0
2009-04-01,21485,1600027564,17,15,15,50.32,2.96,2.96,0,0,0
2009-04-08,21485,1600027564,16,16,16,47.04,2.94,2.94,0,0,0
2009-04-15,21485,1600027564,7,7,7,21.98,3.14,3.14,0,0,0
2009-04-22,21485,1600027564,13,13,13,37.7,2.9,2.9,0,0,0
2009-04-29,21485,1600027564,10,10,10,31.4,3.14,3.14,0,0,0
2009-05-06,21485,1600027564,8,8,8,25.12,3.14,3.14,0,0,0
2009-05-13,21485,1600027564,21,19,19,36.96,1.76,3.14,0,0,1
2009-01-14,21485,3800031838,29,29,28,83.81,2.89,2.89,0,0,0
2009-01-21,21485,3800031838,22,21,21,63.58,2.89,2.89,0,0,0
2009-01-28,21485,3800031838,23,24,24,66.47,2.89,2.89,0,0,0
2009-02-04,21485,3800031838,23,23,23,66.47,2.89,2.89,0,0,0
2009-02-11,21485,3800031838,39,36,35,101.01,2.59,2.89,0,0,1
2009-02-18,21485,3800031838,33,31,31,95.37,2.89,2.89,0,0,0
2009-02-25,21485,3800031838,20,19,19,57.8,2.89,2.89,0,0,0
2009-03-04,21485,3800031838,22,22,22,57.86,2.63,2.63,0,0,0
2009-03-11,21485,3800031838,33,32,32,95.37,2.89,2.89,0,0,0
2009-03-18,21485,3800031838,30,28,27,86.7,2.89,2.89,0,0,0
2009-03-25,21485,3800031838,21,21,21,60.69,2.89,2.89,0,0,0
2009-04-01,21485,3800031838,24,22,22,69.36,2.89,2.89,0,0,0
2009-04-08,21485,3800031838,27,26,26,78.03,2.89,2.89,0,0,0
2009-04-15,21485,3800031838,31,30,29,89.59,2.89,2.89,0,0,0
2009-04-22,21485,3800031838,31,30,29,89.59,2.89,2.89,0,0,0
2009-04-29,21485,3800031838,33,32,32,95.37,2.89,2.89,0,0,0
2009-05-06,21485,3800031838,41,37,37,103.73,2.53,2.89,0,0,1
2009-05-13,21485,3800031838,203,175,166,397.88,1.96,2.89,1,1,0
2009-01-14,23055,1111009477,6,6,6,8.34,1.39,1.41,0,1,0
2009-01-21,23055,1111009477,6,4,4,8.34,1.39,1.39,0,0,0
2009-01-28,23055,1111009477,7,5,5,9.52,1.36,1.36,0,0,0
2009-02-04,23055,1111009477,9,8,8,12.51,1.39,1.39,0,0,0
2009-02-11,23055,1111009477,8,8,8,11.84,1.48,1.48,0,0,0
2009-02-18,23055,1111009477,5,5,5,7.35,1.47,1.47,0,0,0
2009-02-25,23055,1111009477,10,8,8,14.9,1.49,1.49,0,0,0
2009-03-04,23055,1111009477,5,3,3,7.5,1.5,1.5,0,0,0
2009-03-11,23055,1111009477,11,9,9,16.5,1.5,1.5,0,0,0
2009-03-18,23055,1111009477,5,5,5,7.2,1.44,1.44,0,0,0
2009-03-25,23055,1111009477,13,7,7,19.5,1.5,1.5,0,0,0
2009-04-01,23055,1111009477,8,8,8,12.0,1.5,1.5,0,0,0
2009-04-08,23055,1111009477,9,9,8,13.23,1.47,1.47,0,0,0
2009-04-15,23055,1111009477,11,11,11,16.17,1.47,1.47,0,0,0
2009-04-22,23055,1111009477,13,10,9,18.85,1.45,1.45,0,0,0
2009-04-29,23055,1111009477,5,4,4,7.5,1.5,1.5,0,0,0
2009-05-06,23055,1111009477,9,8,7,13.5,1.5,1.5,0,0,0
2009-05-13,23055,1111009477,8,8,8,11.84,1.48,1.48,0,0,0
2009-01-14,23055,1111009497,13,13,12,18.07,1.39,1.39,0,0,0
2009-01-21,23055,1111009497,11,11,10,15.18,1.38,1.38,0,0,0
2009-01-28,23055,1111009497,10,10,10,13.8,1.38,1.38,0,0,0
2009-02-04,23055,1111009497,17,17,17,23.63,1.39,1.39,0,0,0
2009-02-11,23055,1111009497,17,16,15,25.5,1.5,1.5,0,0,0
2009-02-18,23055,1111009497,20,19,17,30.0,1.5,1.5,0,0,0
2009-02-25,23055,1111009497,18,16,14,27.0,1.5,1.5,0,0,0
2009-03-04,23055,1111009497,9,9,9,13.23,1.47,1.47,0,0,0
2009-03-11,23055,1111009497,13,12,11,19.5,1.5,1.5,0,0,0
2009-03-18,23055,1111009497,12,11,11,17.88,1.49,1.49,0,0,0
2009-03-25,23055,1111009497,13,13,13,19.5,1.5,1.5,0,0,0
2009-04-01,23055,1111009497,7,7,7,10.5,1.5,1.5,0,0,0
2009-04-08,23055,1111009497,15,14,13,22.5,1.5,1.5,0,0,0
2009-04-15,23055,1111009497,14,14,14,20.58,1.47,1.47,0,0,0
2009-04-22,23055,1111009497,13,12,11,19.24,1.48,1.48,0,0,0
2009-04-29,23055,1111009497,11,10,9,16.39,1.49,1.49,0,0,0
2009-05-06,23055,1111009497,20,19,18,29.8,1.49,1.49,0,0,0
2009-05-13,23055,1111009497,13,13,12,19.37,1.49,1.49,0,0,0
