EN/S08_09_Retail_Analytics/data/cereals_data_filtered.csv
WEEK_END_DATE,STORE_NUM,UPC,UNITS,VISITS,HHS,SPEND,PRICE,BASE_PRICE,FEATURE,DISPLAY,TPR_ONLY
2009-01-14,23055,1600027564,31,28,23,81.22,2.62,3.05,1,0,0
2009-01-21,23055,1600027564,17,16,14,47.43,2.79,2.79,0,0,0
2009-01-28,23055,1600027564,7,7,6,22.33,3.19,3.19,0,0,0
2009-02-04,23055,1600027564,12,12,7,38.28,3.19,3.19,0,0,0
2009-02-11,23055,1600027564,17,16,7,54.23,3.19,3.19,0,0,0
2009-02-18,23055,1600027564,11,9,7,25.52,2.32,3.19,0,0,1
2009-02-25,23055,1600027564,15,14,7,41.4,2.76,3.19,0,0,1
2009-03-04,23055,1600027564,13,12,7,38.22,2.94,2.94,0,0,0
2009-03-11,23055,1600027564,13,11,9,31.85,2.45,2.94,0,0,1
2009-03-18,23055,1600027564,9,8,6,28.71,3.19,3.19,0,0,0
2009-03-25,23055,1600027564,20,18,13,63.8,3.19,3.19,0,0,0
2009-04-01,23055,1600027564,6,6,5,19.14,3.19,3.19,0,0,0
2009-04-08,23055,1600027564,16,15,8,51.04,3.19,3.19,0,0,0
2009-04-15,23055,1600027564,17,15,11,47.77,2.81,3.19,0,0,1
2009-04-22,23055,1600027564,7,7,6,22.33,3.19,3.19,0,0,0
2009-04-29,23055,1600027564,15,13,6,47.85,3.19,3.19,0,0,0
2009-05-06,23055,1600027564,17,14,4,54.23,3.19,3.19,0,0,0
2009-05-13,23055,1600027564,12,11,6,38.28,3.19,3.19,0,0,0
2009-01-14,23055,3800031838,27,27,26,77.76,2.88,2.88,0,0,0
2009-01-21,23055,3800031838,10,10,10,29.9,2.99,2.99,0,0,0
2009-01-28,23055,3800031838,24,24,22,71.76,2.99,2.99,0,0,0
2009-02-04,23055,3800031838,25,25,25,74.75,2.99,2.99,0,0,0
2009-02-11,23055,3800031838,15,15,15,44.85,2.99,2.99,0,0,0
2009-02-18,23055,3800031838,12,12,12,32.88,2.74,2.74,0,0,0
2009-02-25,23055,3800031838,8,8,8,14.96,1.87,2.74,0,0,1
2009-03-04,23055,3800031838,11,11,11,32.89,2.99,2.99,0,0,0
2009-03-11,23055,3800031838,18,18,18,53.82,2.99,2.99,0,0,0
2009-03-18,23055,3800031838,15,14,14,44.85,2.99,2.99,0,0,0
2009-03-25,23055,3800031838,12,11,11,35.88,2.99,2.99,0,0,0
2009-04-01,23055,3800031838,18,18,18,53.82,2.99,2.99,0,0,0
2009-04-08,23055,3800031838,14,13,13,38.92,2.78,2.78,0,0,0
2009-04-15,23055,3800031838,32,31,30,92.8,2.9,2.9,0,0,0
2009-04-22,23055,3800031838,12,12,12,32.88,2.74,2.74,0,0,0
2009-04-29,23055,3800031838,16,15,15,47.84,2.99,2.99,0,0,0
2009-05-06,23055,3800031838,8,8,8,23.92,2.99,2.99,0,0,0
2009-05-13,23055,3800031838,94,89,86,188.94,2.01,2.99,1,1,0
2009-01-14,23061,1111009497,95,84,82,132.05,1.39,1.55,0,1,0
2009-01-21,23061,1111009497,100,87,85,138.0,1.38,1.55,0,1,0
2009-01-28,23061,1111009497,96,86,81,131.52,1.37,1.55,0,1,0
2009-02-04,23061,1111009497,117,108,106,162.63,1.39,1.55,0,1,0
2009-02-11,23061,1111009497,102,87,85,150.96,1.48,1.55,0,1,0
2009-02-18,23061,1111009497,84,75,73,126.0,1.5,1.55,0,1,0
2009-02-25,23061,1111009497,103,90,85,153.47,1.49,1.55,0,1,0
2009-03-04,23061,1111009497,94,79,77,138.18,1.47,1.55,0,1,0
2009-03-11,23061,1111009497,102,91,88,148.92,1.46,1.55,0,1,0
2009-03-18,23061,1111009497,95,80,77,139.65,1.47,1.55,0,1,0
2009-03-25,23061,1111009497,128,110,107,188.16,1.47,1.55,0,1,0
2009-04-01,23061,1111009497,112,96,95,166.88,1.49,1.55,0,1,0
2009-04-08,23061,1111009497,104,89,85,156.0,1.5,1.55,0,1,0
2009-04-15,23061,1111009497,76,64,63,113.24,1.49,1.55,0,1,0
2009-04-22,23061,1111009497,92,81,77,136.16,1.48,1.55,0,1,0
2009-04-29,23061,1111009497,91,75,74,134.68,1.48,1.55,0,1,0
2009-05-06,23061,1111009497,80,75,72,120.0,1.5,1.55,0,1,0
2009-05-13,23061,1111009497,89,81,78,132.61,1.49,1.55,0,1,0
2009-01-14,23061,3800031838,40,40,38,116.8,2.92,2.92,0,0,0
2009-01-21,23061,3800031838,48,44,44,140.64,2.93,2.93,0,0,0
2009-01-28,23061,3800031838,36,36,36,107.64,2.99,2.99,0,0,0
2009-02-04,23061,3800031838,34,34,33,101.66,2.99,2.99,0,0,0
2009-02-11,23061,3800031838,25,25,25,59.75,2.39,2.99,0,0,1
2009-02-18,23061,3800031838,19,19,19,26.98,1.42,2.99,0,0,1
2009-02-25,23061,3800031838,18,18,18,38.88,2.16,2.99,0,0,1
2009-03-04,23061,3800031838,16,15,14,29.92,1.87,2.99,0,0,1
2009-03-11,23061,3800031838,18,18,18,44.82,2.49,2.99,0,0,1
2009-03-18,23061,3800031838,31,29,29,89.59,2.89,2.89,0,0,0
2009-03-25,23061,3800031838,29,27,27,80.62,2.78,2.78,0,0,0
2009-04-01,23061,3800031838,28,28,28,77.84,2.78,2.78,0,0,0
2009-04-08,23061,3800031838,33,28,28,92.73,2.81,2.81,0,0,0
2009-04-15,23061,3800031838,31,30,30,83.7,2.7,2.7,0,0,0
2009-04-22,23061,3800031838,35,35,35,101.5,2.9,2.9,0,0,0
2009-04-29,23061,3800031838,22,20,20,65.78,2.99,2.99,0,0,0
2009-05-06,23061,3800031838,31,29,29,92.69,2.99,2.99,0,0,0
2009-05-13,23061,3800031838,147,121,121,289.59,1.97,2.99,1,1,0
2009-01-14,23067,1111009477,33,29,29,45.21,1.37,1.37,0,0,0
2009-01-21,23067,1111009477,21,17,17,29.19,1.39,1.39,0,0,0
2009-01-28,23067,1111009477,33,29,29,45.87,1.39,1.39,0,0,0
2009-02-04,23067,1111009477,28,25,25,38.92,1.39,1.39,0,0,0
2009-02-11,23067,1111009477,44,35,35,66.0,1.5,1.39,0,1,0
2009-02-18,23067,1111009477,35,30,30,52.5,1.5,1.5,0,0,0
2009-02-25,23067,1111009477,46,33,33,68.08,1.48,1.48,0,0,0
2009-03-04,23067,1111009477,45,40,40,67.5,1.5,1.5,0,0,0
2009-03-11,23067,1111009477,67,53,51,96.48,1.44,1.44,0,0,0
2009-03-18,23067,1111009477,46,35,35,68.54,1.49,1.49,0,0,0
2009-03-25,23067,1111009477,38,34,34,57.0,1.5,1.5,0,0,0
2009-04-01,23067,1111009477,58,46,46,86.42,1.49,1.49,0,0,0
2009-04-08,23067,1111009477,57,44,41,84.36,1.48,1.48,0,0,0
2009-04-15,23067,1111009477,50,43,43,73.0,1.46,1.46,0,0,0
2009-04-22,23067,1111009477,51,33,32,63.75,1.25,1.46,0,0,1
2009-04-29,23067,1111009477,55,46,46,67.65,1.23,1.46,0,0,1
2009-05-06,23067,1111009477,50,44,43,62.0,1.24,1.46,0,0,1
2009-05-13,23067,1111009477,46,41,40,56.12,1.22,1.46,0,0,1
2009-01-14,23067,1111009497,15,15,15,20.85,1.39,1.39,0,0,0
2009-01-21,23067,1111009497,43,37,36,59.77,1.39,1.39,0,0,0
2009-01-28,23067,1111009497,35,32,32,48.3,1.38,1.38,0,0,0
2009-02-04,23067,1111009497,44,39,38,61.16,1.39,1.39,0,0,0
2009-02-11,23067,1111009497,53,44,44,78.97,1.49,1.49,0,0,0
2009-02-18,23067,1111009497,57,48,48,84.36,1.48,1.48,0,0,0
2009-02-25,23067,1111009497,41,35,35,61.09,1.49,1.49,0,0,0
2009-03-04,23067,1111009497,45,41,41,67.5,1.5,1.5,0,0,0
2009-03-11,23067,1111009497,40,34,34,57.6,1.44,1.44,0,0,0
2009-03-18,23067,1111009497,48,39,38,71.52,1.49,1.49,0,0,0
2009-03-25,23067,1111009497,59,53,52,86.14,1.46,1.46,0,0,0
2009-04-01,23067,1111009497,40,35,35,60.0,1.5,1.5,0,0,0
2009-04-08,23067,1111009497,31,29,29,46.5,1.5,1.5,0,0,0
2009-04-15,23067,1111009497,34,31,31,50.66,1.49,1.49,0,0,0
2009-04-22,23067,1111009497,34,29,29,42.16,1.24,1.49,0,0,1
2009-04-29,23067,1111009497,35,32,32,43.75,1.25,1.49,0,0,1
2009-05-06,23067,1111009497,42,36,36,51.24,1.22,1.49,0,0,1
2009-05-13,23067,1111009497,66,54,54,81.84,1.24,1.49,0,1,0
2009-01-14,23067,1600027527,37,34,33,102.12,2.76,3.19,0,0,1
2009-01-21,23067,1600027527,20,19,19,63.8,3.19,3.19,0,0,0
2009-01-28,23067,1600027527,26,26,25,82.94,3.19,3.19,0,0,0
2009-02-04,23067,1600027527,33,30,30,105.27,3.19,3.19,0,0,0
2009-02-11,23067,1600027527,358,258,249,594.28,1.66,3.19,1,1,0
2009-02-18,23067,1600027527,97,76,76,145.5,1.5,3.19,0,0,1
2009-02-25,23067,1600027527,275,204,198,448.25,1.63,3.19,1,1,0
2009-03-04,23067,1600027527,28,22,22,46.2,1.65,3.19,0,1,0
2009-03-11,23067,1600027527,26,24,24,73.32,2.82,3.19,0,0,1
2009-03-18,23067,1600027527,34,33,33,102.0,3.0,3.0,0,0,0
2009-03-25,23067,1600027527,41,39,39,118.9,2.9,2.9,0,0,0
2009-04-01,23067,1600027527,38,35,35,121.22,3.19,3.19,0,0,0
2009-04-08,23067,1600027527,42,38,38,114.66,2.73,3.19,0,0,1
2009-04-15,23067,1600027527,45,42,42,143.55,3.19,3.19,0,0,0
2009-04-22,23067,1600027527,44,44,44,140.36,3.19,3.19,0,0,0
2009-04-29,23067,1600027527,31,30,28,98.89,3.19,3.19,0,0,0
2009-05-06,23067,1600027527,138,104,104,278.76,2.02,3.19,1,0,0
2009-05-13,23067,1600027527,37,37,37,105.45,2.85,3.19,0,0,1
2009-01-14,23067,3800031838,20,20,20,50.4,2.52,2.85,0,0,1
2009-01-21,23067,3800031838,25,24,24,74.0,2.96,2.96,0,0,0
2009-01-28,23067,3800031838,13,13,13,38.48,2.96,2.96,0,0,0
2009-02-04,23067,3800031838,19,17,17,56.24,2.96,2.96,0,0,0
2009-02-11,23067,3800031838,11,11,11,26.62,2.42,2.96,0,0,1
2009-02-18,23067,3800031838,12,11,11,23.64,1.97,2.96,0,0,1
2009-02-25,23067,3800031838,8,8,8,17.76,2.22,2.96,0,0,1
2009-03-04,23067,3800031838,13,13,13,32.5,2.5,2.96,0,0,1
2009-03-11,23067,3800031838,15,15,15,41.4,2.76,2.76,0,0,0
2009-03-18,23067,3800031838,16,16,16,38.56,2.41,2.76,0,0,1
2009-03-25,23067,3800031838,20,19,19,53.2,2.66,2.66,0,0,0
2009-04-01,23067,3800031838,20,20,20,59.2,2.96,2.96,0,0,0
2009-04-08,23067,3800031838,18,17,17,50.4,2.8,2.8,0,0,0
2009-04-15,23067,3800031838,14,14,14,35.56,2.54,2.54,0,0,0
2009-04-22,23067,3800031838,13,13,13,35.49,2.73,2.73,0,0,0
2009-04-29,23067,3800031838,18,18,18,53.28,2.96,2.96,0,0,0
2009-05-06,23067,3800031838,18,18,18,53.28,2.96,2.96,0,0,0
2009-05-13,23067,3800031838,69,59,58,131.1,1.9,2.96,1,0,0
2009-01-14,23075,1111009477,91,80,79,125.58,1.38,1.39,0,1,0
2009-01-21,23075,1111009477,75,63,63,103.5,1.38,1.39,0,1,0
2009-01-28,23075,1111009477,76,68,66,105.64,1.39,1.39,0,1,0
2009-02-04,23075,1111009477,90,83,83,124.2,1.38,1.39,0,1,0
2009-02-11,23075,1111009477,78,63,63,116.22,1.49,1.39,0,1,0
2009-02-18,23075,1111009477,72,67,67,107.28,1.49,1.39,0,1,0
2009-02-25,23075,1111009477,91,80,79,135.59,1.49,1.39,0,1,0
2009-03-04,23075,1111009477,69,59,59,103.5,1.5,1.39,0,1,0
2009-03-11,23075,1111009477,102,85,84,149.94,1.47,1.39,0,1,0
2009-03-18,23075,1111009477,82,74,73,122.18,1.49,1.39,0,1,0
2009-03-25,23075,1111009477,115,96,94,171.35,1.49,1.39,0,1,0
2009-04-01,23075,1111009477,99,86,85,147.51,1.49,1.39,0,1,0
2009-04-08,23075,1111009477,106,87,86,159.0,1.5,1.39,0,1,0
2009-04-15,23075,1111009477,91,78,78,135.59,1.49,1.39,0,1,0
2009-04-22,23075,1111009477,107,87,87,131.61,1.23,1.39,0,1,0
2009-04-29,23075,1111009477,102,81,80,126.48,1.24,1.39,0,1,0
2009-05-06,23075,1111009477,89,81,81,111.25,1.25,1.39,0,1,0
2009-05-13,23075,1111009477,99,88,88,120.78,1.22,1.39,0,1,0
2009-01-14,23075,1600027527,43,39,39,124.27,2.89,2.89,0,0,0
2009-01-21,23075,1600027527,30,29,29,94.2,3.14,3.14,0,0,0
2009-01-28,23075,1600027527,44,44,44,140.36,3.19,3.19,0,0,0
2009-02-04,23075,1600027527,62,62,62,197.78,3.19,3.19,0,0,0
2009-02-11,23075,1600027527,728,524,496,1215.76,1.67,3.19,1,1,0
2009-02-18,23075,1600027527,425,315,312,692.75,1.63,3.19,0,1,0
2009-02-25,23075,1600027527,459,339,332,752.76,1.64,3.19,1,1,0
2009-03-04,23075,1600027527,152,111,109,246.24,1.62,3.19,0,1,0
2009-03-11,23075,1600027527,54,52,51,160.92,2.98,2.98,0,0,0
2009-03-18,23075,1600027527,51,50,49,140.25,2.75,2.75,0,0,0
2009-03-25,23075,1600027527,44,44,44,127.6,2.9,2.9,0,0,0
2009-04-01,23075,1600027527,64,52,52,185.6,2.9,2.9,0,0,0
2009-04-08,23075,1600027527,55,52,51,166.1,3.02,3.02,0,0,0
2009-04-15,23075,1600027527,49,45,45,149.45,3.05,3.05,0,0,0
2009-04-22,23075,1600027527,40,40,40,127.6,3.19,3.19,0,0,0
2009-04-29,23075,1600027527,53,50,49,169.07,3.19,3.19,0,0,0
2009-05-06,23075,1600027527,199,138,135,398.0,2.0,3.19,1,1,0
2009-05-13,23075,1600027527,37,33,33,118.03,3.19,3.19,0,0,0
2009-01-14,23327,1111009477,27,22,22,31.32,1.16,1.16,0,0,0
2009-01-21,23327,1111009477,40,38,38,39.6,0.99,1.16,1,0,0
2009-01-28,23327,1111009477,18,18,18,17.46,0.97,1.16,0,0,1
2009-02-04,23327,1111009477,19,16,15,22.42,1.18,1.18,0,0,0
2009-02-11,23327,1111009477,17,16,16,19.72,1.16,1.16,0,0,0
2009-02-18,23327,1111009477,25,23,23,29.0,1.16,1.16,0,0,0
2009-02-25,23327,1111009477,19,19,19,22.23,1.17,1.17,0,0,0
2009-03-04,23327,1111009477,55,48,48,54.45,0.99,1.17,1,0,0
2009-03-11,23327,1111009477,21,21,21,23.52,1.12,1.12,0,0,0
2009-03-18,23327,1111009477,25,24,24,29.25,1.17,1.17,0,0,0
2009-03-25,23327,1111009477,22,22,21,25.74,1.17,1.17,0,0,0
2009-04-01,23327,1111009477,24,21,21,26.4,1.1,1.1,0,0,0
2009-04-08,23327,1111009477,31,27,27,35.03,1.13,1.13,0,0,0
2009-04-15,23327,1111009477,15,15,15,17.7,1.18,1.18,0,0,0
2009-04-22,23327,1111009477,21,21,20,24.78,1.18,1.18,0,0,0
2009-04-29,23327,1111009477,19,17,17,21.85,1.15,1.15,0,0,0
2009-05-06,23327,1111009477,25,22,22,29.5,1.18,1.18,0,0,0
2009-05-13,23327,1111009477,18,18,18,20.88,1.16,1.16,0,0,0
2009-01-14,23327,1111009497,12,12,12,13.92,1.16,1.18,0,1,0
2009-01-21,23327,1111009497,21,21,21,20.79,0.99,1.18,1,1,0
2009-01-28,23327,1111009497,16,14,14,15.84,0.99,1.18,0,0,1
2009-02-04,23327,1111009497,20,17,16,23.4,1.17,1.17,0,0,0
2009-02-11,23327,1111009497,11,8,8,12.98,1.18,1.18,0,0,0
2009-02-18,23327,1111009497,6,5,5,7.02,1.17,1.17,0,0,0
2009-02-25,23327,1111009497,15,13,13,17.55,1.17,1.17,0,0,0
2009-03-04,23327,1111009497,27,22,22,26.46,0.98,1.17,1,0,0
2009-03-11,23327,1111009497,10,8,8,11.6,1.16,1.16,0,0,0
2009-03-18,23327,1111009497,1,1,1,1.19,1.19,1.19,0,0,0
2009-04-01,23327,1111009497,10,9,9,11.8,1.18,1.18,0,0,0
2009-04-08,23327,1111009497,14,13,13,16.66,1.19,1.19,0,0,0
2009-04-15,23327,1111009497,10,10,10,11.9,1.19,1.19,0,0,0
2009-04-22,23327,1111009497,9,9,9,10.35,1.15,1.15,0,0,0
2009-04-29,23327,1111009497,11,10,10,12.87,1.17,1.17,0,0,0
2009-05-06,23327,1111009497,8,8,8,9.52,1.19,1.19,0,0,0
2009-05-13,23327,1111009497,13,11,11,15.08,1.16,1.16,0,0,0
2009-01-14,23327,1600027527,33,33,33,95.7,2.9,2.9,0,0,0
2009-01-21,23327,1600027527,29,27,27,92.51,3.19,3.19,0,0,0
2009-01-28,23327,1600027527,38,35,34,119.7,3.15,3.15,0,0,0
2009-02-04,23327,1600027527,30,30,30,95.7,3.19,3.19,0,0,0
2009-02-11,23327,1600027527,570,351,339,946.2,1.66,3.19,1,1,0
2009-02-18,23327,1600027527,295,212,205,483.8,1.64,3.19,0,1,0
2009-02-25,23327,1600027527,328,214,213,544.48,1.66,3.19,1,1,0
2009-03-04,23327,1600027527,152,102,100,249.28,1.64,3.19,0,1,0
2009-03-11,23327,1600027527,34,34,33,85.34,2.51,3.19,0,0,1
2009-03-18,23327,1600027527,35,35,35,106.75,3.05,3.05,0,0,0
2009-03-25,23327,1600027527,32,32,32,89.28,2.79,2.79,0,0,0
2009-04-01,23327,1600027527,28,27,27,86.24,3.08,3.08,0,0,0
2009-04-08,23327,1600027527,43,43,43,137.17,3.19,3.19,0,0,0
2009-04-15,23327,1600027527,45,45,44,137.25,3.05,3.05,0,0,0
2009-04-22,23327,1600027527,31,31,31,96.1,3.1,3.1,0,0,0
2009-04-29,23327,1600027527,43,41,41,132.44,3.08,3.08,0,0,0
2009-05-06,23327,1600027527,188,148,141,377.88,2.01,3.08,1,1,0
2009-05-13,23327,1600027527,40,39,39,115.2,2.88,2.88,0,0,0
2009-01-14,23327,1600027564,20,19,19,59.8,2.99,2.99,0,0,0
2009-01-21,23327,1600027564,24,20,20,64.08,2.67,2.99,1,0,0
2009-01-28,23327,1600027564,16,14,14,50.24,3.14,3.14,0,0,0
2009-02-04,23327,1600027564,22,25,24,66.0,3.0,3.0,0,0,0
2009-02-11,23327,1600027564,27,27,27,40.77,1.51,3.0,0,0,1
2009-02-18,23327,1600027564,22,22,22,29.92,1.36,3.0,0,0,1
2009-02-25,23327,1600027564,29,29,29,62.93,2.17,3.0,0,0,1
2009-03-04,23327,1600027564,26,25,25,48.36,1.86,3.0,0,0,1
2009-03-11,23327,1600027564,16,16,16,37.76,2.36,3.0,0,0,1
2009-03-18,23327,1600027564,18,17,17,40.86,2.27,3.0,0,0,1
2009-03-25,23327,1600027564,18,18,18,35.64,1.98,1.98,0,0,0
2009-04-01,23327,1600027564,17,16,16,34.51,2.03,2.03,0,0,0
2009-04-08,23327,1600027564,14,14,14,40.88,2.92,2.92,0,0,0
2009-04-15,23327,1600027564,20,20,20,53.4,2.67,2.67,0,0,0
2009-04-22,23327,1600027564,10,10,9,31.4,3.14,3.14,0,0,0
2009-04-29,23327,1600027564,8,8,8,25.12,3.14,3.14,0,0,0
2009-05-06,23327,1600027564,16,16,16,50.24,3.14,3.14,0,0,0
2009-05-13,23327,1600027564,31,30,29,50.22,1.62,3.14,0,0,1
2009-01-14,23327,3800031838,39,37,37,108.42,2.78,2.78,0,0,0
2009-01-21,23327,3800031838,40,39,39,115.6,2.89,2.89,0,0,0
2009-01-28,23327,3800031838,31,31,31,89.59,2.89,2.89,0,0,0
2009-02-04,23327,3800031838,24,24,23,69.36,2.89,2.89,0,0,0
2009-02-11,23327,3800031838,29,29,29,75.11,2.59,2.89,0,0,1
2009-02-18,23327,3800031838,21,21,21,60.69,2.89,2.89,0,0,0
2009-02-25,23327,3800031838,21,20,20,60.69,2.89,2.89,0,0,0
2009-03-04,23327,3800031838,16,16,16,38.08,2.38,2.89,0,0,1
2009-03-11,23327,3800031838,13,13,13,34.71,2.67,2.67,0,0,0
2009-03-18,23327,3800031838,15,15,15,43.35,2.89,2.89,0,0,0
2009-03-25,23327,3800031838,23,23,23,60.72,2.64,2.64,0,0,0
2009-04-01,23327,3800031838,16,16,16,46.24,2.89,2.89,0,0,0
2009-04-08,23327,3800031838,16,16,16,46.24,2.89,2.89,0,0,0
2009-05-06,23327,3800031838,1,3,3,1.99,1.99,2.89,0,0,1
2009-05-13,23327,3800031838,159,134,131,314.82,1.98,2.89,1,1,0
2009-01-14,23345,1111009477,30,26,26,36.9,1.23,1.24,0,1,0
2009-01-21,23345,1111009477,60,54,54,60.0,1.0,1.24,1,1,0
2009-01-28,23345,1111009477,46,42,42,46.0,1.0,1.24,0,1,0
2009-02-04,23345,1111009477,36,31,31,44.64,1.24,1.24,0,1,0
2009-02-11,23345,1111009477,29,26,26,35.96,1.24,1.24,0,0,0
2009-02-18,23345,1111009477,34,34,34,42.16,1.24,1.24,0,1,0
2009-02-25,23345,1111009477,25,23,22,31.0,1.24,1.24,0,0,0
2009-03-04,23345,1111009477,43,38,38,39.99,0.93,1.24,1,1,0
2009-03-11,23345,1111009477,31,26,26,36.27,1.17,1.24,0,1,0
2009-03-18,23345,1111009477,27,24,24,32.67,1.21,1.24,0,1,0
2009-03-25,23345,1111009477,38,34,34,47.12,1.24,1.24,0,1,0
2009-04-01,23345,1111009477,29,29,29,35.67,1.23,1.24,0,1,0
2009-04-08,23345,1111009477,20,20,20,24.8,1.24,1.24,0,1,0
2009-04-15,23345,1111009477,22,21,21,27.28,1.24,1.24,0,1,0
2009-04-22,23345,1111009477,38,37,37,46.36,1.22,1.24,0,1,0
2009-04-29,23345,1111009477,36,26,26,43.56,1.21,1.21,0,0,0
2009-05-06,23345,1111009477,24,21,21,29.76,1.24,1.24,0,0,0
2009-05-13,23345,1111009477,21,20,20,26.25,1.25,1.25,0,0,0
2009-01-14,23345,1111009497,35,27,27,42.0,1.2,1.25,0,1,0
2009-01-21,23345,1111009497,32,20,20,30.72,0.96,1.25,1,0,0
2009-01-28,23345,1111009497,30,27,27,29.7,0.99,1.25,0,0,1
2009-02-04,23345,1111009497,24,21,20,29.28,1.22,1.22,0,0,0
2009-02-11,23345,1111009497,18,18,18,22.14,1.23,1.23,0,0,0
2009-02-18,23345,1111009497,15,15,15,18.45,1.23,1.23,0,0,0
2009-02-25,23345,1111009497,30,29,29,36.9,1.23,1.23,0,0,0
2009-03-04,23345,1111009497,49,36,35,47.53,0.97,1.23,1,1,0
2009-03-11,23345,1111009497,27,24,24,33.75,1.25,1.23,0,1,0
2009-03-18,23345,1111009497,30,28,28,37.2,1.24,1.23,0,1,0
2009-03-25,23345,1111009497,31,29,29,38.44,1.24,1.23,0,1,0
2009-04-01,23345,1111009497,32,25,25,38.4,1.2,1.23,0,1,0
2009-04-08,23345,1111009497,37,35,35,45.88,1.24,1.23,0,1,0
2009-04-15,23345,1111009497,28,26,26,34.72,1.24,1.23,0,1,0
2009-04-22,23345,1111009497,33,31,31,40.92,1.24,1.23,0,1,0
2009-04-29,23345,1111009497,25,23,23,30.5,1.22,1.22,0,0,0
2009-05-06,23345,1111009497,25,17,16,30.0,1.2,1.2,0,0,0
2009-05-13,23345,1111009497,21,20,20,24.99,1.19,1.19,0,0,0
