EN/S08_09_Retail_Analytics/data/cereals_data_filtered.csv
WEEK_END_DATE,STORE_NUM,UPC,UNITS,VISITS,HHS,SPEND,PRICE,BASE_PRICE,FEATURE,DISPLAY,TPR_ONLY
2009-01-14,23345,1600027564,24,23,23,76.56,3.19,3.19,0,0,0
2009-01-21,23345,1600027564,38,36,35,101.46,2.67,3.19,1,1,0
2009-01-28,23345,1600027564,24,24,24,76.56,3.19,3.19,0,0,0
2009-02-04,23345,1600027564,19,19,19,60.61,3.19,3.19,0,0,0
2009-02-11,23345,1600027564,33,33,33,57.42,1.74,3.19,0,0,1
2009-02-18,23345,1600027564,26,25,25,73.32,2.82,3.19,0,0,1
2009-02-25,23345,1600027564,24,24,24,60.72,2.53,3.19,0,0,1
2009-03-04,23345,1600027564,29,25,25,89.32,3.08,3.08,0,0,0
2009-03-11,23345,1600027564,23,22,22,61.18,2.66,3.08,0,0,1
2009-03-18,23345,1600027564,26,25,25,76.7,2.95,2.95,0,0,0
2009-03-25,23345,1600027564,29,29,28,73.37,2.53,2.95,0,0,1
2009-04-01,23345,1600027564,29,28,28,89.32,3.08,3.08,0,0,0
2009-04-08,23345,1600027564,25,24,24,79.75,3.19,3.19,0,0,0
2009-04-15,23345,1600027564,29,27,27,86.13,2.97,2.97,0,0,0
2009-04-22,23345,1600027564,27,27,27,79.65,2.95,2.95,0,0,0
2009-04-29,23345,1600027564,38,38,38,121.22,3.19,3.19,0,0,0
2009-05-06,23345,1600027564,20,20,20,60.8,3.04,3.04,0,0,0
2009-05-13,23345,1600027564,38,38,38,98.8,2.6,3.04,0,0,1
2009-01-14,23345,3800031838,19,19,19,56.81,2.99,2.99,0,0,0
2009-01-21,23345,3800031838,22,22,22,65.78,2.99,2.99,0,0,0
2009-01-28,23345,3800031838,21,21,21,62.79,2.99,2.99,0,0,0
2009-02-04,23345,3800031838,15,17,16,44.85,2.99,2.99,0,0,0
2009-02-11,23345,3800031838,21,19,19,59.85,2.85,2.85,0,0,0
2009-02-18,23345,3800031838,10,10,10,26.9,2.69,2.69,0,0,0
2009-02-25,23345,3800031838,25,23,23,68.75,2.75,2.75,0,0,0
2009-03-04,23345,3800031838,20,20,20,59.8,2.99,2.99,0,0,0
2009-03-11,23345,3800031838,22,22,21,56.76,2.58,2.99,0,0,1
2009-03-18,23345,3800031838,19,18,18,56.81,2.99,2.99,0,0,0
2009-03-25,23345,3800031838,31,30,29,89.9,2.9,2.9,0,0,0
2009-04-01,23345,3800031838,27,26,26,80.73,2.99,2.99,0,0,0
2009-04-08,23345,3800031838,27,27,26,77.76,2.88,2.88,0,0,0
2009-04-15,23345,3800031838,23,23,23,62.79,2.73,2.73,0,0,0
2009-04-22,23345,3800031838,11,11,11,32.89,2.99,2.99,0,0,0
2009-04-29,23345,3800031838,21,21,21,62.79,2.99,2.99,0,0,0
2009-05-06,23345,3800031838,21,21,21,62.79,2.99,2.99,0,0,0
2009-05-13,23345,3800031838,111,101,100,213.12,1.92,2.99,1,1,0
2009-01-14,23349,1111009477,16,16,16,19.68,1.23,1.23,0,0,0
2009-01-21,23349,1111009477,31,26,25,29.76,0.96,1.23,1,0,0
2009-01-28,23349,1111009477,21,19,19,20.58,0.98,1.23,0,0,1
2009-02-04,23349,1111009477,16,14,14,19.04,1.19,1.19,0,0,0
2009-02-11,23349,1111009477,13,13,13,15.86,1.22,1.22,0,0,0
2009-02-18,23349,1111009477,23,21,21,27.37,1.19,1.19,0,0,0
2009-02-25,23349,1111009477,17,17,16,20.06,1.18,1.18,0,0,0
2009-03-04,23349,1111009477,29,24,24,26.97,0.93,1.18,1,0,0
2009-03-11,23349,1111009477,18,16,15,21.78,1.21,1.21,0,0,0
2009-03-18,23349,1111009477,22,21,21,26.4,1.2,1.2,0,0,0
2009-03-25,23349,1111009477,19,18,18,23.18,1.22,1.22,0,0,0
2009-04-01,23349,1111009477,19,16,16,22.04,1.16,1.16,0,0,0
2009-04-08,23349,1111009477,12,10,10,13.44,1.12,1.12,0,0,0
2009-04-15,23349,1111009477,16,13,12,19.04,1.19,1.19,0,0,0
2009-04-22,23349,1111009477,15,13,12,18.0,1.2,1.2,0,0,0
2009-04-29,23349,1111009477,19,17,17,22.99,1.21,1.21,0,0,0
2009-05-06,23349,1111009477,17,15,14,20.4,1.2,1.2,0,0,0
2009-05-13,23349,1111009477,17,15,14,20.4,1.2,1.2,0,0,0
2009-01-14,23349,1111009497,19,15,15,23.37,1.23,1.22,0,1,0
2009-01-21,23349,1111009497,30,27,27,29.4,0.98,1.22,1,1,0
2009-01-28,23349,1111009497,13,12,12,12.74,0.98,1.22,0,0,1
2009-02-04,23349,1111009497,25,18,18,29.75,1.19,1.19,0,0,0
2009-02-11,23349,1111009497,13,11,11,15.86,1.22,1.22,0,0,0
2009-02-18,23349,1111009497,14,13,13,17.36,1.24,1.24,0,0,0
2009-02-25,23349,1111009497,21,19,19,24.78,1.18,1.18,0,0,0
2009-03-04,23349,1111009497,35,30,28,32.9,0.94,1.18,1,1,0
2009-03-11,23349,1111009497,26,22,22,30.68,1.18,1.18,0,0,0
2009-03-18,23349,1111009497,23,16,16,28.29,1.23,1.23,0,0,0
2009-03-25,23349,1111009497,17,16,16,20.74,1.22,1.22,0,0,0
2009-04-01,23349,1111009497,22,21,21,26.62,1.21,1.21,0,0,0
2009-04-08,23349,1111009497,13,9,9,15.73,1.21,1.21,0,0,0
2009-04-15,23349,1111009497,10,10,10,11.9,1.19,1.19,0,0,0
2009-04-22,23349,1111009497,11,7,7,13.53,1.23,1.23,0,0,0
2009-04-29,23349,1111009497,23,19,19,28.29,1.23,1.23,0,0,0
2009-05-06,23349,1111009497,13,9,9,15.08,1.16,1.16,0,0,0
2009-05-13,23349,1111009497,7,7,7,8.33,1.19,1.19,0,0,0
2009-01-14,23349,3800031838,33,33,32,95.7,2.9,2.9,0,0,0
2009-01-21,23349,3800031838,23,23,21,68.77,2.99,2.99,0,0,0
2009-01-28,23349,3800031838,37,36,35,110.63,2.99,2.99,0,0,0
2009-02-04,23349,3800031838,33,32,32,98.67,2.99,2.99,0,0,0
2009-02-11,23349,3800031838,27,26,26,74.79,2.77,2.77,0,0,0
2009-02-18,23349,3800031838,24,23,23,63.12,2.63,2.63,0,0,0
2009-02-25,23349,3800031838,18,18,18,44.82,2.49,2.49,0,0,0
2009-03-04,23349,3800031838,22,22,22,62.92,2.86,2.86,0,0,0
2009-03-11,23349,3800031838,27,26,26,80.73,2.99,2.99,0,0,0
2009-03-18,23349,3800031838,19,19,18,56.81,2.99,2.99,0,0,0
2009-03-25,23349,3800031838,20,20,19,56.8,2.84,2.84,0,0,0
2009-04-01,23349,3800031838,21,21,21,56.91,2.71,2.71,0,0,0
2009-04-08,23349,3800031838,24,24,24,68.88,2.87,2.87,0,0,0
2009-04-15,23349,3800031838,36,36,36,107.64,2.99,2.99,0,0,0
2009-04-22,23349,3800031838,14,14,14,39.06,2.79,2.79,0,0,0
2009-04-29,23349,3800031838,28,28,27,83.72,2.99,2.99,0,0,0
2009-05-06,23349,3800031838,45,44,41,110.7,2.46,2.99,0,0,1
2009-05-13,23349,3800031838,184,161,160,358.8,1.95,2.99,1,1,0
2009-01-14,24991,1111009477,124,107,104,171.12,1.38,1.38,0,0,0
2009-01-21,24991,1111009477,110,101,100,151.8,1.38,1.38,0,0,0
2009-01-28,24991,1111009477,133,120,116,183.54,1.38,1.38,0,0,0
2009-02-04,24991,1111009477,122,115,113,168.36,1.38,1.38,0,0,0
2009-02-11,24991,1111009477,104,85,81,153.92,1.48,1.48,0,0,0
2009-02-18,24991,1111009477,89,78,78,132.61,1.49,1.49,0,0,0
2009-02-25,24991,1111009477,101,84,83,150.49,1.49,1.49,0,0,0
2009-03-04,24991,1111009477,100,89,89,147.0,1.47,1.47,0,0,0
2009-03-11,24991,1111009477,96,82,80,141.12,1.47,1.47,0,0,0
2009-03-18,24991,1111009477,114,98,94,167.58,1.47,1.47,0,1,0
2009-03-25,24991,1111009477,142,124,121,210.16,1.48,1.47,0,1,0
2009-04-01,24991,1111009477,153,131,129,226.44,1.48,1.47,0,1,0
2009-04-08,24991,1111009477,139,131,128,207.11,1.49,1.47,0,1,0
2009-04-15,24991,1111009477,80,66,65,120.0,1.5,1.47,0,1,0
2009-04-22,24991,1111009477,119,84,83,177.31,1.49,1.47,0,1,0
2009-04-29,24991,1111009477,97,81,80,144.53,1.49,1.49,0,0,0
2009-05-06,24991,1111009477,108,93,92,162.0,1.5,1.5,0,0,0
2009-05-13,24991,1111009477,94,83,83,140.06,1.49,1.5,0,1,0
2009-01-14,24991,1111009497,107,95,94,147.66,1.38,1.38,0,0,0
2009-01-21,24991,1111009497,91,86,85,125.58,1.38,1.38,0,1,0
2009-01-28,24991,1111009497,79,74,74,109.02,1.38,1.38,0,0,0
2009-02-04,24991,1111009497,89,84,82,122.82,1.38,1.38,0,0,0
2009-02-11,24991,1111009497,86,80,79,127.28,1.48,1.48,0,0,0
2009-02-18,24991,1111009497,116,104,104,174.0,1.5,1.5,0,0,0
2009-02-25,24991,1111009497,95,85,85,141.55,1.49,1.49,0,0,0
2009-03-04,24991,1111009497,99,88,88,146.52,1.48,1.48,0,0,0
2009-03-11,24991,1111009497,103,91,90,150.38,1.46,1.46,0,0,0
2009-03-18,24991,1111009497,109,100,100,162.41,1.49,1.49,0,0,0
2009-03-25,24991,1111009497,144,129,127,214.56,1.49,1.49,0,1,0
2009-04-01,24991,1111009497,147,138,136,219.03,1.49,1.49,0,1,0
2009-04-08,24991,1111009497,163,148,146,241.24,1.48,1.49,0,1,0
2009-04-15,24991,1111009497,90,85,83,134.1,1.49,1.49,0,1,0
2009-04-22,24991,1111009497,85,78,77,126.65,1.49,1.49,0,1,0
2009-04-29,24991,1111009497,103,90,87,152.44,1.48,1.49,0,1,0
2009-05-06,24991,1111009497,96,88,86,143.04,1.49,1.49,0,1,0
2009-05-13,24991,1111009497,118,109,109,175.82,1.49,1.49,0,1,0
2009-01-14,24991,1600027527,116,111,109,353.8,3.05,3.05,0,0,0
2009-01-21,24991,1600027527,85,83,81,271.15,3.19,3.19,0,0,0
2009-01-28,24991,1600027527,104,98,97,331.76,3.19,3.19,0,0,0
2009-02-04,24991,1600027527,105,100,99,334.95,3.19,3.19,0,0,0
2009-02-11,24991,1600027527,1006,799,776,1680.02,1.67,3.19,1,0,0
2009-02-18,24991,1600027527,670,559,545,1092.1,1.63,3.19,0,0,1
2009-02-25,24991,1600027527,479,371,365,780.77,1.63,3.19,1,1,0
2009-03-04,24991,1600027527,118,96,96,192.34,1.63,3.19,0,0,1
2009-03-11,24991,1600027527,120,112,112,366.0,3.05,3.05,0,0,0
2009-03-18,24991,1600027527,118,111,107,363.44,3.08,3.08,0,0,0
2009-03-25,24991,1600027527,100,97,96,303.0,3.03,3.03,0,0,0
2009-04-01,24991,1600027527,106,107,106,315.88,2.98,2.98,0,0,0
2009-04-08,24991,1600027527,117,111,109,367.38,3.14,3.14,0,0,0
2009-04-15,24991,1600027527,103,97,95,325.48,3.16,3.16,0,0,0
2009-04-22,24991,1600027527,100,97,96,306.0,3.06,3.06,0,0,0
2009-04-29,24991,1600027527,88,84,83,280.72,3.19,3.19,0,0,0
2009-05-06,24991,1600027527,361,288,280,729.22,2.02,3.19,1,1,0
2009-05-13,24991,1600027527,112,107,104,356.16,3.18,3.18,0,0,0
2009-01-14,24991,1600027564,198,168,167,471.24,2.38,2.84,1,0,0
2009-01-21,24991,1600027564,138,127,124,368.46,2.67,2.84,0,1,0
2009-01-28,24991,1600027564,86,80,80,273.48,3.18,3.18,0,0,0
2009-02-04,24991,1600027564,102,96,92,325.38,3.19,3.19,0,0,0
2009-02-11,24991,1600027564,112,104,101,231.84,2.07,3.19,0,0,1
2009-02-18,24991,1600027564,156,146,141,258.96,1.66,3.19,0,0,1
2009-02-25,24991,1600027564,142,132,132,298.2,2.1,3.19,0,0,1
2009-03-04,24991,1600027564,130,120,117,287.3,2.21,3.19,0,0,1
2009-03-11,24991,1600027564,137,121,117,365.79,2.67,3.19,0,0,1
2009-03-18,24991,1600027564,109,103,100,286.67,2.63,3.19,0,0,1
2009-03-25,24991,1600027564,120,112,111,344.4,2.87,2.87,0,0,0
2009-04-01,24991,1600027564,121,110,110,335.17,2.77,2.77,0,0,0
2009-04-08,24991,1600027564,135,122,115,369.9,2.74,2.74,0,0,0
2009-04-15,24991,1600027564,125,115,112,357.5,2.86,2.86,0,0,0
2009-04-22,24991,1600027564,126,114,107,347.76,2.76,2.76,0,0,0
2009-04-29,24991,1600027564,108,105,103,343.44,3.18,3.18,0,0,0
2009-05-06,24991,1600027564,98,91,88,312.62,3.19,3.19,0,0,0
2009-05-13,24991,1600027564,101,94,89,322.19,3.19,3.19,0,0,0
2009-01-14,24991,3800031838,69,68,67,198.03,2.87,2.87,0,0,0
2009-01-21,24991,3800031838,60,58,56,179.4,2.99,2.99,0,0,0
2009-01-28,24991,3800031838,51,50,49,152.49,2.99,2.99,0,0,0
2009-02-04,24991,3800031838,67,66,66,200.33,2.99,2.99,0,0,0
2009-02-11,24991,3800031838,53,53,53,117.13,2.21,2.99,0,0,1
2009-02-18,24991,3800031838,54,52,52,114.48,2.12,2.99,0,0,1
2009-02-25,24991,3800031838,49,48,48,123.48,2.52,2.99,0,0,1
2009-03-04,24991,3800031838,46,46,45,125.12,2.72,2.72,0,0,0
2009-03-11,24991,3800031838,50,47,46,135.0,2.7,2.7,0,0,0
2009-03-18,24991,3800031838,58,57,57,161.82,2.79,2.79,0,0,0
2009-03-25,24991,3800031838,53,51,51,143.63,2.71,2.71,0,0,0
2009-04-01,24991,3800031838,50,50,49,146.5,2.93,2.93,0,0,0
2009-04-08,24991,3800031838,92,88,87,265.88,2.89,2.89,0,0,0
2009-04-15,24991,3800031838,61,60,60,173.24,2.84,2.84,0,0,0
2009-04-22,24991,3800031838,45,45,45,134.55,2.99,2.99,0,0,0
2009-04-29,24991,3800031838,41,41,39,122.59,2.99,2.99,0,0,0
2009-05-06,24991,3800031838,49,47,45,146.51,2.99,2.99,0,0,0
2009-05-13,24991,3800031838,214,201,195,430.14,2.01,2.99,1,1,0
2009-01-14,25001,1111009477,33,32,32,45.21,1.37,1.37,0,0,0
2009-01-21,25001,1111009477,41,36,35,56.58,1.38,1.37,0,1,0
2009-01-28,25001,1111009477,25,22,22,34.5,1.38,1.37,0,1,0
2009-02-04,25001,1111009477,30,28,28,41.4,1.38,1.37,0,1,0
2009-02-11,25001,1111009477,27,26,26,39.69,1.47,1.47,0,0,0
2009-02-18,25001,1111009477,24,21,21,35.52,1.48,1.47,0,1,0
2009-02-25,25001,1111009477,32,25,24,48.0,1.5,1.47,0,1,0
2009-03-04,25001,1111009477,31,24,24,46.19,1.49,1.47,0,1,0
2009-03-11,25001,1111009477,47,44,44,69.09,1.47,1.47,0,1,0
2009-03-18,25001,1111009477,42,41,41,61.74,1.47,1.47,0,1,0
2009-03-25,25001,1111009477,39,34,34,58.5,1.5,1.47,0,1,0
2009-04-01,25001,1111009477,54,48,47,79.92,1.48,1.47,0,1,0
2009-04-08,25001,1111009477,64,57,56,95.36,1.49,1.49,0,0,0
2009-04-15,25001,1111009477,40,38,38,59.6,1.49,1.49,0,1,0
2009-04-22,25001,1111009477,40,36,35,50.0,1.25,1.49,0,0,1
2009-04-29,25001,1111009477,30,26,26,37.5,1.25,1.49,0,0,1
2009-05-06,25001,1111009477,29,27,27,36.25,1.25,1.49,0,0,1
2009-05-13,25001,1111009477,26,25,25,32.5,1.25,1.49,0,0,1
2009-01-14,25001,1111009497,44,42,40,60.72,1.38,1.59,0,0,1
2009-01-21,25001,1111009497,37,35,34,51.43,1.39,1.59,0,1,0
2009-01-28,25001,1111009497,49,44,42,68.11,1.39,1.59,0,0,1
2009-02-04,25001,1111009497,48,46,46,66.24,1.38,1.38,0,0,0
2009-02-11,25001,1111009497,45,36,36,66.6,1.48,1.38,0,1,0
2009-02-18,25001,1111009497,32,29,28,47.36,1.48,1.38,0,1,0
2009-02-25,25001,1111009497,32,29,29,47.68,1.49,1.49,0,0,0
2009-03-04,25001,1111009497,34,29,28,51.0,1.5,1.5,0,0,0
2009-03-11,25001,1111009497,40,37,36,59.6,1.49,1.49,0,0,0
2009-03-18,25001,1111009497,40,38,38,59.6,1.49,1.49,0,1,0
2009-03-25,25001,1111009497,32,29,28,48.0,1.5,1.49,0,1,0
2009-04-01,25001,1111009497,35,32,32,52.5,1.5,1.5,0,0,0
2009-04-08,25001,1111009497,49,46,46,72.03,1.47,1.5,0,1,0
2009-04-15,25001,1111009497,48,42,42,72.0,1.5,1.5,0,1,0
2009-04-22,25001,1111009497,38,34,34,47.5,1.25,1.5,0,0,1
2009-04-29,25001,1111009497,36,34,34,44.64,1.24,1.5,0,0,1
2009-05-06,25001,1111009497,37,35,34,45.88,1.24,1.5,0,0,1
2009-05-13,25001,1111009497,42,37,37,51.24,1.22,1.5,0,0,1
2009-01-14,25001,1600027527,27,27,27,86.13,3.19,3.19,0,0,0
2009-01-21,25001,1600027527,19,19,19,60.61,3.19,3.19,0,0,0
2009-01-28,25001,1600027527,23,22,22,73.37,3.19,3.19,0,0,0
2009-02-04,25001,1600027527,29,27,27,90.77,3.13,3.13,0,0,0
2009-02-11,25001,1600027527,378,302,289,631.26,1.67,3.13,1,0,0
2009-02-18,25001,1600027527,273,230,221,444.99,1.63,3.13,0,1,0
2009-02-25,25001,1600027527,270,214,206,445.5,1.65,3.13,1,1,0
2009-03-04,25001,1600027527,53,47,47,88.51,1.67,3.13,0,1,0
2009-03-11,25001,1600027527,37,35,33,105.45,2.85,2.85,0,0,0
2009-03-18,25001,1600027527,30,26,26,92.4,3.08,3.08,0,0,0
2009-03-25,25001,1600027527,24,21,21,70.08,2.92,2.92,0,0,0
2009-04-01,25001,1600027527,26,26,24,80.08,3.08,3.08,0,0,0
2009-04-08,25001,1600027527,30,30,29,86.1,2.87,2.87,0,0,0
2009-04-15,25001,1600027527,26,24,24,79.82,3.07,3.07,0,0,0
2009-04-22,25001,1600027527,25,25,25,76.5,3.06,3.06,0,0,0
2009-04-29,25001,1600027527,23,22,22,73.37,3.19,3.19,0,0,0
2009-05-06,25001,1600027527,102,76,75,204.0,2.0,3.19,1,0,0
2009-05-13,25001,1600027527,36,36,36,113.4,3.15,3.15,0,0,0
2009-01-14,25001,3800031838,25,25,25,72.5,2.9,2.9,0,0,0
2009-01-21,25001,3800031838,18,17,17,53.28,2.96,2.96,0,0,0
2009-01-28,25001,3800031838,24,22,22,71.04,2.96,2.96,0,0,0
2009-02-04,25001,3800031838,26,26,25,76.96,2.96,2.96,0,0,0
2009-02-11,25001,3800031838,15,15,14,38.55,2.57,2.96,0,0,1
2009-02-18,25001,3800031838,16,16,16,38.56,2.41,2.96,0,0,1
2009-02-25,25001,3800031838,13,13,13,35.49,2.73,2.73,0,0,0
2009-03-04,25001,3800031838,16,16,15,41.44,2.59,2.59,0,0,0
2009-03-11,25001,3800031838,20,20,20,50.4,2.52,2.52,0,0,0
2009-03-18,25001,3800031838,21,20,20,59.22,2.82,2.82,0,0,0
2009-03-25,25001,3800031838,29,28,28,85.84,2.96,2.96,0,0,0
2009-04-01,25001,3800031838,20,20,20,53.2,2.66,2.96,0,0,1
2009-04-08,25001,3800031838,35,35,34,97.65,2.79,2.79,0,0,0
2009-04-15,25001,3800031838,18,17,17,50.4,2.8,2.8,0,0,0
2009-04-22,25001,3800031838,24,24,24,62.16,2.59,2.59,0,0,0
2009-04-29,25001,3800031838,14,14,14,41.44,2.96,2.96,0,0,0
2009-05-06,25001,3800031838,34,34,34,100.64,2.96,2.96,0,0,0
2009-05-13,25001,3800031838,161,151,147,320.39,1.99,2.96,1,1,0
2009-01-14,25021,1111009477,62,58,55,85.56,1.38,1.38,0,0,0
2009-01-21,25021,1111009477,50,49,48,69.0,1.38,1.38,0,0,0
2009-01-28,25021,1111009477,44,39,38,60.72,1.38,1.38,0,0,0
2009-02-04,25021,1111009477,61,56,53,83.57,1.37,1.37,0,0,0
2009-02-11,25021,1111009477,53,48,46,78.97,1.49,1.49,0,0,0
2009-02-18,25021,1111009477,56,45,44,83.44,1.49,1.49,0,0,0
2009-02-25,25021,1111009477,55,46,45,82.5,1.5,1.5,0,0,0
2009-03-04,25021,1111009477,40,37,34,59.6,1.49,1.49,0,0,0
2009-03-11,25021,1111009477,59,51,47,87.91,1.49,1.49,0,0,0
2009-03-18,25021,1111009477,44,41,40,64.68,1.47,1.47,0,0,0
2009-03-25,25021,1111009477,37,34,34,55.5,1.5,1.5,0,0,0
2009-04-01,25021,1111009477,35,29,26,50.4,1.44,1.44,0,0,0
2009-04-08,25021,1111009477,41,31,28,61.5,1.5,1.5,0,0,0
2009-04-15,25021,1111009477,39,33,33,58.11,1.49,1.49,0,0,0
2009-04-22,25021,1111009477,41,39,35,61.09,1.49,1.49,0,0,0
2009-04-29,25021,1111009477,43,37,33,62.35,1.45,1.45,0,0,0
2009-05-06,25021,1111009477,52,43,41,77.48,1.49,1.49,0,0,0
2009-05-13,25021,1111009477,54,45,43,78.3,1.45,1.45,0,0,0
2009-01-14,25021,1600027527,33,29,28,105.27,3.19,3.19,0,0,0
2009-01-21,25021,1600027527,45,45,40,140.4,3.12,3.12,0,0,0
2009-01-28,25021,1600027527,35,33,33,111.65,3.19,3.19,0,0,0
2009-02-04,25021,1600027527,91,86,84,283.01,3.11,3.11,0,0,0
2009-02-11,25021,1600027527,659,515,487,1100.53,1.67,3.11,1,1,0
2009-02-18,25021,1600027527,407,325,313,675.62,1.66,3.11,0,0,1
2009-02-25,25021,1600027527,329,265,259,539.56,1.64,3.11,1,0,0
2009-03-04,25021,1600027527,36,28,28,60.84,1.69,3.11,0,1,0
2009-03-11,25021,1600027527,53,40,38,139.39,2.63,3.11,0,0,1
2009-03-18,25021,1600027527,27,27,27,79.65,2.95,2.95,0,0,0
2009-03-25,25021,1600027527,27,27,27,86.13,3.19,3.19,0,0,0
2009-04-01,25021,1600027527,43,41,41,133.73,3.11,3.11,0,0,0
2009-04-08,25021,1600027527,31,31,31,92.38,2.98,2.98,0,0,0
2009-04-15,25021,1600027527,32,30,30,102.08,3.19,3.19,0,0,0
2009-04-22,25021,1600027527,35,31,29,111.65,3.19,3.19,0,0,0
2009-04-29,25021,1600027527,37,35,35,118.03,3.19,3.19,0,0,0
2009-05-06,25021,1600027527,154,110,109,311.08,2.02,3.19,1,1,0
2009-05-13,25021,1600027527,28,27,27,76.16,2.72,3.19,0,0,1
