EN/S08_09_Retail_Analytics/data/cereals_data_filtered.csv
WEEK_END_DATE,STORE_NUM,UPC,UNITS,VISITS,HHS,SPEND,PRICE,BASE_PRICE,FEATURE,DISPLAY,TPR_ONLY
2009-01-14,25021,1600027564,74,59,49,176.86,2.39,2.92,1,0,0
2009-01-21,25021,1600027564,26,26,19,73.58,2.83,2.83,0,0,0
2009-01-28,25021,1600027564,43,39,31,136.74,3.18,3.18,0,0,0
2009-02-04,25021,1600027564,46,44,32,146.74,3.19,3.19,0,0,0
2009-02-11,25021,1600027564,62,60,51,107.26,1.73,3.19,0,0,1
2009-02-18,25021,1600027564,53,51,41,84.8,1.6,3.19,0,0,1
2009-02-25,25021,1600027564,46,44,36,94.3,2.05,3.19,0,0,1
2009-03-04,25021,1600027564,48,46,37,93.6,1.95,3.19,0,0,1
2009-03-11,25021,1600027564,62,54,36,162.44,2.62,3.19,0,0,1
2009-03-18,25021,1600027564,42,37,26,112.14,2.67,3.19,0,0,1
2009-03-25,25021,1600027564,43,39,30,101.91,2.37,2.37,0,0,0
2009-04-01,25021,1600027564,38,36,30,102.22,2.69,2.69,0,0,0
2009-04-08,25021,1600027564,55,51,38,168.85,3.07,3.07,0,0,0
2009-04-15,25021,1600027564,46,40,30,124.2,2.7,3.07,0,0,1
2009-04-22,25021,1600027564,20,19,17,56.8,2.84,2.84,0,0,0
2009-04-29,25021,1600027564,29,26,22,92.51,3.19,3.19,0,0,0
2009-05-06,25021,1600027564,38,34,22,121.22,3.19,3.19,0,0,0
2009-05-13,25021,1600027564,55,47,34,143.55,2.61,3.19,0,0,1
2009-01-14,25021,3800031838,52,51,51,143.52,2.76,2.76,0,0,0
2009-01-21,25021,3800031838,35,35,35,104.65,2.99,2.99,0,0,0
2009-01-28,25021,3800031838,53,49,48,158.47,2.99,2.99,0,0,0
2009-02-04,25021,3800031838,45,44,42,134.55,2.99,2.99,0,0,0
2009-02-11,25021,3800031838,52,50,49,128.44,2.47,2.99,0,0,1
2009-02-18,25021,3800031838,20,20,20,41.8,2.09,2.99,0,0,1
2009-02-25,25021,3800031838,29,27,27,80.62,2.78,2.78,0,0,0
2009-03-04,25021,3800031838,21,21,21,53.76,2.56,2.56,0,0,0
2009-03-11,25021,3800031838,28,30,30,71.68,2.56,2.56,0,0,0
2009-03-18,25021,3800031838,27,27,27,77.76,2.88,2.88,0,0,0
2009-03-25,25021,3800031838,30,29,29,77.7,2.59,2.88,0,0,1
2009-04-01,25021,3800031838,38,37,34,110.58,2.91,2.91,0,0,0
2009-04-08,25021,3800031838,41,40,40,121.77,2.97,2.97,0,0,0
2009-04-15,25021,3800031838,39,37,37,110.76,2.84,2.84,0,0,0
2009-04-22,25021,3800031838,35,33,33,104.65,2.99,2.99,0,0,0
2009-04-29,25021,3800031838,31,28,28,92.69,2.99,2.99,0,0,0
2009-05-06,25021,3800031838,48,48,48,143.52,2.99,2.99,0,0,0
2009-05-13,25021,3800031838,278,239,230,556.0,2.0,2.99,1,1,0
2009-01-14,25027,1111009477,166,151,149,229.08,1.38,1.49,0,1,0
2009-01-21,25027,1111009477,175,156,154,241.5,1.38,1.49,0,1,0
2009-01-28,25027,1111009477,158,144,139,218.04,1.38,1.49,0,1,0
2009-02-04,25027,1111009477,184,163,163,252.08,1.37,1.49,0,1,0
2009-02-11,25027,1111009477,199,170,164,294.52,1.48,1.49,0,1,0
2009-02-18,25027,1111009477,176,154,150,258.72,1.47,1.49,0,1,0
2009-02-25,25027,1111009477,179,163,159,266.71,1.49,1.49,0,1,0
2009-03-04,25027,1111009477,178,155,150,261.66,1.47,1.49,0,1,0
2009-03-11,25027,1111009477,188,171,169,276.36,1.47,1.49,0,1,0
2009-03-18,25027,1111009477,187,164,162,278.63,1.49,1.49,0,1,0
2009-03-25,25027,1111009477,231,201,197,341.88,1.48,1.49,0,1,0
2009-04-01,25027,1111009477,229,195,192,338.92,1.48,1.49,0,1,0
2009-04-08,25027,1111009477,184,160,158,270.48,1.47,1.49,0,1,0
2009-04-15,25027,1111009477,184,149,147,270.48,1.47,1.47,0,0,0
2009-04-22,25027,1111009477,110,92,90,162.8,1.48,1.48,0,0,0
2009-04-29,25027,1111009477,119,102,100,176.12,1.48,1.48,0,0,0
2009-05-06,25027,1111009477,130,110,109,193.7,1.49,1.49,0,0,0
2009-05-13,25027,1111009477,136,112,110,201.28,1.48,1.48,0,0,0
2009-01-14,25027,1600027527,70,65,65,200.9,2.87,2.87,0,0,0
2009-01-21,25027,1600027527,78,70,68,248.82,3.19,3.19,0,0,0
2009-01-28,25027,1600027527,80,75,72,255.2,3.19,3.19,0,0,0
2009-02-04,25027,1600027527,92,85,80,293.48,3.19,3.19,0,0,0
2009-02-11,25027,1600027527,1800,1340,1286,2952.0,1.64,3.19,1,1,0
2009-02-18,25027,1600027527,1054,839,815,1686.4,1.6,3.19,0,1,0
2009-02-25,25027,1600027527,1136,860,824,1863.04,1.64,3.19,1,1,0
2009-03-04,25027,1600027527,354,262,261,584.1,1.65,3.19,0,1,0
2009-03-11,25027,1600027527,73,70,70,210.97,2.89,2.89,0,0,0
2009-03-18,25027,1600027527,106,99,99,303.16,2.86,2.86,0,0,0
2009-03-25,25027,1600027527,107,94,93,318.86,2.98,2.98,0,0,0
2009-04-01,25027,1600027527,87,79,79,264.48,3.04,3.04,0,0,0
2009-04-08,25027,1600027527,88,79,78,274.56,3.12,3.12,0,0,0
2009-04-15,25027,1600027527,89,77,76,267.89,3.01,3.01,0,0,0
2009-04-22,25027,1600027527,78,73,73,227.76,2.92,2.92,0,0,0
2009-04-29,25027,1600027527,89,80,80,275.01,3.09,3.09,0,0,0
2009-05-06,25027,1600027527,414,298,295,828.0,2.0,3.09,1,1,0
2009-05-13,25027,1600027527,94,83,82,297.04,3.16,3.16,0,0,0
2009-01-14,25027,1600027564,181,141,140,454.31,2.51,3.14,1,0,0
2009-01-21,25027,1600027564,79,74,72,208.56,2.64,3.14,0,0,1
2009-01-28,25027,1600027564,69,59,58,220.11,3.19,3.19,0,0,0
2009-02-04,25027,1600027564,97,88,83,309.43,3.19,3.19,0,0,0
2009-02-11,25027,1600027564,109,108,104,123.17,1.13,3.19,0,0,1
2009-02-18,25027,1600027564,121,116,115,122.21,1.01,3.19,0,0,1
2009-02-25,25027,1600027564,106,96,94,178.08,1.68,3.19,0,0,1
2009-03-04,25027,1600027564,115,100,98,271.4,2.36,3.19,0,0,1
2009-03-11,25027,1600027564,131,114,108,299.99,2.29,3.19,0,0,1
2009-03-18,25027,1600027564,99,91,87,245.52,2.48,3.19,0,0,1
2009-03-25,25027,1600027564,109,101,97,273.59,2.51,2.51,0,0,0
2009-04-01,25027,1600027564,116,101,95,312.04,2.69,2.69,0,0,0
2009-04-08,25027,1600027564,116,101,96,338.72,2.92,2.92,0,0,0
2009-04-15,25027,1600027564,94,88,84,223.72,2.38,2.92,0,0,1
2009-04-22,25027,1600027564,96,92,88,255.36,2.66,2.66,0,0,0
2009-04-29,25027,1600027564,85,80,76,267.75,3.15,3.15,0,0,0
2009-05-06,25027,1600027564,73,68,64,232.87,3.19,3.19,0,0,0
2009-05-13,25027,1600027564,84,81,78,267.96,3.19,3.19,0,0,0
2009-01-14,25229,1600027564,31,28,27,88.04,2.84,2.84,0,0,0
2009-01-21,25229,1600027564,75,59,58,200.25,2.67,2.84,1,1,0
2009-01-28,25229,1600027564,36,35,34,113.04,3.14,3.14,0,0,0
2009-02-04,25229,1600027564,30,30,30,94.2,3.14,3.14,0,0,0
2009-02-11,25229,1600027564,39,37,37,81.51,2.09,3.14,0,0,1
2009-02-18,25229,1600027564,44,41,41,100.32,2.28,3.14,0,0,1
2009-02-25,25229,1600027564,47,46,46,109.98,2.34,3.14,0,0,1
2009-03-04,25229,1600027564,32,32,32,88.0,2.75,3.14,0,1,0
2009-03-11,25229,1600027564,45,40,39,128.7,2.86,2.86,0,0,0
2009-03-18,25229,1600027564,37,37,37,97.31,2.63,2.63,0,0,0
2009-03-25,25229,1600027564,46,42,41,132.02,2.87,2.87,0,0,0
2009-04-01,25229,1600027564,36,33,33,103.68,2.88,2.88,0,0,0
2009-04-08,25229,1600027564,38,35,35,110.2,2.9,2.9,0,0,0
2009-04-15,25229,1600027564,37,33,33,109.89,2.97,2.97,0,0,0
2009-04-22,25229,1600027564,32,32,32,91.52,2.86,2.86,0,0,0
2009-04-29,25229,1600027564,36,35,35,113.04,3.14,3.14,0,0,0
2009-05-06,25229,1600027564,28,28,28,87.92,3.14,3.14,0,0,0
2009-01-14,25229,3800031838,41,41,41,112.75,2.75,2.75,0,0,0
2009-01-21,25229,3800031838,55,54,54,158.95,2.89,2.89,0,0,0
2009-01-28,25229,3800031838,35,34,34,101.15,2.89,2.89,0,0,0
2009-02-04,25229,3800031838,44,44,44,127.16,2.89,2.89,0,0,0
2009-02-11,25229,3800031838,43,42,42,118.68,2.76,2.76,0,0,0
2009-02-18,25229,3800031838,37,36,36,95.46,2.58,2.58,0,0,0
2009-02-25,25229,3800031838,41,41,41,115.62,2.82,2.82,0,0,0
2009-03-04,25229,3800031838,43,41,41,118.68,2.76,2.76,0,0,0
2009-03-11,25229,3800031838,47,46,46,133.01,2.83,2.83,0,0,0
2009-03-18,25229,3800031838,44,43,43,115.72,2.63,2.63,0,0,0
2009-03-25,25229,3800031838,45,44,44,130.05,2.89,2.89,0,0,0
2009-04-01,25229,3800031838,41,40,40,109.88,2.68,2.68,0,0,0
2009-04-08,25229,3800031838,48,48,46,132.96,2.77,2.77,0,0,0
2009-04-15,25229,3800031838,46,45,45,126.96,2.76,2.76,0,0,0
2009-04-22,25229,3800031838,37,37,36,101.01,2.73,2.73,0,0,0
2009-04-29,25229,3800031838,31,30,30,89.59,2.89,2.89,0,0,0
2009-05-06,25229,3800031838,42,40,39,120.12,2.86,2.86,0,0,0
2009-01-14,25233,1111009497,23,20,19,26.91,1.17,1.17,0,0,0
2009-01-21,25233,1111009497,27,24,22,27.0,1.0,1.17,1,0,0
2009-01-28,25233,1111009497,22,20,20,21.56,0.98,1.17,0,0,1
2009-02-04,25233,1111009497,19,17,16,22.42,1.18,1.18,0,0,0
2009-02-11,25233,1111009497,11,10,10,12.98,1.18,1.18,0,0,0
2009-02-18,25233,1111009497,12,12,12,14.16,1.18,1.18,0,0,0
2009-02-25,25233,1111009497,24,18,18,28.32,1.18,1.18,0,0,0
2009-03-04,25233,1111009497,25,25,25,24.75,0.99,1.18,1,0,0
2009-03-11,25233,1111009497,12,12,10,14.4,1.2,1.2,0,0,0
2009-03-18,25233,1111009497,5,5,5,5.95,1.19,1.19,0,0,0
2009-03-25,25233,1111009497,15,12,12,17.55,1.17,1.17,0,0,0
2009-04-01,25233,1111009497,23,16,15,27.14,1.18,1.18,0,0,0
2009-04-08,25233,1111009497,23,20,20,27.14,1.18,1.18,0,0,0
2009-04-15,25233,1111009497,18,16,16,21.24,1.18,1.18,0,0,0
2009-04-22,25233,1111009497,21,15,14,24.78,1.18,1.18,0,0,0
2009-04-29,25233,1111009497,15,13,12,17.55,1.17,1.17,0,0,0
2009-05-06,25233,1111009497,22,19,19,25.74,1.17,1.17,0,0,0
2009-01-14,25233,3800031838,36,36,34,101.16,2.81,2.81,0,0,0
2009-01-21,25233,3800031838,52,48,46,150.28,2.89,2.89,0,0,0
2009-01-28,25233,3800031838,47,47,44,135.83,2.89,2.89,0,0,0
2009-02-04,25233,3800031838,62,62,57,179.18,2.89,2.89,0,0,0
2009-02-11,25233,3800031838,55,54,52,133.1,2.42,2.89,0,0,1
2009-02-18,25233,3800031838,59,57,56,161.66,2.74,2.74,0,0,0
2009-02-25,25233,3800031838,37,36,34,101.01,2.73,2.73,0,0,0
2009-03-04,25233,3800031838,63,61,61,167.58,2.66,2.66,0,0,0
2009-03-11,25233,3800031838,46,46,46,126.96,2.76,2.76,0,0,0
2009-03-18,25233,3800031838,61,60,58,173.24,2.84,2.84,0,0,0
2009-03-25,25233,3800031838,42,42,40,118.44,2.82,2.82,0,0,0
2009-04-01,25233,3800031838,46,46,46,130.18,2.83,2.83,0,0,0
2009-04-08,25233,3800031838,46,44,44,130.18,2.83,2.83,0,0,0
2009-04-15,25233,3800031838,46,45,44,130.18,2.83,2.83,0,0,0
2009-04-22,25233,3800031838,38,37,37,106.78,2.81,2.81,0,0,0
2009-04-29,25233,3800031838,29,29,28,83.81,2.89,2.89,0,0,0
2009-05-06,25233,3800031838,50,49,48,144.5,2.89,2.89,0,0,0
2009-01-14,25253,1111009497,51,46,42,62.22,1.22,1.21,0,1,0
2009-01-21,25253,1111009497,85,71,69,84.15,0.99,1.21,1,1,0
2009-01-28,25253,1111009497,48,43,39,47.04,0.98,1.21,0,1,0
2009-02-04,25253,1111009497,20,17,14,24.0,1.2,1.21,0,1,0
2009-02-11,25253,1111009497,44,41,37,54.12,1.23,1.21,0,1,0
2009-02-18,25253,1111009497,34,31,29,41.48,1.22,1.22,0,0,0
2009-02-25,25253,1111009497,35,33,31,34.3,0.98,1.22,0,1,0
2009-03-04,25253,1111009497,57,46,45,55.86,0.98,1.22,1,1,0
2009-03-11,25253,1111009497,32,31,30,32.64,1.02,1.22,0,1,0
2009-03-18,25253,1111009497,13,13,10,12.22,0.94,1.22,0,0,1
2009-03-25,25253,1111009497,32,29,26,38.72,1.21,1.21,0,0,0
2009-04-01,25253,1111009497,21,19,17,23.31,1.11,1.11,0,0,0
2009-04-08,25253,1111009497,21,14,13,25.83,1.23,1.23,0,0,0
2009-04-15,25253,1111009497,29,24,24,35.09,1.21,1.21,0,0,0
2009-04-22,25253,1111009497,34,27,27,36.04,1.06,1.21,0,1,0
2009-04-29,25253,1111009497,37,35,35,36.26,0.98,1.21,0,1,0
2009-05-06,25253,1111009497,29,24,24,34.51,1.19,1.21,0,1,0
2009-01-14,25253,1600027527,24,23,23,73.44,3.06,3.06,0,0,0
2009-01-21,25253,1600027527,16,16,16,51.04,3.19,3.19,0,0,0
2009-01-28,25253,1600027527,21,17,17,66.99,3.19,3.19,0,0,0
2009-02-04,25253,1600027527,38,32,26,121.22,3.19,3.19,0,0,0
2009-02-11,25253,1600027527,516,327,319,851.4,1.65,3.19,1,1,0
2009-02-18,25253,1600027527,226,159,159,366.12,1.62,3.19,0,1,0
2009-02-25,25253,1600027527,268,187,181,447.56,1.67,3.19,1,1,0
2009-03-04,25253,1600027527,96,67,66,160.32,1.67,3.19,0,1,0
2009-03-11,25253,1600027527,28,28,28,78.12,2.79,3.19,0,0,1
2009-03-18,25253,1600027527,18,18,18,54.18,3.01,3.01,0,0,0
2009-03-25,25253,1600027527,17,16,16,54.23,3.19,3.19,0,0,0
2009-04-01,25253,1600027527,23,21,20,73.37,3.19,3.19,0,0,0
2009-04-08,25253,1600027527,27,24,24,79.65,2.95,2.95,0,0,0
2009-04-15,25253,1600027527,24,21,21,76.56,3.19,3.19,0,0,0
2009-04-22,25253,1600027527,23,20,19,73.37,3.19,3.19,0,0,0
2009-04-29,25253,1600027527,19,18,18,60.61,3.19,3.19,0,0,0
2009-05-06,25253,1600027527,79,54,54,155.63,1.97,3.19,1,0,0
2009-01-14,25253,1600027564,19,17,17,54.15,2.85,3.19,0,0,1
2009-01-21,25253,1600027564,32,27,27,86.08,2.69,3.19,1,0,0
2009-01-28,25253,1600027564,15,14,14,47.85,3.19,3.19,0,0,0
2009-02-04,25253,1600027564,8,8,8,25.52,3.19,3.19,0,0,0
2009-02-11,25253,1600027564,26,26,26,28.6,1.1,3.19,0,0,1
2009-02-18,25253,1600027564,21,21,21,28.77,1.37,3.19,0,0,1
2009-02-25,25253,1600027564,21,20,20,44.73,2.13,3.19,0,0,1
2009-03-04,25253,1600027564,23,22,22,51.06,2.22,3.19,0,0,1
2009-03-11,25253,1600027564,20,19,19,41.4,2.07,3.19,0,0,1
2009-03-18,25253,1600027564,5,5,5,15.95,3.19,3.19,0,0,0
2009-03-25,25253,1600027564,9,9,9,15.93,1.77,3.19,0,0,1
2009-04-01,25253,1600027564,18,16,16,51.12,2.84,3.19,0,0,1
2009-04-08,25253,1600027564,9,9,9,28.71,3.19,3.19,0,0,0
2009-04-15,25253,1600027564,12,14,13,38.28,3.19,3.19,0,0,0
2009-04-22,25253,1600027564,19,16,16,51.49,2.71,3.19,0,0,1
2009-04-29,25253,1600027564,16,16,16,51.04,3.19,3.19,0,0,0
2009-05-06,25253,1600027564,15,16,16,35.1,2.34,3.19,0,0,1
2009-01-14,25253,3800031838,10,10,10,26.9,2.69,2.69,0,0,0
2009-01-21,25253,3800031838,5,5,5,14.95,2.99,2.99,0,0,0
2009-01-28,25253,3800031838,10,10,10,29.9,2.99,2.99,0,0,0
2009-02-04,25253,3800031838,16,16,16,47.84,2.99,2.99,0,0,0
2009-02-11,25253,3800031838,25,24,24,47.75,1.91,2.99,0,0,1
2009-02-18,25253,3800031838,13,13,13,32.89,2.53,2.99,0,0,1
2009-02-25,25253,3800031838,13,13,13,38.87,2.99,2.99,0,0,0
2009-03-04,25253,3800031838,12,12,12,26.88,2.24,2.99,0,0,1
2009-03-11,25253,3800031838,14,14,13,41.86,2.99,2.99,0,0,0
2009-03-18,25253,3800031838,19,16,16,56.81,2.99,2.99,0,0,0
2009-03-25,25253,3800031838,12,11,11,32.88,2.74,2.74,0,0,0
2009-04-01,25253,3800031838,11,11,9,29.92,2.72,2.72,0,0,0
2009-04-08,25253,3800031838,13,13,13,35.88,2.76,2.76,0,0,0
2009-04-15,25253,3800031838,15,15,15,44.85,2.99,2.99,0,0,0
2009-04-22,25253,3800031838,11,11,11,29.92,2.72,2.72,0,0,0
2009-04-29,25253,3800031838,14,13,13,41.86,2.99,2.99,0,0,0
2009-05-06,25253,3800031838,20,19,19,56.8,2.84,2.84,0,0,0
2009-01-14,25261,1111009477,53,47,45,64.66,1.22,1.22,0,1,0
2009-01-21,25261,1111009477,95,85,83,93.1,0.98,1.22,1,1,0
2009-01-28,25261,1111009477,99,92,89,98.01,0.99,1.22,0,0,1
2009-02-04,25261,1111009477,55,51,50,67.65,1.23,1.22,0,1,0
2009-02-11,25261,1111009477,40,35,35,48.4,1.21,1.22,0,1,0
2009-02-18,25261,1111009477,49,45,45,59.78,1.22,1.22,0,1,0
2009-02-25,25261,1111009477,57,50,48,69.54,1.22,1.22,0,1,0
2009-03-04,25261,1111009477,65,47,46,61.1,0.94,1.22,1,0,0
2009-03-11,25261,1111009477,38,35,34,46.36,1.22,1.22,0,0,0
2009-03-18,25261,1111009477,30,28,27,36.6,1.22,1.22,0,0,0
2009-03-25,25261,1111009477,43,34,33,50.74,1.18,1.22,0,1,0
2009-04-01,25261,1111009477,48,39,39,59.04,1.23,1.23,0,0,0
2009-04-08,25261,1111009477,50,39,37,60.5,1.21,1.23,0,1,0
2009-04-15,25261,1111009477,40,34,34,49.2,1.23,1.23,0,1,0
2009-04-22,25261,1111009477,61,49,47,74.42,1.22,1.23,0,1,0
2009-04-29,25261,1111009477,41,35,35,50.84,1.24,1.24,0,0,0
2009-05-06,25261,1111009477,43,34,34,52.46,1.22,1.24,0,1,0
2009-01-14,25261,1111009497,74,69,69,91.02,1.23,1.22,0,1,0
2009-01-21,25261,1111009497,134,118,118,129.98,0.97,1.22,1,1,0
2009-01-28,25261,1111009497,78,56,56,75.66,0.97,1.22,0,1,0
2009-02-04,25261,1111009497,57,49,49,70.11,1.23,1.22,0,1,0
2009-02-11,25261,1111009497,55,48,48,66.55,1.21,1.22,0,1,0
2009-02-18,25261,1111009497,60,55,55,73.8,1.23,1.22,0,1,0
2009-02-25,25261,1111009497,68,60,60,82.28,1.21,1.22,0,1,0
2009-03-04,25261,1111009497,65,52,51,61.75,0.95,1.22,1,0,0
2009-03-11,25261,1111009497,53,38,38,62.01,1.17,1.17,0,0,0
2009-03-18,25261,1111009497,64,58,58,76.16,1.19,1.19,0,0,0
2009-03-25,25261,1111009497,40,43,43,49.2,1.23,1.19,0,1,0
2009-04-01,25261,1111009497,61,55,54,73.2,1.2,1.2,0,0,0
2009-04-08,25261,1111009497,52,44,44,62.92,1.21,1.2,0,1,0
2009-04-15,25261,1111009497,71,56,54,85.2,1.2,1.2,0,1,0
2009-04-22,25261,1111009497,58,50,50,69.02,1.19,1.2,0,1,0
2009-04-29,25261,1111009497,53,50,49,64.66,1.22,1.2,0,1,0
2009-05-06,25261,1111009497,45,40,40,54.9,1.22,1.2,0,1,0
2009-01-14,25261,1600027527,48,46,46,146.88,3.06,3.06,0,0,0
2009-01-21,25261,1600027527,40,37,36,127.6,3.19,3.19,0,0,0
2009-01-28,25261,1600027527,52,49,49,165.88,3.19,3.19,0,0,0
2009-02-04,25261,1600027527,43,43,43,132.44,3.08,3.08,0,0,0
2009-02-11,25261,1600027527,450,274,269,738.0,1.64,3.08,1,1,0
2009-02-18,25261,1600027527,230,170,167,370.3,1.61,3.08,0,1,0
2009-02-25,25261,1600027527,274,186,184,452.1,1.65,3.08,1,0,0
2009-03-04,25261,1600027527,111,84,83,185.37,1.67,3.08,0,1,0
2009-03-11,25261,1600027527,52,49,49,165.88,3.19,3.19,0,0,0
2009-03-18,25261,1600027527,48,45,45,143.52,2.99,2.99,0,0,0
2009-03-25,25261,1600027527,35,35,35,105.35,3.01,3.01,0,0,0
2009-04-01,25261,1600027527,45,44,44,140.4,3.12,3.12,0,0,0
2009-04-08,25261,1600027527,43,42,42,130.72,3.04,3.04,0,0,0
2009-04-15,25261,1600027527,49,49,49,156.31,3.19,3.19,0,0,0
2009-04-22,25261,1600027527,34,33,33,108.46,3.19,3.19,0,0,0
2009-04-29,25261,1600027527,48,46,46,153.12,3.19,3.19,0,0,0
2009-05-06,25261,1600027527,179,140,138,358.0,2.0,3.19,1,0,0
2009-01-14,25261,1600027564,31,28,28,89.28,2.88,2.88,0,0,0
2009-01-21,25261,1600027564,51,45,45,135.66,2.66,2.88,1,1,0
2009-01-28,25261,1600027564,14,14,14,44.66,3.19,3.19,0,0,0
2009-02-04,25261,1600027564,21,19,19,64.05,3.05,3.05,0,0,0
2009-02-11,25261,1600027564,45,45,45,44.55,0.99,3.05,0,0,1
2009-02-18,25261,1600027564,27,27,26,47.79,1.77,3.05,0,0,1
2009-02-25,25261,1600027564,30,27,27,60.6,2.02,3.05,0,0,1
2009-03-04,25261,1600027564,32,28,28,79.68,2.49,3.05,0,0,1
2009-03-11,25261,1600027564,22,22,22,54.34,2.47,3.05,0,0,1
2009-03-18,25261,1600027564,18,18,18,47.88,2.66,3.05,0,0,1
2009-03-25,25261,1600027564,24,24,24,73.44,3.06,3.06,0,0,0
2009-04-01,25261,1600027564,21,21,21,54.18,2.58,3.06,0,0,1
2009-04-08,25261,1600027564,26,23,23,76.44,2.94,2.94,0,0,0
2009-04-15,25261,1600027564,22,18,18,58.96,2.68,2.68,0,0,0
2009-04-22,25261,1600027564,26,23,23,63.7,2.45,2.45,0,0,0
2009-04-29,25261,1600027564,19,18,17,60.61,3.19,3.19,0,0,0
2009-05-06,25261,1600027564,31,27,27,98.89,3.19,3.19,0,0,0
