EN/S08_09_Retail_Analytics/data/cereals_data_filtered.csv
WEEK_END_DATE,STORE_NUM,UPC,UNITS,VISITS,HHS,SPEND,PRICE,BASE_PRICE,FEATURE,DISPLAY,TPR_ONLY
2009-01-14,25261,3800031838,29,29,29,86.71,2.99,2.99,0,0,0
2009-01-21,25261,3800031838,17,17,17,50.83,2.99,2.99,0,0,0
2009-01-28,25261,3800031838,26,25,25,77.74,2.99,2.99,0,0,0
2009-02-04,25261,3800031838,20,19,19,59.8,2.99,2.99,0,0,0
2009-02-11,25261,3800031838,20,20,20,44.8,2.24,2.99,0,0,1
2009-02-18,25261,3800031838,27,26,26,71.82,2.66,2.99,0,0,1
2009-02-25,25261,3800031838,17,17,17,47.77,2.81,2.81,0,0,0
2009-03-04,25261,3800031838,18,18,18,53.82,2.99,2.99,0,0,0
2009-03-11,25261,3800031838,20,20,20,59.8,2.99,2.99,0,0,0
2009-03-18,25261,3800031838,25,22,22,74.75,2.99,2.99,0,0,0
2009-03-25,25261,3800031838,21,21,19,62.79,2.99,2.99,0,0,0
2009-04-01,25261,3800031838,25,25,25,71.75,2.87,2.87,0,0,0
2009-04-08,25261,3800031838,34,32,32,98.6,2.9,2.9,0,0,0
2009-04-15,25261,3800031838,27,25,24,80.73,2.99,2.99,0,0,0
2009-04-22,25261,3800031838,26,24,23,77.74,2.99,2.99,0,0,0
2009-04-29,25261,3800031838,26,25,25,77.74,2.99,2.99,0,0,0
2009-05-06,25261,3800031838,14,14,14,40.88,2.92,2.92,0,0,0
2009-01-14,26973,1111009497,92,86,86,126.96,1.38,1.38,0,1,0
2009-01-21,26973,1111009497,97,92,90,133.86,1.38,1.38,0,1,0
2009-01-28,26973,1111009497,102,98,97,140.76,1.38,1.38,0,1,0
2009-02-04,26973,1111009497,106,98,97,146.28,1.38,1.38,0,1,0
2009-02-11,26973,1111009497,95,87,87,141.55,1.49,1.38,0,1,0
2009-02-18,26973,1111009497,109,96,95,162.41,1.49,1.38,0,1,0
2009-02-25,26973,1111009497,111,96,94,165.39,1.49,1.38,0,1,0
2009-03-04,26973,1111009497,84,77,77,124.32,1.48,1.38,0,1,0
2009-03-11,26973,1111009497,108,96,96,158.76,1.47,1.38,0,1,0
2009-03-18,26973,1111009497,87,80,79,128.76,1.48,1.38,0,1,0
2009-03-25,26973,1111009497,113,97,97,168.37,1.49,1.38,0,1,0
2009-04-01,26973,1111009497,113,99,92,168.37,1.49,1.38,0,1,0
2009-04-08,26973,1111009497,106,98,96,156.88,1.48,1.38,0,1,0
2009-04-15,26973,1111009497,92,78,78,135.24,1.47,1.38,0,1,0
2009-04-22,26973,1111009497,100,92,92,150.0,1.5,1.38,0,1,0
2009-04-29,26973,1111009497,85,77,77,126.65,1.49,1.38,0,1,0
2009-05-06,26973,1111009497,115,100,100,171.35,1.49,1.38,0,1,0
2009-01-14,26973,1600027527,35,33,33,105.35,3.01,3.01,0,0,0
2009-01-21,26973,1600027527,36,29,29,114.84,3.19,3.19,0,0,0
2009-01-28,26973,1600027527,38,35,35,121.22,3.19,3.19,0,0,0
2009-02-04,26973,1600027527,51,47,47,162.69,3.19,3.19,0,0,0
2009-02-11,26973,1600027527,649,503,492,1083.83,1.67,3.19,1,0,0
2009-02-18,26973,1600027527,527,443,434,859.01,1.63,3.19,0,1,0
2009-02-25,26973,1600027527,614,494,482,994.68,1.62,3.19,1,1,0
2009-03-04,26973,1600027527,114,81,80,190.38,1.67,3.19,0,1,0
2009-03-11,26973,1600027527,27,26,26,76.68,2.84,3.19,0,0,1
2009-03-18,26973,1600027527,49,41,41,140.14,2.86,3.19,0,0,1
2009-03-25,26973,1600027527,53,49,48,161.12,3.04,3.04,0,0,0
2009-04-01,26973,1600027527,38,33,32,118.18,3.11,3.11,0,0,0
2009-04-08,26973,1600027527,50,47,46,156.5,3.13,3.13,0,0,0
2009-04-15,26973,1600027527,58,54,53,175.74,3.03,3.03,0,0,0
2009-04-22,26973,1600027527,46,45,45,140.3,3.05,3.05,0,0,0
2009-04-29,26973,1600027527,41,39,39,130.79,3.19,3.19,0,0,0
2009-05-06,26973,1600027527,184,130,130,369.84,2.01,3.19,1,0,0
2009-01-14,26973,1600027564,149,130,128,376.97,2.53,2.97,1,0,0
2009-01-21,26973,1600027564,60,54,53,161.4,2.69,2.69,0,0,0
2009-01-28,26973,1600027564,36,33,33,114.48,3.18,3.18,0,0,0
2009-02-04,26973,1600027564,62,59,58,197.78,3.19,3.19,0,0,0
2009-02-11,26973,1600027564,47,45,45,122.2,2.6,3.19,0,0,1
2009-02-18,26973,1600027564,68,63,63,76.84,1.13,3.19,0,0,1
2009-02-25,26973,1600027564,68,63,63,114.24,1.68,3.19,0,0,1
2009-03-04,26973,1600027564,65,63,61,156.0,2.4,3.19,0,0,1
2009-03-11,26973,1600027564,69,69,69,162.15,2.35,3.19,0,0,1
2009-03-18,26973,1600027564,51,49,48,130.56,2.56,3.19,0,0,1
2009-03-25,26973,1600027564,71,67,66,200.93,2.83,2.83,0,0,0
2009-04-01,26973,1600027564,76,68,67,223.44,2.94,2.94,0,0,0
2009-04-08,26973,1600027564,71,66,64,178.92,2.52,2.94,0,0,1
2009-04-15,26973,1600027564,58,56,56,162.98,2.81,2.81,0,0,0
2009-04-22,26973,1600027564,55,50,50,156.2,2.84,2.84,0,0,0
2009-04-29,26973,1600027564,44,41,41,134.2,3.05,3.05,0,0,0
2009-05-06,26973,1600027564,38,34,34,121.22,3.19,3.19,0,0,0
2009-01-14,26973,3800031838,21,21,21,59.85,2.85,2.85,0,0,0
2009-01-21,26973,3800031838,39,39,38,116.61,2.99,2.99,0,0,0
2009-01-28,26973,3800031838,36,34,34,106.2,2.95,2.95,0,0,0
2009-02-04,26973,3800031838,40,36,36,119.6,2.99,2.99,0,0,0
2009-02-11,26973,3800031838,32,31,30,83.84,2.62,2.99,0,1,0
2009-02-18,26973,3800031838,42,41,41,71.82,1.71,2.99,0,0,1
2009-02-25,26973,3800031838,21,21,21,35.91,1.71,2.99,0,0,1
2009-03-04,26973,3800031838,14,14,14,31.36,2.24,2.99,0,0,1
2009-03-11,26973,3800031838,26,25,25,59.8,2.3,2.99,0,0,1
2009-03-18,26973,3800031838,31,26,26,85.87,2.77,2.77,0,0,0
2009-03-25,26973,3800031838,30,29,29,80.7,2.69,2.69,0,0,0
2009-04-01,26973,3800031838,31,30,30,89.59,2.89,2.89,0,0,0
2009-04-08,26973,3800031838,37,32,31,104.34,2.82,2.82,0,0,0
2009-04-15,26973,3800031838,38,37,37,112.1,2.95,2.95,0,0,0
2009-04-22,26973,3800031838,36,35,35,107.64,2.99,2.99,0,0,0
2009-04-29,26973,3800031838,31,30,29,92.69,2.99,2.99,0,0,0
2009-05-06,26973,3800031838,26,25,25,77.74,2.99,2.99,0,0,0
2009-01-14,26981,1111009497,48,41,41,66.72,1.39,1.39,0,0,0
2009-01-21,26981,1111009497,50,45,43,69.5,1.39,1.39,0,0,0
2009-01-28,26981,1111009497,65,55,53,89.7,1.38,1.38,0,0,0
2009-02-04,26981,1111009497,70,62,61,97.3,1.39,1.39,0,0,0
2009-02-11,26981,1111009497,49,43,42,73.5,1.5,1.5,0,0,0
2009-02-18,26981,1111009497,66,54,53,99.0,1.5,1.5,0,0,0
2009-02-25,26981,1111009497,63,54,53,94.5,1.5,1.5,0,0,0
2009-03-04,26981,1111009497,44,38,37,64.68,1.47,1.47,0,0,0
2009-03-11,26981,1111009497,71,54,53,105.08,1.48,1.47,0,1,0
2009-03-18,26981,1111009497,56,45,43,84.0,1.5,1.47,0,1,0
2009-03-25,26981,1111009497,77,69,68,113.96,1.48,1.47,0,1,0
2009-04-01,26981,1111009497,86,75,73,129.0,1.5,1.47,0,1,0
2009-04-08,26981,1111009497,106,100,99,157.94,1.49,1.47,0,1,0
2009-04-15,26981,1111009497,48,40,39,72.0,1.5,1.47,0,1,0
2009-04-22,26981,1111009497,58,50,47,72.5,1.25,1.47,0,1,0
2009-04-29,26981,1111009497,56,46,46,70.0,1.25,1.47,0,1,0
2009-05-06,26981,1111009497,50,44,43,61.5,1.23,1.47,0,1,0
2009-01-14,26981,1600027564,92,75,73,230.92,2.51,3.01,1,0,0
2009-01-21,26981,1600027564,66,59,56,178.86,2.71,2.71,0,0,0
2009-01-28,26981,1600027564,36,31,27,114.84,3.19,3.19,0,0,0
2009-02-04,26981,1600027564,53,45,38,169.07,3.19,3.19,0,0,0
2009-02-11,26981,1600027564,62,56,49,184.76,2.98,2.98,0,0,0
2009-02-18,26981,1600027564,69,63,59,89.01,1.29,2.98,0,0,1
2009-02-25,26981,1600027564,52,49,46,105.04,2.02,2.98,0,0,1
2009-03-04,26981,1600027564,61,53,50,127.49,2.09,2.98,0,0,1
2009-03-11,26981,1600027564,65,62,62,136.5,2.1,2.98,0,0,1
2009-03-18,26981,1600027564,58,48,45,146.74,2.53,2.98,0,0,1
2009-03-25,26981,1600027564,62,56,53,153.14,2.47,2.98,0,0,1
2009-04-01,26981,1600027564,56,49,49,132.16,2.36,2.36,0,0,0
2009-04-08,26981,1600027564,62,58,52,172.36,2.78,2.78,0,0,0
2009-04-15,26981,1600027564,56,51,48,140.0,2.5,2.78,0,0,1
2009-04-22,26981,1600027564,45,37,36,134.1,2.98,2.98,0,0,0
2009-04-29,26981,1600027564,39,37,33,124.41,3.19,3.19,0,0,0
2009-05-06,26981,1600027564,50,46,38,159.5,3.19,3.19,0,0,0
2009-01-14,26981,3800031838,33,33,33,92.73,2.81,2.81,0,0,0
2009-01-21,26981,3800031838,44,42,41,131.56,2.99,2.99,0,0,0
2009-01-28,26981,3800031838,42,39,39,125.58,2.99,2.99,0,0,0
2009-02-04,26981,3800031838,40,40,39,118.0,2.95,2.95,0,0,0
2009-02-11,26981,3800031838,22,21,21,56.76,2.58,2.95,0,0,1
2009-02-18,26981,3800031838,32,31,29,62.72,1.96,2.95,0,0,1
2009-02-25,26981,3800031838,26,26,25,39.0,1.5,2.95,0,0,1
2009-03-04,26981,3800031838,19,18,18,47.88,2.52,2.95,0,0,1
2009-03-11,26981,3800031838,18,17,17,44.82,2.49,2.95,0,0,1
2009-03-18,26981,3800031838,13,13,13,32.89,2.53,2.95,0,0,1
2009-03-25,26981,3800031838,19,19,19,47.88,2.52,2.52,0,0,0
2009-04-01,26981,3800031838,15,17,17,37.05,2.47,2.47,0,0,0
2009-04-08,26981,3800031838,37,37,37,110.63,2.99,2.99,0,0,0
2009-04-15,26981,3800031838,34,33,33,92.82,2.73,2.73,0,0,0
2009-04-22,26981,3800031838,30,30,30,85.2,2.84,2.84,0,0,0
2009-04-29,26981,3800031838,18,18,18,53.82,2.99,2.99,0,0,0
2009-05-06,26981,3800031838,21,21,21,62.79,2.99,2.99,0,0,0
2009-01-14,26983,1111009477,68,64,64,94.52,1.39,1.25,0,1,0
2009-01-21,26983,1111009477,78,72,72,108.42,1.39,1.25,0,1,0
2009-01-28,26983,1111009477,54,50,50,75.06,1.39,1.25,0,1,0
2009-02-04,26983,1111009477,85,76,75,118.15,1.39,1.25,0,1,0
2009-02-11,26983,1111009477,72,69,67,107.28,1.49,1.25,0,1,0
2009-02-18,26983,1111009477,60,53,52,90.0,1.5,1.25,0,1,0
2009-02-25,26983,1111009477,61,54,52,91.5,1.5,1.25,0,1,0
2009-03-04,26983,1111009477,47,44,44,70.5,1.5,1.25,0,1,0
2009-03-11,26983,1111009477,74,68,68,111.0,1.5,1.25,0,1,0
2009-03-18,26983,1111009477,56,49,48,83.44,1.49,1.49,0,0,0
2009-03-25,26983,1111009477,63,60,58,93.87,1.49,1.49,0,1,0
2009-04-01,26983,1111009477,66,58,57,98.34,1.49,1.49,0,1,0
2009-04-08,26983,1111009477,95,84,84,142.5,1.5,1.49,0,1,0
2009-04-15,26983,1111009477,40,39,38,59.6,1.49,1.49,0,1,0
2009-04-22,26983,1111009477,62,59,58,76.88,1.24,1.49,0,1,0
2009-04-29,26983,1111009477,77,71,70,96.25,1.25,1.49,0,1,0
2009-05-06,26983,1111009477,60,52,50,74.4,1.24,1.49,0,1,0
2009-01-14,26983,1600027527,74,72,71,229.4,3.1,3.1,0,0,0
2009-01-21,26983,1600027527,59,58,56,188.21,3.19,3.19,0,0,0
2009-01-28,26983,1600027527,40,39,38,127.6,3.19,3.19,0,0,0
2009-02-04,26983,1600027527,68,67,66,216.92,3.19,3.19,0,0,0
2009-02-11,26983,1600027527,638,483,456,1071.84,1.68,3.19,1,1,0
2009-02-18,26983,1600027527,167,138,132,275.55,1.65,3.19,0,1,0
2009-02-25,26983,1600027527,317,252,245,513.54,1.62,3.19,1,1,0
2009-03-04,26983,1600027527,53,47,47,87.98,1.66,3.19,0,1,0
2009-03-11,26983,1600027527,132,123,121,407.88,3.09,3.19,0,1,0
2009-03-18,26983,1600027527,78,68,67,244.14,3.13,3.19,0,1,0
2009-03-25,26983,1600027527,73,62,62,229.95,3.15,3.15,0,0,0
2009-04-01,26983,1600027527,50,46,43,159.5,3.19,3.19,0,0,0
2009-04-08,26983,1600027527,72,71,69,220.32,3.06,3.06,0,0,0
2009-04-15,26983,1600027527,68,61,59,210.8,3.1,3.1,0,0,0
2009-04-22,26983,1600027527,46,43,42,146.74,3.19,3.19,0,0,0
2009-04-29,26983,1600027527,40,37,37,127.6,3.19,3.19,0,0,0
2009-05-06,26983,1600027527,198,148,147,397.98,2.01,3.19,1,1,0
2009-01-14,26983,1600027564,47,44,44,115.15,2.45,3.01,1,0,0
2009-01-21,26983,1600027564,39,38,35,106.08,2.72,3.01,0,1,0
2009-01-28,26983,1600027564,22,20,18,59.84,2.72,3.01,0,1,0
2009-02-04,26983,1600027564,39,38,31,124.41,3.19,3.01,0,1,0
2009-02-11,26983,1600027564,43,42,29,137.17,3.19,3.19,0,0,0
2009-02-18,26983,1600027564,46,45,43,79.58,1.73,3.19,0,0,1
2009-02-25,26983,1600027564,41,40,34,80.77,1.97,3.19,0,0,1
2009-03-04,26983,1600027564,40,35,28,98.8,2.47,3.19,0,0,1
2009-03-11,26983,1600027564,46,44,38,102.12,2.22,3.19,0,0,1
2009-03-18,26983,1600027564,40,39,33,95.6,2.39,3.19,0,0,1
2009-03-25,26983,1600027564,38,35,26,111.72,2.94,2.94,0,0,0
2009-04-01,26983,1600027564,40,35,31,114.8,2.87,2.87,0,0,0
2009-04-08,26983,1600027564,60,57,44,178.8,2.98,2.98,0,0,0
2009-04-15,26983,1600027564,49,41,29,143.57,2.93,2.93,0,0,0
2009-04-22,26983,1600027564,41,37,34,118.08,2.88,2.88,0,0,0
2009-04-29,26983,1600027564,32,30,30,102.08,3.19,3.19,0,0,0
2009-05-06,26983,1600027564,36,33,21,114.84,3.19,3.19,0,0,0
2009-01-14,26983,3800031838,131,127,122,387.76,2.96,2.96,0,0,0
2009-01-21,26983,3800031838,120,116,116,355.2,2.96,2.96,0,0,0
2009-01-28,26983,3800031838,52,52,51,153.92,2.96,2.96,0,0,0
2009-02-04,26983,3800031838,79,77,76,233.84,2.96,2.96,0,0,0
2009-02-11,26983,3800031838,130,127,125,384.8,2.96,2.96,0,0,0
2009-02-18,26983,3800031838,62,61,61,153.76,2.48,2.96,0,0,1
2009-02-25,26983,3800031838,78,77,75,209.82,2.69,2.69,0,0,0
2009-03-04,26983,3800031838,58,57,56,168.78,2.91,2.91,0,0,0
2009-03-11,26983,3800031838,124,116,115,364.56,2.94,2.94,0,0,0
2009-03-18,26983,3800031838,83,82,81,230.74,2.78,2.78,0,0,0
2009-03-25,26983,3800031838,87,84,83,257.52,2.96,2.96,0,0,0
2009-04-01,26983,3800031838,66,64,63,192.72,2.92,2.92,0,0,0
2009-04-08,26983,3800031838,126,122,119,372.96,2.96,2.96,0,0,0
2009-04-15,26983,3800031838,95,93,92,275.5,2.9,2.9,0,0,0
2009-04-22,26983,3800031838,70,68,68,204.4,2.92,2.92,0,0,0
2009-04-29,26983,3800031838,55,53,52,162.8,2.96,2.96,0,0,0
2009-05-06,26983,3800031838,84,78,77,248.64,2.96,2.96,0,0,0
2009-01-14,27175,1111009477,32,28,28,37.44,1.17,1.17,0,1,0
2009-01-21,27175,1111009477,48,44,44,47.04,0.98,1.17,1,1,0
2009-01-28,27175,1111009477,39,31,31,38.61,0.99,1.17,0,1,0
2009-02-04,27175,1111009477,38,35,35,44.46,1.17,1.17,0,0,0
2009-02-11,27175,1111009477,53,50,50,62.01,1.17,1.17,0,1,0
2009-02-18,27175,1111009477,41,41,41,47.97,1.17,1.17,0,0,0
2009-02-25,27175,1111009477,52,49,49,60.84,1.17,1.17,0,1,0
2009-03-04,27175,1111009477,114,100,100,112.86,0.99,1.17,1,1,0
2009-03-11,27175,1111009477,48,45,45,55.68,1.16,1.17,0,1,0
2009-03-18,27175,1111009477,24,20,20,26.64,1.11,1.11,0,0,0
2009-03-25,27175,1111009477,27,19,19,30.78,1.14,1.14,0,0,0
2009-04-01,27175,1111009477,31,31,31,36.58,1.18,1.18,0,0,0
2009-04-08,27175,1111009477,23,19,19,27.14,1.18,1.18,0,0,0
2009-04-15,27175,1111009477,26,22,21,30.16,1.16,1.16,0,0,0
2009-04-22,27175,1111009477,22,21,21,25.96,1.18,1.18,0,0,0
2009-04-29,27175,1111009477,34,32,32,39.44,1.16,1.16,0,0,0
2009-05-06,27175,1111009477,25,24,24,29.5,1.18,1.18,0,0,0
2009-01-14,27175,1111009497,45,40,40,52.65,1.17,1.18,0,1,0
2009-01-21,27175,1111009497,57,46,45,56.43,0.99,1.18,1,0,0
2009-01-28,27175,1111009497,34,31,31,33.66,0.99,1.18,0,0,1
2009-02-04,27175,1111009497,45,40,40,52.65,1.17,1.17,0,0,0
2009-02-11,27175,1111009497,38,38,38,44.46,1.17,1.17,0,0,0
2009-02-18,27175,1111009497,52,49,48,61.36,1.18,1.18,0,0,0
2009-02-25,27175,1111009497,69,65,62,81.42,1.18,1.18,0,1,0
2009-03-04,27175,1111009497,132,117,117,129.36,0.98,1.18,1,0,0
2009-03-11,27175,1111009497,33,30,30,38.94,1.18,1.18,0,1,0
2009-03-18,27175,1111009497,26,22,20,28.6,1.1,1.1,0,0,0
2009-03-25,27175,1111009497,25,22,22,29.75,1.19,1.19,0,0,0
2009-04-01,27175,1111009497,33,30,30,38.61,1.17,1.17,0,0,0
2009-04-08,27175,1111009497,38,34,34,44.84,1.18,1.18,0,0,0
2009-04-15,27175,1111009497,22,21,21,25.74,1.17,1.17,0,0,0
2009-04-22,27175,1111009497,27,25,25,31.86,1.18,1.18,0,0,0
2009-04-29,27175,1111009497,28,25,24,33.32,1.19,1.19,0,0,0
2009-05-06,27175,1111009497,39,37,36,44.85,1.15,1.15,0,0,0
2009-01-14,27175,3800031838,25,25,25,66.5,2.66,2.66,0,0,0
2009-01-21,27175,3800031838,22,21,21,63.58,2.89,2.89,0,0,0
2009-01-28,27175,3800031838,20,20,20,57.8,2.89,2.89,0,0,0
2009-02-04,27175,3800031838,24,23,23,69.36,2.89,2.89,0,0,0
2009-02-11,27175,3800031838,31,31,31,86.8,2.8,2.8,0,0,0
2009-02-18,27175,3800031838,27,27,27,60.75,2.25,2.8,0,0,1
2009-02-25,27175,3800031838,22,21,21,55.0,2.5,2.8,0,0,1
2009-03-04,27175,3800031838,19,19,19,49.21,2.59,2.59,0,0,0
2009-03-11,27175,3800031838,34,33,33,95.54,2.81,2.81,0,0,0
2009-03-18,27175,3800031838,21,20,20,57.75,2.75,2.75,0,0,0
2009-03-25,27175,3800031838,28,27,27,75.04,2.68,2.68,0,0,0
2009-04-01,27175,3800031838,27,26,25,78.03,2.89,2.89,0,0,0
2009-04-08,27175,3800031838,25,27,26,69.25,2.77,2.77,0,0,0
2009-04-15,27175,3800031838,25,25,25,69.25,2.77,2.77,0,0,0
2009-04-22,27175,3800031838,24,23,23,69.36,2.89,2.89,0,0,0
2009-04-29,27175,3800031838,19,19,19,54.91,2.89,2.89,0,0,0
2009-05-06,27175,3800031838,31,31,30,89.59,2.89,2.89,0,0,0
2009-01-14,28909,1111009477,98,84,83,135.24,1.38,1.39,0,1,0
2009-01-21,28909,1111009477,85,80,78,117.3,1.38,1.39,0,1,0
2009-01-28,28909,1111009477,94,89,85,129.72,1.38,1.39,0,1,0
2009-02-04,28909,1111009477,94,89,88,129.72,1.38,1.39,0,1,0
2009-02-11,28909,1111009477,99,86,86,144.54,1.46,1.39,0,1,0
2009-02-18,28909,1111009477,91,80,77,135.59,1.49,1.39,0,1,0
2009-02-25,28909,1111009477,78,67,65,116.22,1.49,1.39,0,1,0
2009-03-04,28909,1111009477,71,65,65,105.79,1.49,1.39,0,1,0
2009-03-11,28909,1111009477,95,80,79,139.65,1.47,1.39,0,1,0
2009-03-18,28909,1111009477,79,72,70,114.55,1.45,1.39,0,1,0
2009-03-25,28909,1111009477,65,60,60,95.55,1.47,1.39,0,1,0
2009-04-01,28909,1111009477,66,58,58,98.34,1.49,1.39,0,1,0
2009-04-08,28909,1111009477,78,70,68,115.44,1.48,1.48,0,0,0
2009-04-15,28909,1111009477,57,49,48,84.93,1.49,1.48,0,1,0
2009-04-22,28909,1111009477,54,42,42,78.84,1.46,1.48,0,1,0
2009-04-29,28909,1111009477,60,53,52,89.4,1.49,1.48,0,1,0
2009-05-06,28909,1111009477,78,69,69,116.22,1.49,1.48,0,1,0
2009-01-14,28909,1111009497,123,118,114,169.74,1.38,1.39,0,1,0
2009-01-21,28909,1111009497,103,97,97,142.14,1.38,1.39,0,1,0
2009-01-28,28909,1111009497,85,80,80,117.3,1.38,1.39,0,1,0
2009-02-04,28909,1111009497,108,102,101,149.04,1.38,1.39,0,1,0
2009-02-11,28909,1111009497,92,89,88,135.24,1.47,1.39,0,1,0
2009-02-18,28909,1111009497,89,82,79,132.61,1.49,1.39,0,1,0
2009-02-25,28909,1111009497,89,79,77,131.72,1.48,1.39,0,1,0
2009-03-04,28909,1111009497,63,57,56,94.5,1.5,1.39,0,1,0
2009-03-11,28909,1111009497,85,78,78,126.65,1.49,1.39,0,1,0
2009-03-18,28909,1111009497,68,59,59,99.96,1.47,1.39,0,1,0
2009-03-25,28909,1111009497,79,68,68,116.92,1.48,1.39,0,1,0
2009-04-01,28909,1111009497,61,52,52,88.45,1.45,1.39,0,1,0
2009-04-08,28909,1111009497,97,89,87,144.53,1.49,1.39,0,1,0
2009-04-15,28909,1111009497,74,68,67,110.26,1.49,1.39,0,1,0
2009-04-22,28909,1111009497,65,60,58,97.5,1.5,1.39,0,1,0
2009-04-29,28909,1111009497,54,52,50,78.84,1.46,1.39,0,1,0
2009-05-06,28909,1111009497,97,84,81,144.53,1.49,1.39,0,1,0
