EN/S08_09_Retail_Analytics/data/cereals_data_filtered.csv
WEEK_END_DATE,STORE_NUM,UPC,UNITS,VISITS,HHS,SPEND,PRICE,BASE_PRICE,FEATURE,DISPLAY,TPR_ONLY
2009-01-14,28909,1600027564,136,119,118,329.12,2.42,2.89,1,0,0
2009-01-21,28909,1600027564,76,72,71,202.16,2.66,2.89,0,1,0
2009-01-28,28909,1600027564,51,45,43,160.14,3.14,3.14,0,0,0
2009-02-04,28909,1600027564,65,62,56,207.35,3.19,3.19,0,0,0
2009-02-11,28909,1600027564,64,62,62,73.6,1.15,3.19,0,0,1
2009-02-18,28909,1600027564,77,72,71,76.23,0.99,3.19,0,0,1
2009-02-25,28909,1600027564,75,74,72,105.0,1.4,3.19,0,0,1
2009-03-04,28909,1600027564,74,67,64,111.74,1.51,3.19,0,0,1
2009-03-11,28909,1600027564,58,56,54,146.74,2.53,3.19,0,0,1
2009-03-18,28909,1600027564,56,52,50,124.32,2.22,3.19,0,0,1
2009-03-25,28909,1600027564,60,59,59,169.2,2.82,2.82,0,0,0
2009-04-01,28909,1600027564,60,55,54,175.2,2.92,2.92,0,0,0
2009-04-08,28909,1600027564,74,71,67,194.62,2.63,2.92,0,0,1
2009-04-15,28909,1600027564,71,66,63,188.15,2.65,2.65,0,0,0
2009-04-22,28909,1600027564,56,53,51,146.72,2.62,2.62,0,0,0
2009-04-29,28909,1600027564,65,62,57,207.35,3.19,3.19,0,0,0
2009-05-06,28909,1600027564,43,43,40,137.17,3.19,3.19,0,0,0
2009-01-14,28909,3800031838,57,56,56,164.73,2.89,2.89,0,0,0
2009-01-21,28909,3800031838,58,55,54,173.42,2.99,2.99,0,0,0
2009-01-28,28909,3800031838,34,33,33,101.66,2.99,2.99,0,0,0
2009-02-04,28909,3800031838,44,43,43,131.56,2.99,2.99,0,0,0
2009-02-11,28909,3800031838,23,23,23,50.83,2.21,2.99,0,0,1
2009-02-18,28909,3800031838,27,27,27,38.88,1.44,2.99,0,0,1
2009-02-25,28909,3800031838,21,21,21,35.91,1.71,2.99,0,0,1
2009-03-04,28909,3800031838,26,25,25,68.9,2.65,2.99,0,0,1
2009-03-11,28909,3800031838,25,25,25,50.75,2.03,2.99,0,0,1
2009-03-18,28909,3800031838,35,33,33,95.55,2.73,2.73,0,0,0
2009-03-25,28909,3800031838,43,41,41,119.54,2.78,2.78,0,0,0
2009-04-01,28909,3800031838,37,36,36,107.67,2.91,2.91,0,0,0
2009-04-08,28909,3800031838,51,49,48,149.43,2.93,2.93,0,0,0
2009-04-15,28909,3800031838,39,38,38,116.61,2.99,2.99,0,0,0
2009-04-22,28909,3800031838,36,34,34,107.64,2.99,2.99,0,0,0
2009-04-29,28909,3800031838,33,33,32,98.67,2.99,2.99,0,0,0
2009-05-06,28909,3800031838,40,40,40,119.6,2.99,2.99,0,0,0
2009-01-14,29159,1111009477,10,8,7,12.5,1.25,1.25,0,0,0
2009-01-21,29159,1111009477,16,13,13,15.84,0.99,1.25,1,0,0
2009-01-28,29159,1111009477,10,10,10,9.5,0.95,1.25,0,0,1
2009-02-04,29159,1111009477,10,6,6,12.5,1.25,1.25,0,0,0
2009-02-11,29159,1111009477,9,8,8,10.98,1.22,1.22,0,0,0
2009-02-18,29159,1111009477,7,7,7,8.75,1.25,1.25,0,0,0
2009-02-25,29159,1111009477,13,10,10,16.12,1.24,1.24,0,0,0
2009-03-04,29159,1111009477,19,17,17,17.86,0.94,1.24,1,0,0
2009-03-11,29159,1111009477,11,12,10,11.99,1.09,1.24,0,0,1
2009-03-18,29159,1111009477,7,7,7,8.47,1.21,1.21,0,0,0
2009-03-25,29159,1111009477,8,8,8,9.76,1.22,1.22,0,0,0
2009-04-01,29159,1111009477,8,5,5,10.0,1.25,1.25,0,0,0
2009-04-08,29159,1111009477,5,5,5,6.1,1.22,1.22,0,0,0
2009-04-15,29159,1111009477,10,9,9,12.5,1.25,1.25,0,0,0
2009-04-22,29159,1111009477,5,5,5,6.0,1.2,1.2,0,0,0
2009-04-29,29159,1111009477,5,4,4,6.1,1.22,1.22,0,0,0
2009-05-06,29159,1111009477,7,4,4,7.49,1.07,1.22,0,0,1
2009-01-14,29159,1111009497,25,18,18,30.5,1.22,1.22,0,0,0
2009-01-21,29159,1111009497,46,40,40,45.54,0.99,1.22,1,0,0
2009-01-28,29159,1111009497,33,27,27,32.34,0.98,1.22,0,0,1
2009-02-04,29159,1111009497,22,19,19,27.06,1.23,1.23,0,0,0
2009-02-11,29159,1111009497,35,24,24,43.75,1.25,1.25,0,0,0
2009-02-18,29159,1111009497,34,28,28,41.82,1.23,1.23,0,0,0
2009-02-25,29159,1111009497,42,36,36,51.66,1.23,1.23,0,0,0
2009-03-04,29159,1111009497,57,49,49,57.0,1.0,1.23,1,0,0
2009-03-11,29159,1111009497,39,31,31,48.36,1.24,1.24,0,0,0
2009-03-18,29159,1111009497,30,24,24,36.9,1.23,1.23,0,0,0
2009-03-25,29159,1111009497,30,25,25,36.0,1.2,1.2,0,0,0
2009-04-01,29159,1111009497,42,34,34,51.24,1.22,1.22,0,0,0
2009-04-08,29159,1111009497,31,28,28,35.96,1.16,1.16,0,0,0
2009-04-15,29159,1111009497,29,27,27,35.96,1.24,1.24,0,0,0
2009-04-22,29159,1111009497,31,25,24,37.2,1.2,1.2,0,0,0
2009-04-29,29159,1111009497,38,34,34,47.12,1.24,1.24,0,0,0
2009-05-06,29159,1111009497,36,31,31,44.28,1.23,1.23,0,0,0
2009-01-14,29159,1600027527,61,56,53,185.44,3.04,3.04,0,0,0
2009-01-21,29159,1600027527,43,41,40,137.17,3.19,3.19,0,0,0
2009-01-28,29159,1600027527,42,39,39,133.98,3.19,3.19,0,0,0
2009-02-04,29159,1600027527,36,32,32,114.84,3.19,3.19,0,0,0
2009-02-11,29159,1600027527,422,262,255,687.86,1.63,3.19,1,1,0
2009-02-18,29159,1600027527,301,201,200,487.62,1.62,3.19,0,1,0
2009-02-25,29159,1600027527,381,234,231,628.65,1.65,3.19,1,1,0
2009-03-04,29159,1600027527,192,124,123,320.64,1.67,3.19,0,1,0
2009-03-11,29159,1600027527,58,54,54,180.38,3.11,3.19,0,1,0
2009-03-18,29159,1600027527,49,44,44,149.94,3.06,3.06,0,0,0
2009-03-25,29159,1600027527,65,57,56,200.85,3.09,3.09,0,0,0
2009-04-01,29159,1600027527,43,40,40,134.16,3.12,3.12,0,0,0
2009-04-08,29159,1600027527,63,60,60,197.82,3.14,3.14,0,0,0
2009-04-15,29159,1600027527,43,42,41,137.17,3.19,3.19,0,0,0
2009-04-22,29159,1600027527,46,43,43,146.74,3.19,3.19,0,0,0
2009-04-29,29159,1600027527,44,41,41,140.36,3.19,3.19,0,0,0
2009-05-06,29159,1600027527,228,171,169,451.44,1.98,3.19,1,1,0
2009-01-14,29159,1600027564,29,29,29,86.13,2.97,2.97,0,0,0
2009-01-21,29159,1600027564,47,41,41,125.96,2.68,2.97,1,1,0
2009-01-28,29159,1600027564,30,28,28,95.7,3.19,3.19,0,0,0
2009-02-04,29159,1600027564,29,27,27,92.51,3.19,3.19,0,0,0
2009-02-11,29159,1600027564,43,43,43,54.18,1.26,3.19,0,0,1
2009-02-18,29159,1600027564,40,37,36,76.4,1.91,3.19,0,0,1
2009-02-25,29159,1600027564,44,44,43,99.0,2.25,3.19,0,0,1
2009-03-04,29159,1600027564,33,33,33,89.43,2.71,3.19,0,0,1
2009-03-11,29159,1600027564,45,42,42,121.05,2.69,3.19,0,0,1
2009-03-18,29159,1600027564,38,35,35,111.72,2.94,2.94,0,0,0
2009-03-25,29159,1600027564,38,35,35,111.72,2.94,2.94,0,0,0
2009-04-01,29159,1600027564,32,29,29,98.88,3.09,3.09,0,0,0
2009-04-08,29159,1600027564,26,26,26,63.7,2.45,3.09,0,0,1
2009-04-15,29159,1600027564,36,35,35,95.76,2.66,3.09,0,0,1
2009-04-22,29159,1600027564,34,33,31,99.28,2.92,2.92,0,0,0
2009-04-29,29159,1600027564,39,38,38,124.41,3.19,3.19,0,0,0
2009-05-06,29159,1600027564,21,21,21,60.69,2.89,2.89,0,0,0
2009-01-14,29159,3800031838,35,35,35,99.05,2.83,2.83,0,0,0
2009-01-21,29159,3800031838,36,36,35,107.64,2.99,2.99,0,0,0
2009-01-28,29159,3800031838,39,39,38,116.61,2.99,2.99,0,0,0
2009-02-04,29159,3800031838,29,28,26,86.71,2.99,2.99,0,0,0
2009-02-11,29159,3800031838,36,36,36,80.64,2.24,2.99,0,0,1
2009-02-18,29159,3800031838,25,25,24,71.75,2.87,2.87,0,0,0
2009-02-25,29159,3800031838,30,30,30,80.7,2.69,2.69,0,0,0
2009-03-04,29159,3800031838,33,33,27,89.76,2.72,2.72,0,0,0
2009-03-11,29159,3800031838,29,29,28,80.62,2.78,2.78,0,0,0
2009-03-18,29159,3800031838,19,19,19,56.81,2.99,2.99,0,0,0
2009-03-25,29159,3800031838,24,24,24,65.52,2.73,2.73,0,0,0
2009-04-01,29159,3800031838,25,24,24,72.0,2.88,2.88,0,0,0
2009-04-08,29159,3800031838,24,23,23,71.76,2.99,2.99,0,0,0
2009-04-15,29159,3800031838,23,23,22,68.77,2.99,2.99,0,0,0
2009-04-22,29159,3800031838,24,23,23,71.76,2.99,2.99,0,0,0
2009-04-29,29159,3800031838,31,31,30,92.69,2.99,2.99,0,0,0
2009-05-06,29159,3800031838,32,30,30,92.8,2.9,2.9,0,0,0
